Archive member included to satisfy reference by file (symbol)

c:/program files (x86)/atmel/studio/7.0/toolchain/avr8/avr8-gnu-toolchain/bin/../lib/gcc/avr/4.9.2/../../../../avr/lib/avr6\libm.a(addsf3.o)
                              menu_mgr.o (__addsf3)
c:/program files (x86)/atmel/studio/7.0/toolchain/avr8/avr8-gnu-toolchain/bin/../lib/gcc/avr/4.9.2/../../../../avr/lib/avr6\libm.a(addsf3x.o)
                              c:/program files (x86)/atmel/studio/7.0/toolchain/avr8/avr8-gnu-toolchain/bin/../lib/gcc/avr/4.9.2/../../../../avr/lib/avr6\libm.a(addsf3.o) (__addsf3x)
c:/program files (x86)/atmel/studio/7.0/toolchain/avr8/avr8-gnu-toolchain/bin/../lib/gcc/avr/4.9.2/../../../../avr/lib/avr6\libm.a(cmpsf2.o)
                              menu_mgr.o (__ltsf2)
c:/program files (x86)/atmel/studio/7.0/toolchain/avr8/avr8-gnu-toolchain/bin/../lib/gcc/avr/4.9.2/../../../../avr/lib/avr6\libm.a(divsf3.o)
                              menu_mgr.o (__divsf3)
c:/program files (x86)/atmel/studio/7.0/toolchain/avr8/avr8-gnu-toolchain/bin/../lib/gcc/avr/4.9.2/../../../../avr/lib/avr6\libm.a(divsf3x.o)
                              c:/program files (x86)/atmel/studio/7.0/toolchain/avr8/avr8-gnu-toolchain/bin/../lib/gcc/avr/4.9.2/../../../../avr/lib/avr6\libm.a(divsf3.o) (__divsf3x)
c:/program files (x86)/atmel/studio/7.0/toolchain/avr8/avr8-gnu-toolchain/bin/../lib/gcc/avr/4.9.2/../../../../avr/lib/avr6\libm.a(fixsfsi.o)
                              menu_mgr.o (__fixsfsi)
c:/program files (x86)/atmel/studio/7.0/toolchain/avr8/avr8-gnu-toolchain/bin/../lib/gcc/avr/4.9.2/../../../../avr/lib/avr6\libm.a(fixunssfsi.o)
                              menu_mgr.o (__fixunssfsi)
c:/program files (x86)/atmel/studio/7.0/toolchain/avr8/avr8-gnu-toolchain/bin/../lib/gcc/avr/4.9.2/../../../../avr/lib/avr6\libm.a(floatsisf.o)
                              menu_mgr.o (__floatunsisf)
c:/program files (x86)/atmel/studio/7.0/toolchain/avr8/avr8-gnu-toolchain/bin/../lib/gcc/avr/4.9.2/../../../../avr/lib/avr6\libm.a(fp_cmp.o)
                              c:/program files (x86)/atmel/studio/7.0/toolchain/avr8/avr8-gnu-toolchain/bin/../lib/gcc/avr/4.9.2/../../../../avr/lib/avr6\libm.a(cmpsf2.o) (__fp_cmp)
c:/program files (x86)/atmel/studio/7.0/toolchain/avr8/avr8-gnu-toolchain/bin/../lib/gcc/avr/4.9.2/../../../../avr/lib/avr6\libm.a(fp_inf.o)
                              c:/program files (x86)/atmel/studio/7.0/toolchain/avr8/avr8-gnu-toolchain/bin/../lib/gcc/avr/4.9.2/../../../../avr/lib/avr6\libm.a(addsf3x.o) (__fp_inf)
c:/program files (x86)/atmel/studio/7.0/toolchain/avr8/avr8-gnu-toolchain/bin/../lib/gcc/avr/4.9.2/../../../../avr/lib/avr6\libm.a(fp_nan.o)
                              c:/program files (x86)/atmel/studio/7.0/toolchain/avr8/avr8-gnu-toolchain/bin/../lib/gcc/avr/4.9.2/../../../../avr/lib/avr6\libm.a(addsf3x.o) (__fp_nan)
c:/program files (x86)/atmel/studio/7.0/toolchain/avr8/avr8-gnu-toolchain/bin/../lib/gcc/avr/4.9.2/../../../../avr/lib/avr6\libm.a(fp_pscA.o)
                              c:/program files (x86)/atmel/studio/7.0/toolchain/avr8/avr8-gnu-toolchain/bin/../lib/gcc/avr/4.9.2/../../../../avr/lib/avr6\libm.a(addsf3x.o) (__fp_pscA)
c:/program files (x86)/atmel/studio/7.0/toolchain/avr8/avr8-gnu-toolchain/bin/../lib/gcc/avr/4.9.2/../../../../avr/lib/avr6\libm.a(fp_pscB.o)
                              c:/program files (x86)/atmel/studio/7.0/toolchain/avr8/avr8-gnu-toolchain/bin/../lib/gcc/avr/4.9.2/../../../../avr/lib/avr6\libm.a(addsf3x.o) (__fp_pscB)
c:/program files (x86)/atmel/studio/7.0/toolchain/avr8/avr8-gnu-toolchain/bin/../lib/gcc/avr/4.9.2/../../../../avr/lib/avr6\libm.a(fp_round.o)
                              c:/program files (x86)/atmel/studio/7.0/toolchain/avr8/avr8-gnu-toolchain/bin/../lib/gcc/avr/4.9.2/../../../../avr/lib/avr6\libm.a(addsf3.o) (__fp_round)
c:/program files (x86)/atmel/studio/7.0/toolchain/avr8/avr8-gnu-toolchain/bin/../lib/gcc/avr/4.9.2/../../../../avr/lib/avr6\libm.a(fp_split3.o)
                              c:/program files (x86)/atmel/studio/7.0/toolchain/avr8/avr8-gnu-toolchain/bin/../lib/gcc/avr/4.9.2/../../../../avr/lib/avr6\libm.a(addsf3x.o) (__fp_split3)
c:/program files (x86)/atmel/studio/7.0/toolchain/avr8/avr8-gnu-toolchain/bin/../lib/gcc/avr/4.9.2/../../../../avr/lib/avr6\libm.a(fp_zero.o)
                              c:/program files (x86)/atmel/studio/7.0/toolchain/avr8/avr8-gnu-toolchain/bin/../lib/gcc/avr/4.9.2/../../../../avr/lib/avr6\libm.a(addsf3x.o) (__fp_zero)
c:/program files (x86)/atmel/studio/7.0/toolchain/avr8/avr8-gnu-toolchain/bin/../lib/gcc/avr/4.9.2/../../../../avr/lib/avr6\libm.a(gesf2.o)
                              menu_mgr.o (__gtsf2)
c:/program files (x86)/atmel/studio/7.0/toolchain/avr8/avr8-gnu-toolchain/bin/../lib/gcc/avr/4.9.2/../../../../avr/lib/avr6\libm.a(mulsf3.o)
                              menu_mgr.o (__mulsf3)
[...]
Memory Configuration

Name             Origin             Length             Attributes
text             0x00000000         0x00100000         xr
data             0x00800200         0x0000fe00         rw !x
eeprom           0x00810000         0x00010000         rw !x
fuse             0x00820000         0x00000003         rw !x
lock             0x00830000         0x00000400         rw !x
signature        0x00840000         0x00000400         rw !x
user_signatures  0x00850000         0x00000400         rw !x
*default*        0x00000000         0xffffffff

Linker script and memory map

Address of section .data set to 0x800200
LOAD C:/Program Files (x86)/Atmel/Studio/7.0/Packs/atmel/ATmega_DFP/1.1.130/gcc/dev/atmega2560/avr6/crtatmega2560.o
LOAD arial_bold.o
LOAD arial_normal.o
LOAD backend_methods.o
LOAD BACKUP_STOPS.o
LOAD Button_Z.o
LOAD custom_menu.o
LOAD global_methods.o
LOAD global_variables.o
LOAD keyboard_reader.o
LOAD LCD_mgr.o
LOAD menu_mgr.o
LOAD MIDI_mgr.o
LOAD MIDI_recorder.o
LOAD PROGMEM_address_var.o
LOAD PROGMEM_labels.o
LOAD SD_mgr.o
LOAD Sketch.o
LOAD SpiRAM.o
LOAD Stop.o
LOAD Stop_mgr.o
LOAD SPIPRM.o
LOAD Zecer_mgr.o
LOAD Zecer_stop_mgr.o
LOAD zz_KOMENTARJI.o
START GROUP
LOAD c:/program files (x86)/atmel/studio/7.0/toolchain/avr8/avr8-gnu-toolchain/bin/../lib/gcc/avr/4.9.2/../../../../avr/lib/avr6\libm.a
LOAD C:\Users\Greg\DOCUME~1\ATMELS~2\ACCENT~1.1\ACCENT~1.1\ARDUIN~1\Release\libArduinoCore.a
END GROUP
LOAD c:/program files (x86)/atmel/studio/7.0/toolchain/avr8/avr8-gnu-toolchain/bin/../lib/gcc/avr/4.9.2/avr6\libgcc.a
LOAD c:/program files (x86)/atmel/studio/7.0/toolchain/avr8/avr8-gnu-toolchain/bin/../lib/gcc/avr/4.9.2/../../../../avr/lib/avr6\libm.a
START GROUP
LOAD c:/program files (x86)/atmel/studio/7.0/toolchain/avr8/avr8-gnu-toolchain/bin/../lib/gcc/avr/4.9.2/avr6\libgcc.a
LOAD c:/program files (x86)/atmel/studio/7.0/toolchain/avr8/avr8-gnu-toolchain/bin/../lib/gcc/avr/4.9.2/../../../../avr/lib/avr6\libm.a
LOAD c:/program files (x86)/atmel/studio/7.0/toolchain/avr8/avr8-gnu-toolchain/bin/../lib/gcc/avr/4.9.2/../../../../avr/lib/avr6\libc.a
LOAD C:/Program Files (x86)/Atmel/Studio/7.0/Packs/atmel/ATmega_DFP/1.1.130/gcc/dev/atmega2560/avr6\libatmega2560.a
END GROUP
                0x00100000                __TEXT_REGION_LENGTH__ = DEFINED (__TEXT_REGION_LENGTH__)?__TEXT_REGION_LENGTH__:0x100000
                0x0000fe00                __DATA_REGION_LENGTH__ = DEFINED (__DATA_REGION_LENGTH__)?__DATA_REGION_LENGTH__:0xfe00
                0x00010000                __EEPROM_REGION_LENGTH__ = DEFINED (__EEPROM_REGION_LENGTH__)?__EEPROM_REGION_LENGTH__:0x10000
                [0x00000003]                __FUSE_REGION_LENGTH__ = DEFINED (__FUSE_REGION_LENGTH__)?__FUSE_REGION_LENGTH__:0x400
                0x00000400                __LOCK_REGION_LENGTH__ = DEFINED (__LOCK_REGION_LENGTH__)?__LOCK_REGION_LENGTH__:0x400
                0x00000400                __SIGNATURE_REGION_LENGTH__ = DEFINED (__SIGNATURE_REGION_LENGTH__)?__SIGNATURE_REGION_LENGTH__:0x400
                0x00000400                __USER_SIGNATURE_REGION_LENGTH__ = DEFINED (__USER_SIGNATURE_REGION_LENGTH__)?__USER_SIGNATURE_REGION_LENGTH__:0x400

.hash
 *(.hash)

.dynsym
 *(.dynsym)

.dynstr
 *(.dynstr)

.gnu.version
 *(.gnu.version)

.gnu.version_d
 *(.gnu.version_d)

.gnu.version_r
 *(.gnu.version_r)

.rel.init
 *(.rel.init)

.rela.init
 *(.rela.init)

.rel.text
 *(.rel.text)
 *(.rel.text.*)
 *(.rel.gnu.linkonce.t*)

.rela.text
 *(.rela.text)
 *(.rela.text.*)
 *(.rela.gnu.linkonce.t*)

.rel.fini
 *(.rel.fini)

.rela.fini
 *(.rela.fini)

.rel.rodata
 *(.rel.rodata)
 *(.rel.rodata.*)
 *(.rel.gnu.linkonce.r*)

.rela.rodata
 *(.rela.rodata)
 *(.rela.rodata.*)
 *(.rela.gnu.linkonce.r*)

.rel.data
 *(.rel.data)
 *(.rel.data.*)
 *(.rel.gnu.linkonce.d*)

.rela.data
 *(.rela.data)
 *(.rela.data.*)
 *(.rela.gnu.linkonce.d*)

.rel.ctors
 *(.rel.ctors)

.rela.ctors
 *(.rela.ctors)

.rel.dtors
 *(.rel.dtors)

.rela.dtors
 *(.rela.dtors)

.rel.got
 *(.rel.got)

.rela.got
 *(.rela.got)

.rel.bss
 *(.rel.bss)

.rela.bss
 *(.rela.bss)

.rel.plt
 *(.rel.plt)

.rela.plt
 *(.rela.plt)

.text           0x00000000    0x263a6
 *(.vectors)
 .vectors       0x00000000       0xe4 C:/Program Files (x86)/Atmel/Studio/7.0/Packs/atmel/ATmega_DFP/1.1.130/gcc/dev/atmega2560/avr6/crtatmega2560.o
                0x00000000                __vector_default
                0x00000000                __vectors
 *(.vectors)
 *(.progmem.gcc*)
 .progmem.gcc_sw_table._Z13get_stop_nameh
                0x000000e4       0x52 global_methods.o
 .progmem.gcc_sw_table._Z23drawSlider_double_labelP8MenuItemih
                0x00000136       0x10 menu_mgr.o
 .progmem.gcc_sw_table._Z22draw_mem_bank_selectorP8MenuItemh
                0x00000146       0x20 menu_mgr.o
 .progmem.gcc_sw_table._Z18draw_hist_selectorP8MenuItemh
                0x00000166       0x2e menu_mgr.o
 .progmem.gcc_sw_table._ZN8menu_mgr12check_reverbE6Stringh
                0x00000194       0x36 menu_mgr.o
 .progmem.gcc_sw_table._ZN8MIDI_mgr19equalizer_set_pedalEii
                0x000001ca       0x16 MIDI_mgr.o
 .progmem.gcc_sw_table._ZN8MIDI_mgr13equalizer_setEii
                0x000001e0       0x60 MIDI_mgr.o
 .progmem.gcc_sw_table.setup
                0x00000240       0x10 Sketch.o
 .progmem.gcc_sw_table._Z14on_foot_pistonP8Button_z
                0x00000250       0x1c Zecer_stop_mgr.o
 .progmem.gcc_sw_table._Z14on_buttn_EVENTP8Button_zb
                0x0000026c       0x1a Zecer_stop_mgr.o
 .progmem.gcc_sw_table.attachInterrupt
                0x00000286        0xe C:\Users\Greg\DOCUME~1\ATMELS~2\ACCENT~1.1\ACCENT~1.1\ARDUIN~1\Release\libArduinoCore.a(WInterrupts.o)
 .progmem.gcc_sw_table.turnOffPWM
                0x00000294       0x24 C:\Users\Greg\DOCUME~1\ATMELS~2\ACCENT~1.1\ACCENT~1.1\ARDUIN~1\Release\libArduinoCore.a(wiring_digital.o)
 .progmem.gcc_sw_table._ZN4UTFT5setXYEjjjj
                0x000002b8       0x40 C:\Users\Greg\DOCUME~1\ATMELS~2\ACCENT~1.1\ACCENT~1.1\ARDUIN~1\Release\libArduinoCore.a(UTFT.o)
 .progmem.gcc_sw_table._ZN4UTFT7InitLCDEh
                0x000002f8       0x40 C:\Users\Greg\DOCUME~1\ATMELS~2\ACCENT~1.1\ACCENT~1.1\ARDUIN~1\Release\libArduinoCore.a(UTFT.o)
 .progmem.gcc_fplib
                0x00000338       0x1e c:/program files (x86)/atmel/studio/7.0/toolchain/avr8/avr8-gnu-toolchain/bin/../lib/gcc/avr/4.9.2/../../../../avr/lib/avr6\libm.a(fp_sinus.o)
                0x00000356                . = ALIGN (0x2)
                0x00000356                __trampolines_start = .
 *(.trampolines)
 .trampolines   0x00000356       0x9c linker stubs
 *(.trampolines*)
                0x000003f2                __trampolines_end = .
 *libprintf_flt.a:*(.progmem.data)
 *libc.a:*(.progmem.data)
 .progmem.data  0x000003f2       0xfa c:/program files (x86)/atmel/studio/7.0/toolchain/avr8/avr8-gnu-toolchain/bin/../lib/gcc/avr/4.9.2/../../../../avr/lib/avr6\libc.a(ftoa_engine.o)
 *(.progmem*)
 .progmem.data.arial_normal
                0x000004ec      0xbe4 arial_normal.o
                0x000004ec                arial_normal
 .progmem.data._ZZN8Button_z8read_memEPhE3__c
                0x000010d0       0x12 Button_Z.o
 .progmem.data._ZZN8Button_z6selectEbE3__c_2
                0x000010e2        0xc Button_Z.o
 .progmem.data._ZZN8Button_z6selectEbE3__c_1
                0x000010ee        0xb Button_Z.o
 .progmem.data._ZZN8Button_z6selectEbE3__c_0
                0x000010f9        0x5 Button_Z.o
 .progmem.data._ZZN8Button_z6selectEbE3__c
                0x000010fe        0xa Button_Z.o
 .progmem.data._ZL11buttns_info
                0x00001108      0x210 Button_Z.o
 .progmem.data._ZZN8MenuItem8setValueEiE3__c_2
                0x00001318        0xc custom_menu.o
 .progmem.data._ZZN8MenuItem8setValueEiE3__c_1
                0x00001324        0x8 custom_menu.o
 .progmem.data._ZZN8MenuItem8setValueEiE3__c_0
                0x0000132c        0xb custom_menu.o
 .progmem.data._ZZN8MenuItem8setValueEiE3__c
                0x00001337        0xa custom_menu.o
 .progmem.data._ZZ11return_nameiE3__c_82
                0x00001341        0x6 custom_menu.o
 .progmem.data._ZZ11return_nameiE3__c_81
                0x00001347        0xa custom_menu.o
 .progmem.data._ZZ11return_nameiE3__c_80
                0x00001351        0xa custom_menu.o
 .progmem.data._ZZ11return_nameiE3__c_79
                0x0000135b        0xf custom_menu.o
 .progmem.data._ZZ11return_nameiE3__c_78
                0x0000136a        0xf custom_menu.o
 .progmem.data._ZZ11return_nameiE3__c_77
                0x00001379       0x10 custom_menu.o
 .progmem.data._ZZ11return_nameiE3__c_76
                0x00001389        0xf custom_menu.o
 .progmem.data._ZZ11return_nameiE3__c_75
                0x00001398        0xd custom_menu.o
 .progmem.data._ZZ11return_nameiE3__c_74
                0x000013a5        0x5 custom_menu.o
 .progmem.data._ZZ11return_nameiE3__c_73
                0x000013aa        0x6 custom_menu.o
 .progmem.data._ZZ11return_nameiE3__c_72
                0x000013b0        0x4 custom_menu.o
 .progmem.data._ZZ11return_nameiE3__c_71
                0x000013b4       0x13 custom_menu.o
 .progmem.data._ZZ11return_nameiE3__c_70
                0x000013c7       0x12 custom_menu.o
 .progmem.data._ZZ11return_nameiE3__c_69
                0x000013d9       0x11 custom_menu.o
 .progmem.data._ZZ11return_nameiE3__c_68
                0x000013ea        0xd custom_menu.o
 .progmem.data._ZZ11return_nameiE3__c_67
                0x000013f7        0x6 custom_menu.o
 .progmem.data._ZZ11return_nameiE3__c_66
                0x000013fd        0x6 custom_menu.o
 .progmem.data._ZZ11return_nameiE3__c_65
                0x00001403        0xd custom_menu.o
 .progmem.data._ZZ11return_nameiE3__c_64
                0x00001410        0xe custom_menu.o
 .progmem.data._ZZ11return_nameiE3__c_63
                0x0000141e       0x10 custom_menu.o
 .progmem.data._ZZ11return_nameiE3__c_62
                0x0000142e       0x10 custom_menu.o
 .progmem.data._ZZ11return_nameiE3__c_61
                0x0000143e        0xc custom_menu.o
 .progmem.data._ZZ11return_nameiE3__c_60
                0x0000144a       0x18 custom_menu.o
 .progmem.data._ZZ11return_nameiE3__c_59
                0x00001462        0xb custom_menu.o
 .progmem.data._ZZ11return_nameiE3__c_58
                0x0000146d        0xa custom_menu.o
 .progmem.data._ZZ11return_nameiE3__c_57
                0x00001477        0x6 custom_menu.o
 .progmem.data._ZZ11return_nameiE3__c_56
                0x0000147d        0xb custom_menu.o
 .progmem.data._ZZ11return_nameiE3__c_55
                0x00001488        0x6 custom_menu.o
 .progmem.data._ZZ11return_nameiE3__c_54
                0x0000148e        0x4 custom_menu.o
 .progmem.data._ZZ11return_nameiE3__c_53
                0x00001492       0x12 custom_menu.o
 .progmem.data._ZZ11return_nameiE3__c_52
                0x000014a4        0x2 custom_menu.o
 .progmem.data._ZZ11return_nameiE3__c_51
                0x000014a6        0x5 custom_menu.o
 .progmem.data._ZZ11return_nameiE3__c_50
                0x000014ab        0x2 custom_menu.o
 .progmem.data._ZZ11return_nameiE3__c_49
                0x000014ad        0x6 custom_menu.o
 .progmem.data._ZZ11return_nameiE3__c_48
                0x000014b3        0x3 custom_menu.o
 .progmem.data._ZZ11return_nameiE3__c_47
                0x000014b6        0x2 custom_menu.o
 .progmem.data._ZZ11return_nameiE3__c_46
                0x000014b8        0x6 custom_menu.o
 .progmem.data._ZZ11return_nameiE3__c_45
                0x000014be        0x2 custom_menu.o
 .progmem.data._ZZ11return_nameiE3__c_44
                0x000014c0        0x2 custom_menu.o
 .progmem.data._ZZ11return_nameiE3__c_43
                0x000014c2        0x4 custom_menu.o
 .progmem.data._ZZ11return_nameiE3__c_42
                0x000014c6        0x6 custom_menu.o
 .progmem.data._ZZ11return_nameiE3__c_41
                0x000014cc        0x5 custom_menu.o
 .progmem.data._ZZ11return_nameiE3__c_40
                0x000014d1        0x9 custom_menu.o
 .progmem.data._ZZ11return_nameiE3__c_39
                0x000014da        0xd custom_menu.o
 .progmem.data._ZZ11return_nameiE3__c_38
                0x000014e7        0x9 custom_menu.o
 .progmem.data._ZZ11return_nameiE3__c_37
                0x000014f0        0xc custom_menu.o
 .progmem.data._ZZ11return_nameiE3__c_36
                0x000014fc        0x8 custom_menu.o
 .progmem.data._ZZ11return_nameiE3__c_35
                0x00001504        0x5 custom_menu.o
 .progmem.data._ZZ11return_nameiE3__c_34
                0x00001509        0x6 custom_menu.o
 .progmem.data._ZZ11return_nameiE3__c_33
                0x0000150f        0x9 custom_menu.o
 .progmem.data._ZZ11return_nameiE3__c_32
                0x00001518        0xd custom_menu.o
 .progmem.data._ZZ11return_nameiE3__c_31
                0x00001525        0x9 custom_menu.o
 .progmem.data._ZZ11return_nameiE3__c_30
                0x0000152e        0xc custom_menu.o
 .progmem.data._ZZ11return_nameiE3__c_29
                0x0000153a        0x8 custom_menu.o
 .progmem.data._ZZ11return_nameiE3__c_28
                0x00001542        0x5 custom_menu.o
 .progmem.data._ZZ11return_nameiE3__c_27
                0x00001547        0x6 custom_menu.o
 .progmem.data._ZZ11return_nameiE3__c_26
                0x0000154d        0xa custom_menu.o
 .progmem.data._ZZ11return_nameiE3__c_25
                0x00001557        0x9 custom_menu.o
 .progmem.data._ZZ11return_nameiE3__c_24
                0x00001560       0x1a custom_menu.o
 .progmem.data._ZZ11return_nameiE3__c_23
                0x0000157a        0xa custom_menu.o
 .progmem.data._ZZ11return_nameiE3__c_22
                0x00001584        0xb custom_menu.o
 .progmem.data._ZZ11return_nameiE3__c_21
                0x0000158f        0x9 custom_menu.o
 .progmem.data._ZZ11return_nameiE3__c_20
                0x00001598        0xa custom_menu.o
 .progmem.data._ZZ11return_nameiE3__c_19
                0x000015a2        0xa custom_menu.o
 .progmem.data._ZZ11return_nameiE3__c_18
                0x000015ac        0x8 custom_menu.o
 .progmem.data._ZZ11return_nameiE3__c_17
                0x000015b4        0x7 custom_menu.o
 .progmem.data._ZZ11return_nameiE3__c_16
                0x000015bb        0xa custom_menu.o
 .progmem.data._ZZ11return_nameiE3__c_15
                0x000015c5        0xa custom_menu.o
 .progmem.data._ZZ11return_nameiE3__c_14
                0x000015cf        0x7 custom_menu.o
 .progmem.data._ZZ11return_nameiE3__c_13
                0x000015d6        0x7 custom_menu.o
 .progmem.data._ZZ11return_nameiE3__c_12
                0x000015dd        0x8 custom_menu.o
 .progmem.data._ZZ11return_nameiE3__c_11
                0x000015e5        0x5 custom_menu.o
 .progmem.data._ZZ11return_nameiE3__c_10
                0x000015ea        0x4 custom_menu.o
 .progmem.data._ZZ11return_nameiE3__c_9
                0x000015ee        0x3 custom_menu.o
 .progmem.data._ZZ11return_nameiE3__c_8
                0x000015f1        0x3 custom_menu.o
 .progmem.data._ZZ11return_nameiE3__c_7
                0x000015f4        0x5 custom_menu.o
 .progmem.data._ZZ11return_nameiE3__c_6
                0x000015f9        0x8 custom_menu.o
 .progmem.data._ZZ11return_nameiE3__c_5
                0x00001601        0x5 custom_menu.o
 .progmem.data._ZZ11return_nameiE3__c_4
                0x00001606        0xb custom_menu.o
 .progmem.data._ZZ11return_nameiE3__c_3
                0x00001611        0xc custom_menu.o
 .progmem.data._ZZ11return_nameiE3__c_2
                0x0000161d        0x7 custom_menu.o
 .progmem.data._ZZ11return_nameiE3__c_1
                0x00001624        0x7 custom_menu.o
 .progmem.data._ZZ11return_nameiE3__c_0
                0x0000162b       0x15 custom_menu.o
 .progmem.data._ZZ11return_nameiE3__c
                0x00001640       0x11 custom_menu.o
 .progmem.data._ZL14menu_item_info
                0x00001651      0x444 custom_menu.o
 .progmem.data._ZZ13get_stop_namehE3__c_40
                0x00001a95        0x6 global_methods.o
 .progmem.data._ZZ13get_stop_namehE3__c_39
                0x00001a9b        0x9 global_methods.o
 .progmem.data._ZZ13get_stop_namehE3__c_38
                0x00001aa4        0xf global_methods.o
 .progmem.data._ZZ13get_stop_namehE3__c_37
                0x00001ab3        0x5 global_methods.o
 .progmem.data._ZZ13get_stop_namehE3__c_36
                0x00001ab8        0x6 global_methods.o
 .progmem.data._ZZ13get_stop_namehE3__c_35
                0x00001abe        0xa global_methods.o
 .progmem.data._ZZ13get_stop_namehE3__c_34
                0x00001ac8        0xa global_methods.o
 .progmem.data._ZZ13get_stop_namehE3__c_33
                0x00001ad2        0xa global_methods.o
 .progmem.data._ZZ13get_stop_namehE3__c_32
                0x00001adc        0x6 global_methods.o
 .progmem.data._ZZ13get_stop_namehE3__c_31
                0x00001ae2        0xe global_methods.o
 .progmem.data._ZZ13get_stop_namehE3__c_30
                0x00001af0       0x11 global_methods.o
 .progmem.data._ZZ13get_stop_namehE3__c_29
                0x00001b01        0xe global_methods.o
 .progmem.data._ZZ13get_stop_namehE3__c_28
                0x00001b0f        0x6 global_methods.o
 .progmem.data._ZZ13get_stop_namehE3__c_27
                0x00001b15        0xf global_methods.o
 .progmem.data._ZZ13get_stop_namehE3__c_26
                0x00001b24        0xd global_methods.o
 .progmem.data._ZZ13get_stop_namehE3__c_25
                0x00001b31        0x8 global_methods.o
 .progmem.data._ZZ13get_stop_namehE3__c_24
                0x00001b39        0xb global_methods.o
 .progmem.data._ZZ13get_stop_namehE3__c_23
                0x00001b44        0xb global_methods.o
 .progmem.data._ZZ13get_stop_namehE3__c_22
                0x00001b4f        0xa global_methods.o
 .progmem.data._ZZ13get_stop_namehE3__c_21
                0x00001b59        0xa global_methods.o
 .progmem.data._ZZ13get_stop_namehE3__c_20
                0x00001b63        0x8 global_methods.o
 .progmem.data._ZZ13get_stop_namehE3__c_19
                0x00001b6b        0xe global_methods.o
 .progmem.data._ZZ13get_stop_namehE3__c_18
                0x00001b79        0x9 global_methods.o
 .progmem.data._ZZ13get_stop_namehE3__c_17
                0x00001b82        0x9 global_methods.o
 .progmem.data._ZZ13get_stop_namehE3__c_16
                0x00001b8b        0x8 global_methods.o
 .progmem.data._ZZ13get_stop_namehE3__c_15
                0x00001b93        0x8 global_methods.o
 .progmem.data._ZZ13get_stop_namehE3__c_14
                0x00001b9b        0x9 global_methods.o
 .progmem.data._ZZ13get_stop_namehE3__c_13
                0x00001ba4        0x7 global_methods.o
 .progmem.data._ZZ13get_stop_namehE3__c_12
                0x00001bab        0xa global_methods.o
 .progmem.data._ZZ13get_stop_namehE3__c_11
                0x00001bb5        0xb global_methods.o
 .progmem.data._ZZ13get_stop_namehE3__c_10
                0x00001bc0        0x9 global_methods.o
 .progmem.data._ZZ13get_stop_namehE3__c_9
                0x00001bc9        0xa global_methods.o
 .progmem.data._ZZ13get_stop_namehE3__c_8
                0x00001bd3        0xb global_methods.o
 .progmem.data._ZZ13get_stop_namehE3__c_7
                0x00001bde        0xa global_methods.o
 .progmem.data._ZZ13get_stop_namehE3__c_6
                0x00001be8        0xc global_methods.o
 .progmem.data._ZZ13get_stop_namehE3__c_5
                0x00001bf4        0x7 global_methods.o
 .progmem.data._ZZ13get_stop_namehE3__c_4
                0x00001bfb        0xb global_methods.o
 .progmem.data._ZZ13get_stop_namehE3__c_3
                0x00001c06        0x9 global_methods.o
 .progmem.data._ZZ13get_stop_namehE3__c_2
                0x00001c0f        0xb global_methods.o
 .progmem.data._ZZ13get_stop_namehE3__c_1
                0x00001c1a        0xc global_methods.o
 .progmem.data._ZZ13get_stop_namehE3__c_0
                0x00001c26        0xc global_methods.o
 .progmem.data._ZZ13get_stop_namehE3__c
                0x00001c32        0xa global_methods.o
 .progmem.data._ZZ13zecer_na_nulovE3__c_0
                0x00001c3c        0x4 global_methods.o
 .progmem.data._ZZ13zecer_na_nulovE3__c
                0x00001c40        0x8 global_methods.o
 .progmem.data._ZZ18calculate_free_RAMiE3__c_0
                0x00001c48        0x6 global_methods.o
 .progmem.data._ZZ18calculate_free_RAMiE3__c
                0x00001c4e       0x15 global_methods.o
 .progmem.data._ZL7map_key
                0x00001c63       0x40 global_methods.o
 .progmem.data._ZL12map_tabela_Z
                0x00001ca3       0x80 global_methods.o
 .progmem.data._ZL14calc_bit_array
                0x00001d23       0xc8 global_methods.o
 .progmem.data._ZZN8menu_mgr12display_menuEvE3__c
                0x00001deb        0x6 menu_mgr.o
 .progmem.data._ZZ9draw_textii6StringS_hhE3__c_2
                0x00001df1        0xc menu_mgr.o
 .progmem.data._ZZ9draw_textii6StringS_hhE3__c_1
                0x00001dfd       0x19 menu_mgr.o
 .progmem.data._ZZ9draw_textii6StringS_hhE3__c_0
                0x00001e16       0x20 menu_mgr.o
 .progmem.data._ZZ9draw_textii6StringS_hhE3__c
                0x00001e36       0x12 menu_mgr.o
 .progmem.data._ZZ18draw_hist_selectorP8MenuItemhE3__c_0
                0x00001e48        0x5 menu_mgr.o
 .progmem.data._ZZ18draw_hist_selectorP8MenuItemhE3__c
                0x00001e4d        0xc menu_mgr.o
 .progmem.data._ZZ22draw_mem_bank_selectorP8MenuItemhE3__c_8
                0x00001e59        0x9 menu_mgr.o
 .progmem.data._ZZ22draw_mem_bank_selectorP8MenuItemhE3__c_7
                0x00001e62       0x10 menu_mgr.o
 .progmem.data._ZZ22draw_mem_bank_selectorP8MenuItemhE3__c_6
                0x00001e72        0xb menu_mgr.o
 .progmem.data._ZZ22draw_mem_bank_selectorP8MenuItemhE3__c_5
                0x00001e7d        0xb menu_mgr.o
 .progmem.data._ZZ22draw_mem_bank_selectorP8MenuItemhE3__c_4
                0x00001e88        0xb menu_mgr.o
 .progmem.data._ZZ22draw_mem_bank_selectorP8MenuItemhE3__c_3
                0x00001e93        0xb menu_mgr.o
 .progmem.data._ZZ22draw_mem_bank_selectorP8MenuItemhE3__c_2
                0x00001e9e        0xb menu_mgr.o
 .progmem.data._ZZ22draw_mem_bank_selectorP8MenuItemhE3__c_1
                0x00001ea9        0xb menu_mgr.o
 .progmem.data._ZZ22draw_mem_bank_selectorP8MenuItemhE3__c_0
                0x00001eb4        0xb menu_mgr.o
 .progmem.data._ZZ22draw_mem_bank_selectorP8MenuItemhE3__c
                0x00001ebf        0xb menu_mgr.o
 .progmem.data._ZZ19draw_style_selectorP8MenuItemhE3__c_5
                0x00001eca        0x4 menu_mgr.o
 .progmem.data._ZZ19draw_style_selectorP8MenuItemhE3__c_4
                0x00001ece        0x7 menu_mgr.o
 .progmem.data._ZZ19draw_style_selectorP8MenuItemhE3__c_3
                0x00001ed5        0x8 menu_mgr.o
 .progmem.data._ZZ19draw_style_selectorP8MenuItemhE3__c_2
                0x00001edd        0x8 menu_mgr.o
 .progmem.data._ZZ19draw_style_selectorP8MenuItemhE3__c_1
                0x00001ee5        0x8 menu_mgr.o
 .progmem.data._ZZ19draw_style_selectorP8MenuItemhE3__c_0
                0x00001eed        0x8 menu_mgr.o
 .progmem.data._ZZ19draw_style_selectorP8MenuItemhE3__c
                0x00001ef5        0x8 menu_mgr.o
 .progmem.data._ZZ19draw_theme_selectorP8MenuItemhE3__c_5
                0x00001efd        0x4 menu_mgr.o
 .progmem.data._ZZ19draw_theme_selectorP8MenuItemhE3__c_4
                0x00001f01        0x7 menu_mgr.o
 .progmem.data._ZZ19draw_theme_selectorP8MenuItemhE3__c_3
                0x00001f08        0x8 menu_mgr.o
 .progmem.data._ZZ19draw_theme_selectorP8MenuItemhE3__c_2
                0x00001f10        0x8 menu_mgr.o
 .progmem.data._ZZ19draw_theme_selectorP8MenuItemhE3__c_1
                0x00001f18        0x8 menu_mgr.o
 .progmem.data._ZZ19draw_theme_selectorP8MenuItemhE3__c_0
                0x00001f20        0x8 menu_mgr.o
 .progmem.data._ZZ19draw_theme_selectorP8MenuItemhE3__c
                0x00001f28        0x8 menu_mgr.o
 .progmem.data._ZZ22drawslider_equalizer_QP8MenuItemhE3__c_0
                0x00001f30        0x2 menu_mgr.o
 .progmem.data._ZZ22drawslider_equalizer_QP8MenuItemhE3__c
                0x00001f32        0x4 menu_mgr.o
 .progmem.data._ZZ25drawslider_equalizer_freqP8MenuItemhE3__c
                0x00001f36        0x3 menu_mgr.o
 .progmem.data._ZZ25drawslider_equalizer_gainP8MenuItemhE3__c_2
                0x00001f39        0x6 menu_mgr.o
 .progmem.data._ZZ25drawslider_equalizer_gainP8MenuItemhE3__c_1
                0x00001f3f        0x3 menu_mgr.o
 .progmem.data._ZZ25drawslider_equalizer_gainP8MenuItemhE3__c_0
                0x00001f42        0x5 menu_mgr.o
 .progmem.data._ZZ25drawslider_equalizer_gainP8MenuItemhE3__c
                0x00001f47        0x6 menu_mgr.o
 .progmem.data._ZZ18draw_button_symbolP8MenuItemhE3__c
                0x00001f4d        0x2 menu_mgr.o
 .progmem.data._ZZ32drawSlider_negative_single_labelP8MenuItemihE3__c
                0x00001f4f        0xa menu_mgr.o
 .progmem.data._ZZ15drawPipeChangerP8MenuItemihE3__c
                0x00001f59        0x6 menu_mgr.o
 .progmem.data._ZZ14drawButtonMenuii6StringiiE3__c
                0x00001f5f        0x9 menu_mgr.o
 .progmem.data._ZZN8MIDI_mgr15send_note_DREAMEibihE3__c_3
                0x00001f68        0x6 MIDI_mgr.o
 .progmem.data._ZZN8MIDI_mgr15send_note_DREAMEibihE3__c_2
                0x00001f6e        0xd MIDI_mgr.o
 .progmem.data._ZZN8MIDI_mgr15send_note_DREAMEibihE3__c_1
                0x00001f7b        0xa MIDI_mgr.o
 .progmem.data._ZZN8MIDI_mgr15send_note_DREAMEibihE3__c_0
                0x00001f85        0x8 MIDI_mgr.o
 .progmem.data._ZZN8MIDI_mgr15send_note_DREAMEibihE3__c
                0x00001f8d        0x5 MIDI_mgr.o
 .progmem.data._ZZN8MIDI_mgr19equalizer_set_pedalEiiE3__c_0
                0x00001f92        0x9 MIDI_mgr.o
 .progmem.data._ZZN8MIDI_mgr19equalizer_set_pedalEiiE3__c
                0x00001f9b        0xd MIDI_mgr.o
 .progmem.data._ZZN8MIDI_mgr13equalizer_setEiiE3__c_0
                0x00001fa8        0x9 MIDI_mgr.o
 .progmem.data._ZZN8MIDI_mgr13equalizer_setEiiE3__c
                0x00001fb1        0xd MIDI_mgr.o
 .progmem.data._ZZN8MIDI_mgr11send_reverbEhhhE3__c
                0x00001fbe        0x8 MIDI_mgr.o
 .progmem.data._ZZN8MIDI_mgr17sendNote_MIDI_outEhhhhbE3__c_2
                0x00001fc6        0xd MIDI_mgr.o
 .progmem.data._ZZN8MIDI_mgr17sendNote_MIDI_outEhhhhbE3__c_1
                0x00001fd3        0x8 MIDI_mgr.o
 .progmem.data._ZZN8MIDI_mgr17sendNote_MIDI_outEhhhhbE3__c_0
                0x00001fdb        0x5 MIDI_mgr.o
 .progmem.data._ZZN8MIDI_mgr17sendNote_MIDI_outEhhhhbE3__c
                0x00001fe0        0x5 MIDI_mgr.o
 .progmem.data._ZZN8MIDI_mgr26sendProgramChange_MIDI_outEhhhE3__c_1
                0x00001fe5        0x6 MIDI_mgr.o
 .progmem.data._ZZN8MIDI_mgr26sendProgramChange_MIDI_outEhhhE3__c_0
                0x00001feb        0xb MIDI_mgr.o
 .progmem.data._ZZN8MIDI_mgr26sendProgramChange_MIDI_outEhhhE3__c
                0x00001ff6        0xe MIDI_mgr.o
 .progmem.data._ZL20STYLE_werckmeister_2
                0x00002004       0x18 MIDI_mgr.o
 .progmem.data._ZL19STYLE_kelletal_1977
                0x0000201c       0x18 MIDI_mgr.o
 .progmem.data._ZL19STYLE_kelletal_1966
                0x00002034       0x18 MIDI_mgr.o
 .progmem.data._ZL17STYLE_kimberger_3
                0x0000204c       0x18 MIDI_mgr.o
 .progmem.data._ZL17STYLE_kimberger_2
                0x00002064       0x18 MIDI_mgr.o
 .progmem.data._ZL17STYLE_kimberger_1
                0x0000207c       0x18 MIDI_mgr.o
 .progmem.data._ZL20STYLE_billeter_orgel
                0x00002094       0x18 MIDI_mgr.o
 .progmem.data._ZL18STYLE_back_woltemp
                0x000020ac       0x18 MIDI_mgr.o
 .progmem.data._ZL19STYLE_bach_billeter
                0x000020c4       0x18 MIDI_mgr.o
 .progmem.data._ZL17STYLE_silberman_2
                0x000020dc       0x18 MIDI_mgr.o
 .progmem.data._ZL17STYLE_silberman_1
                0x000020f4       0x18 MIDI_mgr.o
 .progmem.data._ZL20STYLE_werckmeister_3
                0x0000210c       0x18 MIDI_mgr.o
 .progmem.data._ZL13STYLE_schlick
                0x00002124       0x18 MIDI_mgr.o
 .progmem.data._ZL13STYLE_ganassi
                0x0000213c       0x18 MIDI_mgr.o
 .progmem.data._ZL23STYLE_gramathaeus_orgel
                0x00002154       0x18 MIDI_mgr.o
 .progmem.data._ZL15STYLE_pytagoras
                0x0000216c       0x18 MIDI_mgr.o
 .progmem.data._ZL17STYLE_praetorious
                0x00002184       0x18 MIDI_mgr.o
 .progmem.data._ZL11STYLE_joung
                0x0000219c       0x18 MIDI_mgr.o
 .progmem.data._ZL20STYLE_ho_cheng_thien
                0x000021b4       0x18 MIDI_mgr.o
 .progmem.data._ZL20STYLE_mittel_muriorg
                0x000021cc       0x18 MIDI_mgr.o
 .progmem.data._ZL18STYLE_mitteltoenig
                0x000021e4       0x18 MIDI_mgr.o
 .progmem.data._ZL22STYLE_natuerlich_harmo
                0x000021fc       0x16 MIDI_mgr.o
 .progmem.data._ZL13STYLE_neutral
                0x00002212       0x18 MIDI_mgr.o
 .progmem.data._ZL16s_werckmeister_2
                0x0000222a        0xf PROGMEM_labels.o
 .progmem.data._ZL15s_kelletal_1977
                0x00002239        0xe PROGMEM_labels.o
 .progmem.data._ZL15s_kelletal_1966
                0x00002247        0xe PROGMEM_labels.o
 .progmem.data._ZL13s_kimberger_3
                0x00002255        0xd PROGMEM_labels.o
 .progmem.data._ZL13s_kimberger_2
                0x00002262        0xd PROGMEM_labels.o
 .progmem.data._ZL13s_kimberger_1
                0x0000226f        0xd PROGMEM_labels.o
 .progmem.data._ZL16s_billeter_orgel
                0x0000227c        0xf PROGMEM_labels.o
 .progmem.data._ZL14s_back_woltemp
                0x0000228b        0xe PROGMEM_labels.o
 .progmem.data._ZL15s_bach_billeter
                0x00002299        0xe PROGMEM_labels.o
 .progmem.data._ZL13s_silberman_2
                0x000022a7        0xc PROGMEM_labels.o
 .progmem.data._ZL13s_silberman_1
                0x000022b3        0xc PROGMEM_labels.o
 .progmem.data._ZL16s_werckmeister_3
                0x000022bf        0xd PROGMEM_labels.o
 .progmem.data._ZL9s_schlick
                0x000022cc        0x8 PROGMEM_labels.o
 .progmem.data._ZL9s_ganassi
                0x000022d4        0x8 PROGMEM_labels.o
 .progmem.data._ZL19s_gramathaeus_orgel
                0x000022dc        0xc PROGMEM_labels.o
 .progmem.data._ZL11s_pytagoras
                0x000022e8        0xa PROGMEM_labels.o
 .progmem.data._ZL13s_praetorious
                0x000022f2        0xc PROGMEM_labels.o
 .progmem.data._ZL7s_joung
                0x000022fe        0x6 PROGMEM_labels.o
 .progmem.data._ZL16s_ho_cheng_thien
                0x00002304        0xf PROGMEM_labels.o
 .progmem.data._ZL16s_mittel_muriorg
                0x00002313        0xf PROGMEM_labels.o
 .progmem.data._ZL14s_mitteltoenig
                0x00002322        0xd PROGMEM_labels.o
 .progmem.data._ZL18s_natuerlics_harmo
                0x0000232f       0x12 PROGMEM_labels.o
 .progmem.data._ZL9s_neutral
                0x00002341        0x6 PROGMEM_labels.o
 .progmem.data._ZZ4loopE3__c_0
                0x00002347       0x17 Sketch.o
 .progmem.data._ZZ4loopE3__c
                0x0000235e       0x16 Sketch.o
 .progmem.data._ZZ5setupE3__c_18
                0x00002374        0x7 Sketch.o
 .progmem.data._ZZ5setupE3__c_17
                0x0000237b        0x7 Sketch.o
 .progmem.data._ZZ5setupE3__c_16
                0x00002382        0x9 Sketch.o
 .progmem.data._ZZ5setupE3__c_15
                0x0000238b       0x10 Sketch.o
 .progmem.data._ZZ5setupE3__c_14
                0x0000239b        0xb Sketch.o
 .progmem.data._ZZ5setupE3__c_13
                0x000023a6        0xb Sketch.o
 .progmem.data._ZZ5setupE3__c_12
                0x000023b1        0xb Sketch.o
 .progmem.data._ZZ5setupE3__c_11
                0x000023bc        0xb Sketch.o
 .progmem.data._ZZ5setupE3__c_10
                0x000023c7        0xb Sketch.o
 .progmem.data._ZZ5setupE3__c_9
                0x000023d2        0xb Sketch.o
 .progmem.data._ZZ5setupE3__c_8
                0x000023dd        0xb Sketch.o
 .progmem.data._ZZ5setupE3__c_7
                0x000023e8        0xb Sketch.o
 .progmem.data._ZZ5setupE3__c_6
                0x000023f3        0xb Sketch.o
 .progmem.data._ZZ5setupE3__c_5
                0x000023fe        0x1 Sketch.o
 .progmem.data._ZZ5setupE3__c_4
                0x000023ff        0x9 Sketch.o
 .progmem.data._ZZ5setupE3__c_3
                0x00002408        0x9 Sketch.o
 .progmem.data._ZZ5setupE3__c_2
                0x00002411        0x1 Sketch.o
 .progmem.data._ZZ5setupE3__c_1
                0x00002412       0x11 Sketch.o
 .progmem.data._ZZ5setupE3__c_0
                0x00002423        0xf Sketch.o
 .progmem.data._ZZ5setupE3__c
                0x00002432       0x26 Sketch.o
 .progmem.data._ZZN4Stop6selectEbE3__c_0
                0x00002458        0x5 Stop.o
 .progmem.data._ZZN4Stop6selectEbE3__c
                0x0000245d        0xa Stop.o
 .progmem.data._ZL10stops_info
                0x00002467      0x118 Stop.o
 .progmem.data._ZZN8Stop_mgr15set_dispositionEhE3__c
                0x0000257f        0x7 Stop_mgr.o
 .progmem.data._ZZN9Zecer_mgr9linked_idEiE3__c
                0x00002586        0x7 Zecer_mgr.o
 .progmem.data._ZZ14on_foot_pistonP8Button_zE3__c
                0x0000258d       0x10 Zecer_stop_mgr.o
 .progmem.data._ZZ12on_buttn_100P8Button_zE3__c
                0x0000259d        0xc Zecer_stop_mgr.o
 .progmem.data._ZZ11on_buttn_10P8Button_zE3__c
                0x000025a9        0xb Zecer_stop_mgr.o
 .progmem.data._ZZN14Zecer_stop_mgr14read_gas_pedalEvE3__c
                0x000025b4        0xb Zecer_stop_mgr.o
 .progmem.data._ZZ10on_stop_ONP4StopE3__c
                0x000025bf        0xb Zecer_stop_mgr.o
 .progmem.data._ZZN14Zecer_stop_mgr17help_refresh_noteEP4StopbE3__c
                0x000025ca        0xd Zecer_stop_mgr.o
 .progmem.data._ZZ23on_buttn_RESET_deselectP8Button_zE3__c
                0x000025d7        0xf Zecer_stop_mgr.o
 .progmem.data._ZZ14on_buttn_MINUSP8Button_zE3__c_2
                0x000025e6        0xb Zecer_stop_mgr.o
 .progmem.data._ZZ14on_buttn_MINUSP8Button_zE3__c_1
                0x000025f1        0xe Zecer_stop_mgr.o
 .progmem.data._ZZ14on_buttn_MINUSP8Button_zE3__c_0
                0x000025ff        0xc Zecer_stop_mgr.o
 .progmem.data._ZZ14on_buttn_MINUSP8Button_zE3__c
                0x0000260b        0xe Zecer_stop_mgr.o
 .progmem.data._ZZ13on_buttn_PLUSP8Button_zE3__c_9
                0x00002619        0xc Zecer_stop_mgr.o
 .progmem.data._ZZ13on_buttn_PLUSP8Button_zE3__c_8
                0x00002625        0x6 Zecer_stop_mgr.o
 .progmem.data._ZZ13on_buttn_PLUSP8Button_zE3__c_7
                0x0000262b        0xd Zecer_stop_mgr.o
 .progmem.data._ZZ13on_buttn_PLUSP8Button_zE3__c_6
                0x00002638        0xb Zecer_stop_mgr.o
 .progmem.data._ZZ13on_buttn_PLUSP8Button_zE3__c_5
                0x00002643        0xe Zecer_stop_mgr.o
 .progmem.data._ZZ13on_buttn_PLUSP8Button_zE3__c_4
                0x00002651        0xa Zecer_stop_mgr.o
 .progmem.data._ZZ13on_buttn_PLUSP8Button_zE3__c_3
                0x0000265b        0xc Zecer_stop_mgr.o
 .progmem.data._ZZ13on_buttn_PLUSP8Button_zE3__c_2
                0x00002667        0xd Zecer_stop_mgr.o
 .progmem.data._ZZ13on_buttn_PLUSP8Button_zE3__c_1
                0x00002674        0x6 Zecer_stop_mgr.o
 .progmem.data._ZZ13on_buttn_PLUSP8Button_zE3__c_0
                0x0000267a        0xd Zecer_stop_mgr.o
 .progmem.data._ZZ13on_buttn_PLUSP8Button_zE3__c
                0x00002687        0xd Zecer_stop_mgr.o
 .progmem.data._ZZ29on_buttn_combination_deselectP8Button_zE3__c
                0x00002694        0xe Zecer_stop_mgr.o
 .progmem.data._ZZ20on_buttn_combinationP8Button_zE3__c_1
                0x000026a2        0xa Zecer_stop_mgr.o
 .progmem.data._ZZ20on_buttn_combinationP8Button_zE3__c_0
                0x000026ac        0xa Zecer_stop_mgr.o
 .progmem.data._ZZ20on_buttn_combinationP8Button_zE3__c
                0x000026b6        0x7 Zecer_stop_mgr.o
 .progmem.data._ZZ12on_buttn_SETP8Button_zE3__c
                0x000026bd        0x4 Zecer_stop_mgr.o
 .progmem.data._ZZN14Zecer_stop_mgr19Zecer_stop_mgr_initEvE3__c_3
                0x000026c1        0xc Zecer_stop_mgr.o
 .progmem.data._ZZN14Zecer_stop_mgr19Zecer_stop_mgr_initEvE3__c_2
                0x000026cd        0xc Zecer_stop_mgr.o
 .progmem.data._ZZN14Zecer_stop_mgr19Zecer_stop_mgr_initEvE3__c_1
                0x000026d9        0xc Zecer_stop_mgr.o
 .progmem.data._ZZN14Zecer_stop_mgr19Zecer_stop_mgr_initEvE3__c_0
                0x000026e5        0xd Zecer_stop_mgr.o
 .progmem.data._ZZN14Zecer_stop_mgr19Zecer_stop_mgr_initEvE3__c
                0x000026f2        0x6 Zecer_stop_mgr.o
 .progmem.data._ZL11array_Reset
                0x000026f8        0xa Zecer_stop_mgr.o
 .progmem.data.digital_pin_to_timer_PGM
                0x00002702       0x56 C:\Users\Greg\DOCUME~1\ATMELS~2\ACCENT~1.1\ACCENT~1.1\ARDUIN~1\Release\libArduinoCore.a(wiring_digital.o)
                0x00002702                digital_pin_to_timer_PGM
 .progmem.data.digital_pin_to_bit_mask_PGM
                0x00002758       0x56 C:\Users\Greg\DOCUME~1\ATMELS~2\ACCENT~1.1\ACCENT~1.1\ARDUIN~1\Release\libArduinoCore.a(wiring_digital.o)
                0x00002758                digital_pin_to_bit_mask_PGM
 .progmem.data.digital_pin_to_port_PGM
                0x000027ae       0x56 C:\Users\Greg\DOCUME~1\ATMELS~2\ACCENT~1.1\ACCENT~1.1\ARDUIN~1\Release\libArduinoCore.a(wiring_digital.o)
                0x000027ae                digital_pin_to_port_PGM
 .progmem.data.port_to_input_PGM
                0x00002804       0x1a C:\Users\Greg\DOCUME~1\ATMELS~2\ACCENT~1.1\ACCENT~1.1\ARDUIN~1\Release\libArduinoCore.a(wiring_digital.o)
                0x00002804                port_to_input_PGM
 .progmem.data.port_to_output_PGM
                0x0000281e       0x1a C:\Users\Greg\DOCUME~1\ATMELS~2\ACCENT~1.1\ACCENT~1.1\ARDUIN~1\Release\libArduinoCore.a(wiring_digital.o)
                0x0000281e                port_to_output_PGM
 .progmem.data.port_to_mode_PGM
                0x00002838       0x1a C:\Users\Greg\DOCUME~1\ATMELS~2\ACCENT~1.1\ACCENT~1.1\ARDUIN~1\Release\libArduinoCore.a(wiring_digital.o)
                0x00002838                port_to_mode_PGM
 .progmem.data.gpio_pins_progmem
                0x00002852       0x8c C:\Users\Greg\DOCUME~1\ATMELS~2\ACCENT~1.1\ACCENT~1.1\ARDUIN~1\Release\libArduinoCore.a(digital2.o)
                0x00002852                gpio_pins_progmem
 .progmem.data.white_accent_logo
                0x000028de     0x6880 C:\Users\Greg\DOCUME~1\ATMELS~2\ACCENT~1.1\ACCENT~1.1\ARDUIN~1\Release\libArduinoCore.a(DefaultFonts.o)
                0x000028de                white_accent_logo
 .progmem.data.hallfetica_normal
                0x0000915e      0xbe4 C:\Users\Greg\DOCUME~1\ATMELS~2\ACCENT~1.1\ACCENT~1.1\ARDUIN~1\Release\libArduinoCore.a(DefaultFonts.o)
                0x0000915e                hallfetica_normal
 .progmem.data.arial_bold
                0x00009d42      0xbe4 C:\Users\Greg\DOCUME~1\ATMELS~2\ACCENT~1.1\ACCENT~1.1\ARDUIN~1\Release\libArduinoCore.a(DefaultFonts.o)
                0x00009d42                arial_bold
 .progmem.data.mykefont2
                0x0000a926      0x35b C:\Users\Greg\DOCUME~1\ATMELS~2\ACCENT~1.1\ACCENT~1.1\ARDUIN~1\Release\libArduinoCore.a(DefaultFonts.o)
                0x0000a926                mykefont2
 .progmem.data.OCR_A_Extended_M
                0x0000ac81     0x11d4 C:\Users\Greg\DOCUME~1\ATMELS~2\ACCENT~1.1\ACCENT~1.1\ARDUIN~1\Release\libArduinoCore.a(DefaultFonts.o)
                0x0000ac81                OCR_A_Extended_M
 .progmem.data.GroteskBold24x48
                0x0000be55     0x3574 C:\Users\Greg\DOCUME~1\ATMELS~2\ACCENT~1.1\ACCENT~1.1\ARDUIN~1\Release\libArduinoCore.a(DefaultFonts.o)
                0x0000be55                GroteskBold24x48
 .progmem.data.SmallFont
                0x0000f3c9      0x478 C:\Users\Greg\DOCUME~1\ATMELS~2\ACCENT~1.1\ACCENT~1.1\ARDUIN~1\Release\libArduinoCore.a(DefaultFonts.o)
                0x0000f3c9                SmallFont
                0x0000f842                . = ALIGN (0x2)
 *fill*         0x0000f841        0x1 
 *(.jumptables)
 *(.jumptables*)
 *(.lowtext)
 *(.lowtext*)
                0x0000f842                __ctors_start = .
 *(.ctors)
 .ctors         0x0000f842        0x2 Button_Z.o
 .ctors         0x0000f844        0x2 custom_menu.o
 .ctors         0x0000f846        0x2 global_methods.o
 .ctors         0x0000f848        0x2 global_variables.o
 .ctors         0x0000f84a        0x2 menu_mgr.o
 .ctors         0x0000f84c        0x2 MIDI_mgr.o
 .ctors         0x0000f84e        0x2 PROGMEM_address_var.o
 .ctors         0x0000f850        0x2 SD_mgr.o
 .ctors         0x0000f852        0x2 Sketch.o
 .ctors         0x0000f854        0x2 Stop.o
 .ctors         0x0000f856        0x2 Stop_mgr.o
 .ctors         0x0000f858        0x2 Zecer_mgr.o
 .ctors         0x0000f85a        0x2 Zecer_stop_mgr.o
 .ctors         0x0000f85c        0x2 C:\Users\Greg\DOCUME~1\ATMELS~2\ACCENT~1.1\ACCENT~1.1\ARDUIN~1\Release\libArduinoCore.a(HardwareSerial0.o)
 .ctors         0x0000f85e        0x2 C:\Users\Greg\DOCUME~1\ATMELS~2\ACCENT~1.1\ACCENT~1.1\ARDUIN~1\Release\libArduinoCore.a(HardwareSerial1.o)
 .ctors         0x0000f860        0x2 C:\Users\Greg\DOCUME~1\ATMELS~2\ACCENT~1.1\ACCENT~1.1\ARDUIN~1\Release\libArduinoCore.a(HardwareSerial2.o)
 .ctors         0x0000f862        0x2 C:\Users\Greg\DOCUME~1\ATMELS~2\ACCENT~1.1\ACCENT~1.1\ARDUIN~1\Release\libArduinoCore.a(HardwareSerial3.o)
                0x0000f864                __ctors_end = .
                0x0000f864                __dtors_start = .
 *(.dtors)
 .dtors         0x0000f864        0x2 global_variables.o
 .dtors         0x0000f866        0x2 Sketch.o
                0x0000f868                __dtors_end = .
 SORT(*)(.ctors)
 SORT(*)(.dtors)
 *(.init0)
 .init0         0x0000f868        0x0 C:/Program Files (x86)/Atmel/Studio/7.0/Packs/atmel/ATmega_DFP/1.1.130/gcc/dev/atmega2560/avr6/crtatmega2560.o
                0x0000f868                __init
 *(.init0)
 *(.init1)
 *(.init1)
 *(.init2)
 .init2         0x0000f868       0x10 C:/Program Files (x86)/Atmel/Studio/7.0/Packs/atmel/ATmega_DFP/1.1.130/gcc/dev/atmega2560/avr6/crtatmega2560.o
 *(.init2)
 *(.init3)
 *(.init3)
 *(.init4)
 .init4         0x0000f878       0x1a c:/program files (x86)/atmel/studio/7.0/toolchain/avr8/avr8-gnu-toolchain/bin/../lib/gcc/avr/4.9.2/avr6\libgcc.a(_copy_data.o)
                0x0000f878                __do_copy_data
 .init4         0x0000f892       0x10 c:/program files (x86)/atmel/studio/7.0/toolchain/avr8/avr8-gnu-toolchain/bin/../lib/gcc/avr/4.9.2/avr6\libgcc.a(_clear_bss.o)
                0x0000f892                __do_clear_bss
 *(.init4)
 *(.init5)
 *(.init5)
 *(.init6)
 .init6         0x0000f8a2       0x20 c:/program files (x86)/atmel/studio/7.0/toolchain/avr8/avr8-gnu-toolchain/bin/../lib/gcc/avr/4.9.2/avr6\libgcc.a(_ctors.o)
                0x0000f8a2                __do_global_ctors
 *(.init6)
 *(.init7)
 *(.init7)
 *(.init8)
 *(.init8)
 *(.init9)
 .init9         0x0000f8c2        0x8 C:/Program Files (x86)/Atmel/Studio/7.0/Packs/atmel/ATmega_DFP/1.1.130/gcc/dev/atmega2560/avr6/crtatmega2560.o
 *(.init9)
 *(.text)
 .text          0x0000f8ca        0x4 C:/Program Files (x86)/Atmel/Studio/7.0/Packs/atmel/ATmega_DFP/1.1.130/gcc/dev/atmega2560/avr6/crtatmega2560.o
                0x0000f8ca                __vector_38
                0x0000f8ca                __vector_22
                0x0000f8ca                __vector_28
                0x0000f8ca                __vector_32
                0x0000f8ca                __vector_34
                0x0000f8ca                __vector_24
                0x0000f8ca                __vector_12
                0x0000f8ca                __vector_46
                0x0000f8ca                __bad_interrupt
                0x0000f8ca                __vector_31
                0x0000f8ca                __vector_35
                0x0000f8ca                __vector_39
                0x0000f8ca                __vector_30
                0x0000f8ca                __vector_45
                0x0000f8ca                __vector_13
                0x0000f8ca                __vector_17
                0x0000f8ca                __vector_19
                0x0000f8ca                __vector_56
                0x0000f8ca                __vector_49
                0x0000f8ca                __vector_41
                0x0000f8ca                __vector_43
                0x0000f8ca                __vector_27
                0x0000f8ca                __vector_33
                0x0000f8ca                __vector_47
                0x0000f8ca                __vector_44
                0x0000f8ca                __vector_21
                0x0000f8ca                __vector_15
                0x0000f8ca                __vector_29
                0x0000f8ca                __vector_40
                0x0000f8ca                __vector_48
                0x0000f8ca                __vector_14
                0x0000f8ca                __vector_53
                0x0000f8ca                __vector_50
                0x0000f8ca                __vector_16
                0x0000f8ca                __vector_18
                0x0000f8ca                __vector_20
                0x0000f8ca                __vector_42
                0x0000f8ce                . = ALIGN (0x2)
 *(.text.*)
 .text._ZN11EEPROMClass4readEi.isra.0
                0x0000f8ce        0x4 Button_Z.o
 .text._ZN11EEPROMClass5writeEih.isra.1
                0x0000f8d2        0x4 Button_Z.o
 .text._ZN8Button_z6get_idEv
                0x0000f8d6        0x6 Button_Z.o
                0x0000f8d6                _ZN8Button_z6get_idEv
 .text._ZN8Button_z12get_id_classEv
                0x0000f8dc       0x16 Button_Z.o
                0x0000f8dc                _ZN8Button_z12get_id_classEv
 .text._ZN8Button_z13get_out_stateEv
                0x0000f8f2        0xc Button_Z.o
                0x0000f8f2                _ZN8Button_z13get_out_stateEv
 .text._ZN8Button_z13set_out_stateEb
                0x0000f8fe       0x12 Button_Z.o
                0x0000f8fe                _ZN8Button_z13set_out_stateEb
 .text._ZN8Button_z10get_id_numEv
                0x0000f910       0x16 Button_Z.o
                0x0000f910                _ZN8Button_z10get_id_numEv
 .text._ZN8Button_z16get_mem_locationEv
                0x0000f926       0x46 Button_Z.o
                0x0000f926                _ZN8Button_z16get_mem_locationEv
 .text._ZN8Button_z9write_memEPh
                0x0000f96c      0x29a Button_Z.o
                0x0000f96c                _ZN8Button_z9write_memEPh
 .text._ZN8Button_z8read_memEPh
                0x0000fc06      0x258 Button_Z.o
                0x0000fc06                _ZN8Button_z8read_memEPh
 .text._ZN8Button_z16set_mem_locationEi
                0x0000fe5e        0x8 Button_Z.o
                0x0000fe5e                _ZN8Button_z16set_mem_locationEi
 .text._ZN8Button_z9set_stateEb
                0x0000fe66       0x12 Button_Z.o
                0x0000fe66                _ZN8Button_z9set_stateEb
 .text._ZN8Button_z14set_temp_stateEb
                0x0000fe78       0x12 Button_Z.o
                0x0000fe78                _ZN8Button_z14set_temp_stateEb
 .text._ZN8Button_z9get_stateEv
                0x0000fe8a        0x8 Button_Z.o
                0x0000fe8a                _ZN8Button_z9get_stateEv
 .text._ZN8Button_z8SetStateEb
                0x0000fe92       0x38 Button_Z.o
                0x0000fe92                _ZN8Button_z8SetStateEb
 .text._ZN8Button_z8GetStateEv
                0x0000feca        0x2 Button_Z.o
                0x0000feca                _ZN8Button_z8GetStateEv
 .text._ZN8Button_z14get_temp_stateEv
                0x0000fecc        0xa Button_Z.o
                0x0000fecc                _ZN8Button_z14get_temp_stateEv
 .text._ZN8Button_z6selectEb
                0x0000fed6      0x140 Button_Z.o
                0x0000fed6                _ZN8Button_z6selectEb
 .text._ZN8Button_zC2EhihPFvPS_bE
                0x00010016       0x14 Button_Z.o
                0x00010016                _ZN8Button_zC2EhihPFvPS_bE
                0x00010016                _ZN8Button_zC1EhihPFvPS_bE
 .text.startup._GLOBAL__sub_I__ZN8Button_z17read_PROGMEM_infoEh
                0x0001002a       0x72 Button_Z.o
 .text._ZN13MenuComponent15set_interactiveEb
                0x0001009c        0x6 custom_menu.o
                0x0001009c                _ZN13MenuComponent15set_interactiveEb
 .text._ZN13MenuComponent13getMemAddressEv
                0x000100a2       0x1c custom_menu.o
                0x000100a2                _ZN13MenuComponent13getMemAddressEv
 .text._ZN4Menu6selectEv
                0x000100be       0x5c custom_menu.o
                0x000100be                _ZN4Menu6selectEv
 .text._ZN4Menu12draw_enabledEv
                0x0001011a       0x16 custom_menu.o
                0x0001011a                _ZN4Menu12draw_enabledEv
 .text._ZN4Menu11draw_normalEv
                0x00010130       0x16 custom_menu.o
                0x00010130                _ZN4Menu11draw_normalEv
 .text._ZN4Menu13draw_selectedEv
                0x00010146       0x16 custom_menu.o
                0x00010146                _ZN4Menu13draw_selectedEv
 .text._ZN4Menu15clear_componentEv
                0x0001015c       0x16 custom_menu.o
                0x0001015c                _ZN4Menu15clear_componentEv
 .text._ZN4Menu9tempClearEv
                0x00010172       0x50 custom_menu.o
                0x00010172                _ZN4Menu9tempClearEv
 .text._ZN4Menu8get_typeEv
                0x000101c2        0x4 custom_menu.o
                0x000101c2                _ZN4Menu8get_typeEv
 .text._ZN4Menu5resetEv
                0x000101c6       0x56 custom_menu.o
                0x000101c6                _ZN4Menu5resetEv
 .text._ZN4Menu8getValueEv
                0x0001021c        0x2 custom_menu.o
                0x0001021c                _ZN4Menu8getValueEv
 .text._ZN4Menu8setValueEi
                0x0001021e        0x2 custom_menu.o
                0x0001021e                _ZN4Menu8setValueEi
 .text._ZN4Menu8addValueEi
                0x00010220        0x2 custom_menu.o
                0x00010220                _ZN4Menu8addValueEi
 .text._ZN4Menu13setMemAddressEi
                0x00010222        0x2 custom_menu.o
                0x00010222                _ZN4Menu13setMemAddressEi
 .text._ZN4Menu7refreshEv
                0x00010224       0x5c custom_menu.o
                0x00010224                _ZN4Menu7refreshEv
 .text._ZN8MenuItem6selectEv
                0x00010280       0x18 custom_menu.o
                0x00010280                _ZN8MenuItem6selectEv
 .text._ZN8MenuItem12draw_enabledEv
                0x00010298       0x18 custom_menu.o
                0x00010298                _ZN8MenuItem12draw_enabledEv
 .text._ZN8MenuItem13draw_selectedEv
                0x000102b0       0x18 custom_menu.o
                0x000102b0                _ZN8MenuItem13draw_selectedEv
 .text._ZN8MenuItem11draw_normalEv
                0x000102c8       0x18 custom_menu.o
                0x000102c8                _ZN8MenuItem11draw_normalEv
 .text._ZN8MenuItem15clear_componentEv
                0x000102e0       0x18 custom_menu.o
                0x000102e0                _ZN8MenuItem15clear_componentEv
 .text._ZN8MenuItem9tempClearEv
                0x000102f8        0x6 custom_menu.o
                0x000102f8                _ZN8MenuItem9tempClearEv
 .text._ZN8MenuItem8getValueEv
                0x000102fe        0x6 custom_menu.o
                0x000102fe                _ZN8MenuItem8getValueEv
 .text._ZN8MenuItem8get_typeEv
                0x00010304       0x1a custom_menu.o
                0x00010304                _ZN8MenuItem8get_typeEv
 .text._ZN8MenuItem5resetEv
                0x0001031e        0x2 custom_menu.o
                0x0001031e                _ZN8MenuItem5resetEv
 .text._ZN8MenuItem8addValueEi
                0x00010320       0x18 custom_menu.o
                0x00010320                _ZN8MenuItem8addValueEi
 .text._ZN8MenuItem13setMemAddressEi
                0x00010338        0x2 custom_menu.o
                0x00010338                _ZN8MenuItem13setMemAddressEi
 .text._ZN17MenuItem_editable13setMemAddressEi
                0x0001033a        0x8 custom_menu.o
                0x0001033a                _ZN17MenuItem_editable13setMemAddressEi
 .text._ZN17MenuItem_editable13getMemAddressEv
                0x00010342        0x8 custom_menu.o
                0x00010342                _ZN17MenuItem_editable13getMemAddressEv
 .text._ZN8MenuItem7refreshEv
                0x0001034a        0x2 custom_menu.o
                0x0001034a                _ZN8MenuItem7refreshEv
 .text._ZN8MenuItem8setValueEi
                0x0001034c       0xda custom_menu.o
                0x0001034c                _ZN8MenuItem8setValueEi
 .text._ZN13MenuComponent8get_nameEv
                0x00010426       0x22 custom_menu.o
                0x00010426                _ZN13MenuComponent8get_nameEv
 .text._ZN13MenuComponent11get_name_idEv
                0x00010448        0x8 custom_menu.o
                0x00010448                _ZN13MenuComponent11get_name_idEv
 .text._ZN13MenuComponent5get_xEv
                0x00010450       0x1c custom_menu.o
                0x00010450                _ZN13MenuComponent5get_xEv
 .text._ZN13MenuComponent5get_yEv
                0x0001046c       0x1c custom_menu.o
                0x0001046c                _ZN13MenuComponent5get_yEv
 .text._ZN4MenuC2Ei
                0x00010488       0x24 custom_menu.o
                0x00010488                _ZN4MenuC1Ei
                0x00010488                _ZN4MenuC2Ei
 .text._ZN4Menu4nextEib
                0x000104ac       0xe8 custom_menu.o
                0x000104ac                _ZN4Menu4nextEib
 .text._ZN4Menu4prevEib
                0x00010594      0x10a custom_menu.o
                0x00010594                _ZN4Menu4prevEib
 .text._ZN4Menu8activateEv
                0x0001069e      0x112 custom_menu.o
                0x0001069e                _ZN4Menu8activateEv
 .text._ZN4Menu8add_itemEP8MenuItemPFvS1_hEPFvS1_ES5_S5_
                0x000107b0       0x62 custom_menu.o
                0x000107b0                _ZN4Menu8add_itemEP8MenuItemPFvS1_hEPFvS1_ES5_S5_
 .text._ZN4Menu8add_menuEPS_PFvS0_hEPFvS0_ES4_S4_
                0x00010812       0x74 custom_menu.o
                0x00010812                _ZN4Menu8add_menuEPS_PFvS0_hEPFvS0_ES4_S4_
 .text._ZN8MenuItemC2Ei
                0x00010886       0x3a custom_menu.o
                0x00010886                _ZN8MenuItemC2Ei
                0x00010886                _ZN8MenuItemC1Ei
 .text._ZN17MenuItem_editableC2Ei
                0x000108c0       0x36 custom_menu.o
                0x000108c0                _ZN17MenuItem_editableC1Ei
                0x000108c0                _ZN17MenuItem_editableC2Ei
 .text._ZN10MenuSystemC2Ev
                0x000108f6        0xc custom_menu.o
                0x000108f6                _ZN10MenuSystemC2Ev
                0x000108f6                _ZN10MenuSystemC1Ev
 .text._ZN10MenuSystem4nextEib
                0x00010902        0x8 custom_menu.o
                0x00010902                _ZN10MenuSystem4nextEib
 .text._ZN10MenuSystem4prevEib
                0x0001090a        0x8 custom_menu.o
                0x0001090a                _ZN10MenuSystem4prevEib
 .text._ZN10MenuSystem5resetEv
                0x00010912       0x1a custom_menu.o
                0x00010912                _ZN10MenuSystem5resetEv
 .text._ZN10MenuSystem7refreshEv
                0x0001092c       0x1a custom_menu.o
                0x0001092c                _ZN10MenuSystem7refreshEv
 .text._ZN10MenuSystem6selectEb
                0x00010946       0x46 custom_menu.o
                0x00010946                _ZN10MenuSystem6selectEb
 .text._ZN10MenuSystem4backEv
                0x0001098c       0xd0 custom_menu.o
                0x0001098c                _ZN10MenuSystem4backEv
 .text._ZN10MenuSystem13set_root_menuEP4Menu
                0x00010a5c        0xc custom_menu.o
                0x00010a5c                _ZN10MenuSystem13set_root_menuEP4Menu
 .text._ZN10MenuSystem7is_rootEv
                0x00010a68       0x2a custom_menu.o
                0x00010a68                _ZN10MenuSystem7is_rootEv
 .text._ZN10MenuSystem13get_selected1Ev
                0x00010a92       0x18 custom_menu.o
                0x00010a92                _ZN10MenuSystem13get_selected1Ev
 .text.startup._GLOBAL__sub_I__ZN13MenuComponentC2Ei
                0x00010aaa       0x72 custom_menu.o
 .text._ZN11EEPROMClass5writeEih.isra.1
                0x00010b1c        0x4 global_methods.o
 .text._Z16get_map_tabela_Zi
                0x00010b20        0xc global_methods.o
                0x00010b20                _Z16get_map_tabela_Zi
 .text._Z11get_key_mapi
                0x00010b2c       0x16 global_methods.o
                0x00010b2c                _Z11get_key_mapi
 .text._Z13_readBit_stopPhi
                0x00010b42       0x3a global_methods.o
                0x00010b42                _Z13_readBit_stopPhi
 .text._Z14_writeBit_stopPhib
                0x00010b7c       0x88 global_methods.o
                0x00010b7c                _Z14_writeBit_stopPhib
 .text._Z18calculate_free_RAMi
                0x00010c04       0x38 global_methods.o
                0x00010c04                _Z18calculate_free_RAMi
 .text._Z15EEPROMWriteLongil
                0x00010c3c       0x52 global_methods.o
                0x00010c3c                _Z15EEPROMWriteLongil
 .text._Z14EEPROMReadlongl
                0x00010c8e       0x90 global_methods.o
                0x00010c8e                _Z14EEPROMReadlongl
 .text._Z8setThemei
                0x00010d1e       0xdc global_methods.o
                0x00010d1e                _Z8setThemei
 .text._Z5G_bitPhh
                0x00010dfa       0x2e global_methods.o
                0x00010dfa                _Z5G_bitPhh
 .text._Z5S_bitPhhh
                0x00010e28       0x64 global_methods.o
                0x00010e28                _Z5S_bitPhhh
 .text._Z15manubri_na_nulov
                0x00010e8c       0xb4 global_methods.o
                0x00010e8c                _Z15manubri_na_nulov
 .text._Z13zecer_na_nulov
                0x00010f40      0x1ce global_methods.o
                0x00010f40                _Z13zecer_na_nulov
 .text._Z13get_stop_nameh
                0x0001110e      0x128 global_methods.o
                0x0001110e                _Z13get_stop_nameh
 .text.startup._GLOBAL__sub_I__Z18get_map_Z_buttn_idi
                0x00011236       0x72 global_methods.o
 .text._Z18init_global_valuesv
                0x000112a8       0x2c global_variables.o
                0x000112a8                _Z18init_global_valuesv
 .text.startup._GLOBAL__sub_I_MODUL_1_ranks
                0x000112d4      0x164 global_variables.o
 .text.exit._GLOBAL__sub_D_MODUL_1_ranks
                0x00011438       0x78 global_variables.o
 .text._ZNK6String14StringIfHelperEv
                0x000114b0        0x2 menu_mgr.o
                0x000114b0                _ZNK6String14StringIfHelperEv
 .text._ZN11EEPROMClass4readEi.isra.2
                0x000114b2        0x4 menu_mgr.o
 .text._Z14set_mode_colorh.part.6
                0x000114b6       0x12 menu_mgr.o
 .text._ZN8menu_mgrC2Ev
                0x000114c8        0x2 menu_mgr.o
                0x000114c8                _ZN8menu_mgrC2Ev
                0x000114c8                _ZN8menu_mgrC1Ev
 .text._ZN8menu_mgrD2Ev
                0x000114ca        0x2 menu_mgr.o
                0x000114ca                _ZN8menu_mgrD1Ev
                0x000114ca                _ZN8menu_mgrD2Ev
 .text._ZN7Encoder6updateEP24Encoder_internal_state_t
                0x000114cc       0x84 menu_mgr.o
                0x000114cc                _ZN7Encoder6updateEP24Encoder_internal_state_t
 .text._ZN7Encoder4readEv
                0x00011550       0x26 menu_mgr.o
                0x00011550                _ZN7Encoder4readEv
 .text._ZN7Encoder4isr3Ev
                0x00011576        0xa menu_mgr.o
                0x00011576                _ZN7Encoder4isr3Ev
 .text._ZN7Encoder4isr2Ev
                0x00011580        0xa menu_mgr.o
                0x00011580                _ZN7Encoder4isr2Ev
 .text._Z14set_mode_colorh
                0x0001158a       0x44 menu_mgr.o
                0x0001158a                _Z14set_mode_colorh
 .text._Z14drawButtonMenuii6Stringii
                0x000115ce      0x126 menu_mgr.o
                0x000115ce                _Z14drawButtonMenuii6Stringii
 .text._Z16on_menu_selectedP4Menuh
                0x000116f4      0x122 menu_mgr.o
                0x000116f4                _Z16on_menu_selectedP4Menuh
 .text._Z20on_menu_draw_enabledP4Menu
                0x00011816       0x74 menu_mgr.o
                0x00011816                _Z20on_menu_draw_enabledP4Menu
 .text._Z21on_menu_draw_disabledP4Menu
                0x0001188a       0x74 menu_mgr.o
                0x0001188a                _Z21on_menu_draw_disabledP4Menu
 .text._Z13on_menu_clearP4Menu
                0x000118fe       0x74 menu_mgr.o
                0x000118fe                _Z13on_menu_clearP4Menu
 .text._Z16drawButtonSelectP8MenuItemi
                0x00011972       0xea menu_mgr.o
                0x00011972                _Z16drawButtonSelectP8MenuItemi
 .text._Z9drawLabelP8MenuItemih
                0x00011a5c       0xfa menu_mgr.o
                0x00011a5c                _Z9drawLabelP8MenuItemih
 .text._Z13drawTinyLabelP8MenuItemih
                0x00011b56      0x140 menu_mgr.o
                0x00011b56                _Z13drawTinyLabelP8MenuItemih
 .text._Z13drawLabelInfoP8MenuItemih
                0x00011c96      0x1c6 menu_mgr.o
                0x00011c96                _Z13drawLabelInfoP8MenuItemih
 .text._Z15drawPipeChangerP8MenuItemih
                0x00011e5c      0x1f4 menu_mgr.o
                0x00011e5c                _Z15drawPipeChangerP8MenuItemih
 .text._Z12drawBigLabelP8MenuItemih
                0x00012050      0x112 menu_mgr.o
                0x00012050                _Z12drawBigLabelP8MenuItemih
 .text._Z10drawSliderP8MenuItemih
                0x00012162      0x1cc menu_mgr.o
                0x00012162                _Z10drawSliderP8MenuItemih
 .text._Z12drawSlider_HP8MenuItemih
                0x0001232e      0x168 menu_mgr.o
                0x0001232e                _Z12drawSlider_HP8MenuItemih
 .text._Z23drawSlider_single_labelP8MenuItemih
                0x00012496      0x260 menu_mgr.o
                0x00012496                _Z23drawSlider_single_labelP8MenuItemih
 .text._Z32drawSlider_negative_single_labelP8MenuItemih
                0x000126f6      0x324 menu_mgr.o
                0x000126f6                _Z32drawSlider_negative_single_labelP8MenuItemih
 .text._Z23drawSlider_double_labelP8MenuItemih
                0x00012a1a      0x352 menu_mgr.o
                0x00012a1a                _Z23drawSlider_double_labelP8MenuItemih
 .text._Z12drawSelectorP8MenuItemii6StringS1_iiih
                0x00012d6c       0xca menu_mgr.o
                0x00012d6c                _Z12drawSelectorP8MenuItemii6StringS1_iiih
 .text._Z18draw_button_symbolP8MenuItemh
                0x00012e36       0xfa menu_mgr.o
                0x00012e36                _Z18draw_button_symbolP8MenuItemh
 .text._Z25drawslider_equalizer_gainP8MenuItemh
                0x00012f30      0x478 menu_mgr.o
                0x00012f30                _Z25drawslider_equalizer_gainP8MenuItemh
 .text._Z25drawslider_equalizer_freqP8MenuItemh
                0x000133a8      0x24e menu_mgr.o
                0x000133a8                _Z25drawslider_equalizer_freqP8MenuItemh
 .text._Z19draw_theme_selectorP8MenuItemh
                0x000135f6      0x280 menu_mgr.o
                0x000135f6                _Z19draw_theme_selectorP8MenuItemh
 .text._Z19draw_style_selectorP8MenuItemh
                0x00013876      0x264 menu_mgr.o
                0x00013876                _Z19draw_style_selectorP8MenuItemh
 .text._Z22draw_mem_bank_selectorP8MenuItemh
                0x00013ada      0x20e menu_mgr.o
                0x00013ada                _Z22draw_mem_bank_selectorP8MenuItemh
 .text._Z18draw_hist_selectorP8MenuItemh
                0x00013ce8      0x32e menu_mgr.o
                0x00013ce8                _Z18draw_hist_selectorP8MenuItemh
 .text._Z9draw_textii6StringS_hh
                0x00014016      0x23e menu_mgr.o
                0x00014016                _Z9draw_textii6StringS_hh
 .text._ZN8menu_mgr19send_startup_reverbEhh
                0x00014254      0x154 menu_mgr.o
                0x00014254                _ZN8menu_mgr19send_startup_reverbEhh
 .text._Z12resend_notesv
                0x000143a8       0x9a menu_mgr.o
                0x000143a8                _Z12resend_notesv
 .text.startup._GLOBAL__sub_I_myGLCD
                0x00014442      0x54c menu_mgr.o
 .text._ZN8menu_mgr12check_reverbE6Stringh
                0x0001498e      0x474 menu_mgr.o
                0x0001498e                _ZN8menu_mgr12check_reverbE6Stringh
 .text._Z22drawslider_equalizer_QP8MenuItemh
                0x00014e02      0x620 menu_mgr.o
                0x00014e02                _Z22drawslider_equalizer_QP8MenuItemh
 .text._Z18draw_stop_selectorP8MenuItemh
                0x00015422      0x32a menu_mgr.o
                0x00015422                _Z18draw_stop_selectorP8MenuItemh
 .text._Z14call_item_modeP8MenuItemh
                0x0001574c      0x430 menu_mgr.o
                0x0001574c                _Z14call_item_modeP8MenuItemh
 .text._Z14on_item_selectP8MenuItemh
                0x00015b7c       0x26 menu_mgr.o
                0x00015b7c                _Z14on_item_selectP8MenuItemh
 .text._Z20on_item_draw_enabledP8MenuItem
                0x00015ba2        0x4 menu_mgr.o
                0x00015ba2                _Z20on_item_draw_enabledP8MenuItem
 .text._Z21on_item_draw_disabledP8MenuItem
                0x00015ba6        0x4 menu_mgr.o
                0x00015ba6                _Z21on_item_draw_disabledP8MenuItem
 .text._Z13on_item_clearP8MenuItem
                0x00015baa        0x4 menu_mgr.o
                0x00015baa                _Z13on_item_clearP8MenuItem
 .text._ZN8menu_mgr9menu_initEv
                0x00015bae      0x73a menu_mgr.o
                0x00015bae                _ZN8menu_mgr9menu_initEv
 .text._ZN8menu_mgr12display_menuEv
                0x000162e8      0x5fa menu_mgr.o
                0x000162e8                _ZN8menu_mgr12display_menuEv
 .text._ZN11EEPROMClass4readEi.isra.0
                0x000168e2        0x4 MIDI_mgr.o
 .text._ZN14HardwareSerial5writeEi
                0x000168e6        0xe MIDI_mgr.o
                0x000168e6                _ZN14HardwareSerial5writeEi
 .text._ZN8MIDI_mgr14load_style_keyEPKiPh
                0x000168f4       0x1c MIDI_mgr.o
                0x000168f4                _ZN8MIDI_mgr14load_style_keyEPKiPh
 .text._ZN8MIDI_mgr22send_midi_active_senseEv
                0x00016910        0x2 MIDI_mgr.o
                0x00016910                _ZN8MIDI_mgr22send_midi_active_senseEv
 .text._ZN4midi13MidiInterfaceI14HardwareSerial13MIDI_settingsEC2ERS1_
                0x00016912       0x56 MIDI_mgr.o
                0x00016912                _ZN4midi13MidiInterfaceI14HardwareSerial13MIDI_settingsEC2ERS1_
                0x00016912                _ZN4midi13MidiInterfaceI14HardwareSerial13MIDI_settingsEC1ERS1_
 .text._ZN4midi13MidiInterfaceI14HardwareSerial13MIDI_settingsE5beginEh
                0x00016968       0x52 MIDI_mgr.o
                0x00016968                _ZN4midi13MidiInterfaceI14HardwareSerial13MIDI_settingsE5beginEh
 .text._ZN8MIDI_mgr13MIDI_mgr_initEv
                0x000169ba       0x20 MIDI_mgr.o
                0x000169ba                _ZN8MIDI_mgr13MIDI_mgr_initEv
 .text._ZN4midi13MidiInterfaceI14HardwareSerial13MIDI_settingsE9sendSysExEjPKhb
                0x000169da       0xa6 MIDI_mgr.o
                0x000169da                _ZN4midi13MidiInterfaceI14HardwareSerial13MIDI_settingsE9sendSysExEjPKhb
 .text._ZN8MIDI_mgr18sendSysEx_MIDI_outEhhPhh.part.1
                0x00016a80       0x14 MIDI_mgr.o
 .text._ZN8MIDI_mgr18sendSysEx_MIDI_outEhhPhh
                0x00016a94       0x64 MIDI_mgr.o
                0x00016a94                _ZN8MIDI_mgr18sendSysEx_MIDI_outEhhPhh
 .text._ZN8MIDI_mgr15send_style_varsEPh
                0x00016af8       0xac MIDI_mgr.o
                0x00016af8                _ZN8MIDI_mgr15send_style_varsEPh
 .text._ZN8MIDI_mgr12change_styleEh
                0x00016ba4      0x12a MIDI_mgr.o
                0x00016ba4                _ZN8MIDI_mgr12change_styleEh
 .text._ZN8MIDI_mgr19equalizer_set_pedalEii
                0x00016cce       0xf6 MIDI_mgr.o
                0x00016cce                _ZN8MIDI_mgr19equalizer_set_pedalEii
 .text._ZN8MIDI_mgr13equalizer_setEii
                0x00016dc4      0x1a8 MIDI_mgr.o
                0x00016dc4                _ZN8MIDI_mgr13equalizer_setEii
 .text._ZN8MIDI_mgr22equalizer_startup_sendEv
                0x00016f6c      0x2da MIDI_mgr.o
                0x00016f6c                _ZN8MIDI_mgr22equalizer_startup_sendEv
 .text._ZN8MIDI_mgr25equalizer_headphones_sendEv
                0x00017246      0x1e8 MIDI_mgr.o
                0x00017246                _ZN8MIDI_mgr25equalizer_headphones_sendEv
 .text._ZN8MIDI_mgr11send_reverbEhhh
                0x0001742e      0x144 MIDI_mgr.o
                0x0001742e                _ZN8MIDI_mgr11send_reverbEhhh
 .text._ZN8MIDI_mgr14send_MIDI_codeEiiii
                0x00017572       0xa0 MIDI_mgr.o
                0x00017572                _ZN8MIDI_mgr14send_MIDI_codeEiiii
 .text._ZN8MIDI_mgr14send_MIDI_testEiii
                0x00017612      0x130 MIDI_mgr.o
                0x00017612                _ZN8MIDI_mgr14send_MIDI_testEiii
 .text._ZN8MIDI_mgr30send_midi_MASTER_volume_changeEv
                0x00017742      0x10e MIDI_mgr.o
                0x00017742                _ZN8MIDI_mgr30send_midi_MASTER_volume_changeEv
 .text._ZN4midi13MidiInterfaceI14HardwareSerial13MIDI_settingsE4sendENS_8MidiTypeEhhh
                0x00017850       0xea MIDI_mgr.o
                0x00017850                _ZN4midi13MidiInterfaceI14HardwareSerial13MIDI_settingsE4sendENS_8MidiTypeEhhh
 .text._ZN4midi13MidiInterfaceI14HardwareSerial13MIDI_settingsE17sendControlChangeEhhh
                0x0001793a       0x10 MIDI_mgr.o
                0x0001793a                _ZN4midi13MidiInterfaceI14HardwareSerial13MIDI_settingsE17sendControlChangeEhhh
 .text._ZN8MIDI_mgr15mute_all_soundsEv
                0x0001794a       0x3c MIDI_mgr.o
                0x0001794a                _ZN8MIDI_mgr15mute_all_soundsEv
 .text._ZN8MIDI_mgr18send_MIDI_functionEibii
                0x00017986      0x184 MIDI_mgr.o
                0x00017986                _ZN8MIDI_mgr18send_MIDI_functionEibii
 .text._ZN8MIDI_mgr18send_tremulant_keyEiP4Stopbib
                0x00017b0a       0x28 MIDI_mgr.o
                0x00017b0a                _ZN8MIDI_mgr18send_tremulant_keyEiP4Stopbib
 .text._ZN8MIDI_mgr30send_midi_volume_change_manualEhh
                0x00017b32      0x180 MIDI_mgr.o
                0x00017b32                _ZN8MIDI_mgr30send_midi_volume_change_manualEhh
 .text._ZN4midi13MidiInterfaceI14HardwareSerial13MIDI_settingsE17sendProgramChangeEhh
                0x00017cb2       0x10 MIDI_mgr.o
                0x00017cb2                _ZN4midi13MidiInterfaceI14HardwareSerial13MIDI_settingsE17sendProgramChangeEhh
 .text._ZN8MIDI_mgr26sendProgramChange_MIDI_outEhhh
                0x00017cc2       0xa2 MIDI_mgr.o
                0x00017cc2                _ZN8MIDI_mgr26sendProgramChange_MIDI_outEhhh
 .text._ZN4midi13MidiInterfaceI14HardwareSerial13MIDI_settingsE10sendNoteOnEhhh
                0x00017d64       0x10 MIDI_mgr.o
                0x00017d64                _ZN4midi13MidiInterfaceI14HardwareSerial13MIDI_settingsE10sendNoteOnEhhh
 .text._ZN8MIDI_mgr17sendNote_MIDI_outEhhhhb
                0x00017d74      0x116 MIDI_mgr.o
                0x00017d74                _ZN8MIDI_mgr17sendNote_MIDI_outEhhhhb
 .text._ZN8MIDI_mgr15send_note_DREAMEibih
                0x00017e8a      0x176 MIDI_mgr.o
                0x00017e8a                _ZN8MIDI_mgr15send_note_DREAMEibih
 .text.startup._GLOBAL__sub_I_MIDI
                0x00018000       0xa0 MIDI_mgr.o
 .text.startup._GLOBAL__sub_I_PROGMEM_address_var.cpp
                0x000180a0       0x72 PROGMEM_address_var.o
 .text._ZN6SD_mgrC2Ev
                0x00018112        0x8 SD_mgr.o
                0x00018112                _ZN6SD_mgrC2Ev
                0x00018112                _ZN6SD_mgrC1Ev
 .text._ZN6SD_mgr22Read_zecer_combinationEhhiPh
                0x0001811a        0x2 SD_mgr.o
                0x0001811a                _ZN6SD_mgr22Read_zecer_combinationEhhiPh
 .text._ZN6SD_mgr23Write_zecer_combinationEhhiPh
                0x0001811c        0x4 SD_mgr.o
                0x0001811c                _ZN6SD_mgr23Write_zecer_combinationEhhiPh
 .text._ZN6SD_mgr25recording_add_stop_changeEhhb
                0x00018120        0x4 SD_mgr.o
                0x00018120                _ZN6SD_mgr25recording_add_stop_changeEhhb
 .text.startup._GLOBAL__sub_I_chipSelect
                0x00018124       0x72 SD_mgr.o
 .text._Z14on_timer_checkv
                0x00018196       0x16 Sketch.o
                0x00018196                _Z14on_timer_checkv
 .text._Z11doSomethingv
                0x000181ac       0x36 Sketch.o
                0x000181ac                _Z11doSomethingv
 .text._ZN11EEPROMClass4readEi.isra.1
                0x000181e2        0x4 Sketch.o
 .text._ZN11EEPROMClass5writeEih.isra.2
                0x000181e6        0x4 Sketch.o
 .text.setup    0x000181ea      0xc48 Sketch.o
                0x000181ea                setup
 .text.loop     0x00018e32       0x9a Sketch.o
                0x00018e32                loop
 .text.startup._GLOBAL__sub_I_t
                0x00018ecc       0xbc Sketch.o
 .text.exit._GLOBAL__sub_D_t
                0x00018f88        0x8 Sketch.o
 .text._ZN8SPIClass8transferEh
                0x00018f90        0xe SpiRAM.o
                0x00018f90                _ZN8SPIClass8transferEh
 .text._ZN4StopC2EhhhhhPcS0_PFvPS_bE
                0x00018f9e       0x28 Stop.o
                0x00018f9e                _ZN4StopC1EhhhhhPcS0_PFvPS_bE
                0x00018f9e                _ZN4StopC2EhhhhhPcS0_PFvPS_bE
 .text._ZN4Stop6get_IDEv
                0x00018fc6       0x14 Stop.o
                0x00018fc6                _ZN4Stop6get_IDEv
 .text._ZN4Stop11get_MIDI_CHEv
                0x00018fda       0x14 Stop.o
                0x00018fda                _ZN4Stop11get_MIDI_CHEv
 .text._ZN4Stop17get_MIDI_out_numbEv
                0x00018fee       0x14 Stop.o
                0x00018fee                _ZN4Stop17get_MIDI_out_numbEv
 .text._ZN4Stop20get_active_on_manualEv
                0x00019002       0x14 Stop.o
                0x00019002                _ZN4Stop20get_active_on_manualEv
 .text._ZN4Stop13get_STOP_typeEv
                0x00019016       0x46 Stop.o
                0x00019016                _ZN4Stop13get_STOP_typeEv
 .text._ZN4Stop9set_stateEb
                0x0001905c       0x12 Stop.o
                0x0001905c                _ZN4Stop9set_stateEb
 .text._ZN4Stop14set_temp_stateEb
                0x0001906e       0x12 Stop.o
                0x0001906e                _ZN4Stop14set_temp_stateEb
 .text._ZN4Stop9get_stateEv
                0x00019080        0x8 Stop.o
                0x00019080                _ZN4Stop9get_stateEv
 .text._ZN4Stop8GetStateEv
                0x00019088        0x2 Stop.o
                0x00019088                _ZN4Stop8GetStateEv
 .text._ZN4Stop8SetStateEb
                0x0001908a       0x58 Stop.o
                0x0001908a                _ZN4Stop8SetStateEb
 .text._ZN4Stop13SetState_onlyEb
                0x000190e2       0x34 Stop.o
                0x000190e2                _ZN4Stop13SetState_onlyEb
 .text._ZN4Stop14get_temp_stateEv
                0x00019116        0xa Stop.o
                0x00019116                _ZN4Stop14get_temp_stateEv
 .text._ZN4Stop6selectEb
                0x00019120       0x6e Stop.o
                0x00019120                _ZN4Stop6selectEb
 .text.startup._GLOBAL__sub_I__ZN4Stop17read_PROGMEM_infoEh
                0x0001918e       0x72 Stop.o
 .text._ZN8Stop_mgr15set_dispositionEh
                0x00019200       0xb6 Stop_mgr.o
                0x00019200                _ZN8Stop_mgr15set_dispositionEh
 .text._ZN8Stop_mgr8add_stopEP4Stop
                0x000192b6       0x4e Stop_mgr.o
                0x000192b6                _ZN8Stop_mgr8add_stopEP4Stop
 .text._ZN8Stop_mgr2idEi
                0x00019304       0x1e Stop_mgr.o
                0x00019304                _ZN8Stop_mgr2idEi
 .text._ZN8Stop_mgr9linked_idEi
                0x00019322       0x24 Stop_mgr.o
                0x00019322                _ZN8Stop_mgr9linked_idEi
 .text._ZN8Stop_mgr15CHECK_stop_initEi
                0x00019346       0x12 Stop_mgr.o
                0x00019346                _ZN8Stop_mgr15CHECK_stop_initEi
 .text._ZN8Stop_mgr13Stop_mgr_initEPFvP4StopbEPFvS1_ES5_S5_S5_
                0x00019358      0x8c2 Stop_mgr.o
                0x00019358                _ZN8Stop_mgr13Stop_mgr_initEPFvP4StopbEPFvS1_ES5_S5_S5_
 .text._ZN8Stop_mgr16read_stopsNormalEv
                0x00019c1a      0x106 Stop_mgr.o
                0x00019c1a                _ZN8Stop_mgr16read_stopsNormalEv
 .text.startup._GLOBAL__sub_I__ZN8Stop_mgr15set_dispositionEh
                0x00019d20       0x72 Stop_mgr.o
 .text._ZN9Zecer_mgr15set_dispositionEh
                0x00019d92       0xd6 Zecer_mgr.o
                0x00019d92                _ZN9Zecer_mgr15set_dispositionEh
 .text._ZN9Zecer_mgr9add_buttnEP8Button_z
                0x00019e68       0x30 Zecer_mgr.o
                0x00019e68                _ZN9Zecer_mgr9add_buttnEP8Button_z
 .text._ZN9Zecer_mgr14Zecer_mgr_initEPFvP8Button_zbE
                0x00019e98      0x9fe Zecer_mgr.o
                0x00019e98                _ZN9Zecer_mgr14Zecer_mgr_initEPFvP8Button_zbE
 .text._ZN9Zecer_mgr2idEi
                0x0001a896       0x14 Zecer_mgr.o
                0x0001a896                _ZN9Zecer_mgr2idEi
 .text._ZN9Zecer_mgr9linked_idEi
                0x0001a8aa       0x46 Zecer_mgr.o
                0x0001a8aa                _ZN9Zecer_mgr9linked_idEi
 .text._ZN9Zecer_mgr10read_inputEv
                0x0001a8f0      0x25a Zecer_mgr.o
                0x0001a8f0                _ZN9Zecer_mgr10read_inputEv
 .text.startup._GLOBAL__sub_I__ZN9Zecer_mgr7link_idEhh
                0x0001ab4a       0x72 Zecer_mgr.o
 .text._Z21on_stop_tremulant_OFFP4Stop
                0x0001abbc       0x34 Zecer_stop_mgr.o
                0x0001abbc                _Z21on_stop_tremulant_OFFP4Stop
 .text._Z20on_stop_tremulant_ONP4Stop
                0x0001abf0       0x3c Zecer_stop_mgr.o
                0x0001abf0                _Z20on_stop_tremulant_ONP4Stop
 .text._ZN14Zecer_stop_mgr19Zecer_stop_mgr_initEv
                0x0001ac2c       0x9c Zecer_stop_mgr.o
                0x0001ac2c                _ZN14Zecer_stop_mgr19Zecer_stop_mgr_initEv
 .text._Z25load_ordinary_stop_outputP4Stop
                0x0001acc8      0x12e Zecer_stop_mgr.o
                0x0001acc8                _Z25load_ordinary_stop_outputP4Stop
 .text._Z15on_buttn_on_offP8Button_z
                0x0001adf6        0x6 Zecer_stop_mgr.o
                0x0001adf6                _Z15on_buttn_on_offP8Button_z
 .text._Z24on_buttn_on_off_deselectP8Button_z
                0x0001adfc        0x6 Zecer_stop_mgr.o
                0x0001adfc                _Z24on_buttn_on_off_deselectP8Button_z
 .text._Z12on_buttn_SETP8Button_z
                0x0001ae02       0x5e Zecer_stop_mgr.o
                0x0001ae02                _Z12on_buttn_SETP8Button_z
 .text._Z21on_buttn_SET_deselectP8Button_z
                0x0001ae60       0x48 Zecer_stop_mgr.o
                0x0001ae60                _Z21on_buttn_SET_deselectP8Button_z
 .text._Z20on_buttn_combinationP8Button_z
                0x0001aea8      0x508 Zecer_stop_mgr.o
                0x0001aea8                _Z20on_buttn_combinationP8Button_z
 .text._Z29on_buttn_combination_deselectP8Button_z
                0x0001b3b0       0x30 Zecer_stop_mgr.o
                0x0001b3b0                _Z29on_buttn_combination_deselectP8Button_z
 .text._Z13on_buttn_PLUSP8Button_z
                0x0001b3e0      0x54a Zecer_stop_mgr.o
                0x0001b3e0                _Z13on_buttn_PLUSP8Button_z
 .text._Z22on_buttn_PLUS_deselectP8Button_z
                0x0001b92a        0x6 Zecer_stop_mgr.o
                0x0001b92a                _Z22on_buttn_PLUS_deselectP8Button_z
 .text._Z14on_buttn_MINUSP8Button_z
                0x0001b930      0x2c8 Zecer_stop_mgr.o
                0x0001b930                _Z14on_buttn_MINUSP8Button_z
 .text._Z23on_buttn_MINUS_deselectP8Button_z
                0x0001bbf8        0x6 Zecer_stop_mgr.o
                0x0001bbf8                _Z23on_buttn_MINUS_deselectP8Button_z
 .text._Z14on_buttn_RESETP8Button_z
                0x0001bbfe       0xee Zecer_stop_mgr.o
                0x0001bbfe                _Z14on_buttn_RESETP8Button_z
 .text._Z23on_buttn_RESET_deselectP8Button_z
                0x0001bcec       0x1e Zecer_stop_mgr.o
                0x0001bcec                _Z23on_buttn_RESET_deselectP8Button_z
 .text._Z14help_keysenderPhS_S_S_h
                0x0001bd0a       0x9e Zecer_stop_mgr.o
                0x0001bd0a                _Z14help_keysenderPhS_S_S_h
 .text._Z15help_keysender1PhS_h
                0x0001bda8       0x9e Zecer_stop_mgr.o
                0x0001bda8                _Z15help_keysender1PhS_h
 .text._ZN14Zecer_stop_mgr17help_refresh_noteEP4Stopb
                0x0001be46       0x8a Zecer_stop_mgr.o
                0x0001be46                _ZN14Zecer_stop_mgr17help_refresh_noteEP4Stopb
 .text._Z11on_stop_OFFP4Stop
                0x0001bed0       0x68 Zecer_stop_mgr.o
                0x0001bed0                _Z11on_stop_OFFP4Stop
 .text._Z10on_stop_ONP4Stop
                0x0001bf38      0x168 Zecer_stop_mgr.o
                0x0001bf38                _Z10on_stop_ONP4Stop
 .text._Z13on_stop_EVENTP4Stopb
                0x0001c0a0       0x72 Zecer_stop_mgr.o
                0x0001c0a0                _Z13on_stop_EVENTP4Stopb
 .text._ZN14Zecer_stop_mgr14read_gas_pedalEv
                0x0001c112      0x44c Zecer_stop_mgr.o
                0x0001c112                _ZN14Zecer_stop_mgr14read_gas_pedalEv
 .text._ZN14Zecer_stop_mgr18read_master_volumeEv
                0x0001c55e       0x98 Zecer_stop_mgr.o
                0x0001c55e                _ZN14Zecer_stop_mgr18read_master_volumeEv
 .text._ZN14Zecer_stop_mgr18help_edit_for_BASSEPhS0_hh
                0x0001c5f6       0xb8 Zecer_stop_mgr.o
                0x0001c5f6                _ZN14Zecer_stop_mgr18help_edit_for_BASSEPhS0_hh
 .text._ZN14Zecer_stop_mgr20help_edit_for_MELODYEPhS0_hh
                0x0001c6ae       0xb8 Zecer_stop_mgr.o
                0x0001c6ae                _ZN14Zecer_stop_mgr20help_edit_for_MELODYEPhS0_hh
 .text._ZN14Zecer_stop_mgr15help_edit_arrayEhPhS0_hh
                0x0001c766       0x66 Zecer_stop_mgr.o
                0x0001c766                _ZN14Zecer_stop_mgr15help_edit_arrayEhPhS0_hh
 .text._ZN14Zecer_stop_mgr23help_edit_array_SUB_SUPEhPhS0_S0_S0_S0_hhh
                0x0001c7cc       0x90 Zecer_stop_mgr.o
                0x0001c7cc                _ZN14Zecer_stop_mgr23help_edit_array_SUB_SUPEhPhS0_S0_S0_S0_hhh
 .text._ZN14Zecer_stop_mgr14read_KeyboardsEv
                0x0001c85c      0x37a Zecer_stop_mgr.o
                0x0001c85c                _ZN14Zecer_stop_mgr14read_KeyboardsEv
 .text._Z11on_buttn_10P8Button_z
                0x0001cbd6       0x32 Zecer_stop_mgr.o
                0x0001cbd6                _Z11on_buttn_10P8Button_z
 .text._Z20on_buttn_10_deselectP8Button_z
                0x0001cc08        0x6 Zecer_stop_mgr.o
                0x0001cc08                _Z20on_buttn_10_deselectP8Button_z
 .text._Z12on_buttn_100P8Button_z
                0x0001cc0e       0x32 Zecer_stop_mgr.o
                0x0001cc0e                _Z12on_buttn_100P8Button_z
 .text._Z21on_buttn_100_deselectP8Button_z
                0x0001cc40        0x6 Zecer_stop_mgr.o
                0x0001cc40                _Z21on_buttn_100_deselectP8Button_z
 .text._Z13help_method_1hPh
                0x0001cc46       0x56 Zecer_stop_mgr.o
                0x0001cc46                _Z13help_method_1hPh
 .text._Z13help_method_2hhPh
                0x0001cc9c       0x66 Zecer_stop_mgr.o
                0x0001cc9c                _Z13help_method_2hhPh
 .text._Z14on_foot_pistonP8Button_z
                0x0001cd02      0x48c Zecer_stop_mgr.o
                0x0001cd02                _Z14on_foot_pistonP8Button_z
 .text._Z14on_buttn_EVENTP8Button_zb
                0x0001d18e      0x158 Zecer_stop_mgr.o
                0x0001d18e                _Z14on_buttn_EVENTP8Button_zb
 .text._ZN14Zecer_stop_mgr16read_MIDIC_pedalEv
                0x0001d2e6      0x160 Zecer_stop_mgr.o
                0x0001d2e6                _ZN14Zecer_stop_mgr16read_MIDIC_pedalEv
 .text._ZN14Zecer_stop_mgr10inputCheckEv
                0x0001d446       0x2c Zecer_stop_mgr.o
                0x0001d446                _ZN14Zecer_stop_mgr10inputCheckEv
 .text.startup._GLOBAL__sub_I_old_gas_ped_1
                0x0001d472       0xb0 Zecer_stop_mgr.o
 .text.avr-libc.fplib
                0x0001d522        0xa c:/program files (x86)/atmel/studio/7.0/toolchain/avr8/avr8-gnu-toolchain/bin/../lib/gcc/avr/4.9.2/../../../../avr/lib/avr6\libm.a(addsf3.o)
                0x0001d522                __subsf3
                0x0001d524                __addsf3
 .text.avr-libc.fplib
                0x0001d52c       0xc0 c:/program files (x86)/atmel/studio/7.0/toolchain/avr8/avr8-gnu-toolchain/bin/../lib/gcc/avr/4.9.2/../../../../avr/lib/avr6\libm.a(addsf3x.o)
                0x0001d546                __addsf3x
 .text.avr-libc.fplib
                0x0001d5ec        0x8 c:/program files (x86)/atmel/studio/7.0/toolchain/avr8/avr8-gnu-toolchain/bin/../lib/gcc/avr/4.9.2/../../../../avr/lib/avr6\libm.a(cmpsf2.o)
                0x0001d5ec                __nesf2
                0x0001d5ec                __eqsf2
                0x0001d5ec                __cmpsf2
                0x0001d5ec                __ltsf2
                0x0001d5ec                __lesf2
 .text.avr-libc.fplib
                0x0001d5f4        0x4 c:/program files (x86)/atmel/studio/7.0/toolchain/avr8/avr8-gnu-toolchain/bin/../lib/gcc/avr/4.9.2/../../../../avr/lib/avr6\libm.a(divsf3.o)
                0x0001d5f4                __divsf3
 .text.avr-libc.fplib
                0x0001d5f8       0xcc c:/program files (x86)/atmel/studio/7.0/toolchain/avr8/avr8-gnu-toolchain/bin/../lib/gcc/avr/4.9.2/../../../../avr/lib/avr6\libm.a(divsf3x.o)
                0x0001d60e                __divsf3x
                0x0001d612                __divsf3_pse
 .text.avr-libc.fplib
                0x0001d6c4        0xa c:/program files (x86)/atmel/studio/7.0/toolchain/avr8/avr8-gnu-toolchain/bin/../lib/gcc/avr/4.9.2/../../../../avr/lib/avr6\libm.a(fixsfsi.o)
                0x0001d6c4                __fixsfsi
 .text.avr-libc.fplib
                0x0001d6ce       0x58 c:/program files (x86)/atmel/studio/7.0/toolchain/avr8/avr8-gnu-toolchain/bin/../lib/gcc/avr/4.9.2/../../../../avr/lib/avr6\libm.a(fixunssfsi.o)
                0x0001d6ce                __fixunssfsi
 .text.avr-libc.fplib
                0x0001d726       0x7a c:/program files (x86)/atmel/studio/7.0/toolchain/avr8/avr8-gnu-toolchain/bin/../lib/gcc/avr/4.9.2/../../../../avr/lib/avr6\libm.a(floatsisf.o)
                0x0001d726                __floatunsisf
                0x0001d72a                __floatsisf
 .text.avr-libc.fplib
                0x0001d7a0       0x48 c:/program files (x86)/atmel/studio/7.0/toolchain/avr8/avr8-gnu-toolchain/bin/../lib/gcc/avr/4.9.2/../../../../avr/lib/avr6\libm.a(fp_cmp.o)
                0x0001d7a0                __fp_cmp
 .text.avr-libc.fplib
                0x0001d7e8        0xc c:/program files (x86)/atmel/studio/7.0/toolchain/avr8/avr8-gnu-toolchain/bin/../lib/gcc/avr/4.9.2/../../../../avr/lib/avr6\libm.a(fp_inf.o)
                0x0001d7e8                __fp_inf
 .text.avr-libc.fplib
                0x0001d7f4        0x6 c:/program files (x86)/atmel/studio/7.0/toolchain/avr8/avr8-gnu-toolchain/bin/../lib/gcc/avr/4.9.2/../../../../avr/lib/avr6\libm.a(fp_nan.o)
                0x0001d7f4                __fp_nan
 .text.avr-libc.fplib
                0x0001d7fa        0xe c:/program files (x86)/atmel/studio/7.0/toolchain/avr8/avr8-gnu-toolchain/bin/../lib/gcc/avr/4.9.2/../../../../avr/lib/avr6\libm.a(fp_pscA.o)
                0x0001d7fa                __fp_pscA
 .text.avr-libc.fplib
                0x0001d808        0xe c:/program files (x86)/atmel/studio/7.0/toolchain/avr8/avr8-gnu-toolchain/bin/../lib/gcc/avr/4.9.2/../../../../avr/lib/avr6\libm.a(fp_pscB.o)
                0x0001d808                __fp_pscB
 .text.avr-libc.fplib
                0x0001d816       0x22 c:/program files (x86)/atmel/studio/7.0/toolchain/avr8/avr8-gnu-toolchain/bin/../lib/gcc/avr/4.9.2/../../../../avr/lib/avr6\libm.a(fp_round.o)
                0x0001d816                __fp_round
 .text.avr-libc.fplib
                0x0001d838       0x44 c:/program files (x86)/atmel/studio/7.0/toolchain/avr8/avr8-gnu-toolchain/bin/../lib/gcc/avr/4.9.2/../../../../avr/lib/avr6\libm.a(fp_split3.o)
                0x0001d838                __fp_split3
                0x0001d848                __fp_splitA
 .text.avr-libc.fplib
                0x0001d87c        0xe c:/program files (x86)/atmel/studio/7.0/toolchain/avr8/avr8-gnu-toolchain/bin/../lib/gcc/avr/4.9.2/../../../../avr/lib/avr6\libm.a(fp_zero.o)
                0x0001d87c                __fp_zero
                0x0001d87e                __fp_szero
 .text.avr-libc.fplib
                0x0001d88a        0x8 c:/program files (x86)/atmel/studio/7.0/toolchain/avr8/avr8-gnu-toolchain/bin/../lib/gcc/avr/4.9.2/../../../../avr/lib/avr6\libm.a(gesf2.o)
                0x0001d88a                __gesf2
                0x0001d88a                __gtsf2
 .text.avr-libc.fplib
                0x0001d892        0x4 c:/program files (x86)/atmel/studio/7.0/toolchain/avr8/avr8-gnu-toolchain/bin/../lib/gcc/avr/4.9.2/../../../../avr/lib/avr6\libm.a(mulsf3.o)
                0x0001d892                __mulsf3
 .text.avr-libc.fplib
                0x0001d896       0xc2 c:/program files (x86)/atmel/studio/7.0/toolchain/avr8/avr8-gnu-toolchain/bin/../lib/gcc/avr/4.9.2/../../../../avr/lib/avr6\libm.a(mulsf3x.o)
                0x0001d8aa                __mulsf3x
                0x0001d8ae                __mulsf3_pse
 .text._ZN14HardwareSerial9availableEv
                0x0001d958       0x18 C:\Users\Greg\DOCUME~1\ATMELS~2\ACCENT~1.1\ACCENT~1.1\ARDUIN~1\Release\libArduinoCore.a(HardwareSerial.o)
                0x0001d958                _ZN14HardwareSerial9availableEv
 .text._ZN14HardwareSerial4peekEv
                0x0001d970       0x1c C:\Users\Greg\DOCUME~1\ATMELS~2\ACCENT~1.1\ACCENT~1.1\ARDUIN~1\Release\libArduinoCore.a(HardwareSerial.o)
                0x0001d970                _ZN14HardwareSerial4peekEv
 .text._ZN14HardwareSerial4readEv
                0x0001d98c       0x28 C:\Users\Greg\DOCUME~1\ATMELS~2\ACCENT~1.1\ACCENT~1.1\ARDUIN~1\Release\libArduinoCore.a(HardwareSerial.o)
                0x0001d98c                _ZN14HardwareSerial4readEv
 .text._Z14serialEventRunv
                0x0001d9b4       0x72 C:\Users\Greg\DOCUME~1\ATMELS~2\ACCENT~1.1\ACCENT~1.1\ARDUIN~1\Release\libArduinoCore.a(HardwareSerial.o)
                0x0001d9b4                _Z14serialEventRunv
 .text._ZN14HardwareSerial17_tx_udr_empty_irqEv
                0x0001da26       0x42 C:\Users\Greg\DOCUME~1\ATMELS~2\ACCENT~1.1\ACCENT~1.1\ARDUIN~1\Release\libArduinoCore.a(HardwareSerial.o)
                0x0001da26                _ZN14HardwareSerial17_tx_udr_empty_irqEv
 .text._ZN14HardwareSerial5flushEv
                0x0001da68       0x42 C:\Users\Greg\DOCUME~1\ATMELS~2\ACCENT~1.1\ACCENT~1.1\ARDUIN~1\Release\libArduinoCore.a(HardwareSerial.o)
                0x0001da68                _ZN14HardwareSerial5flushEv
 .text._ZN14HardwareSerial5writeEh
                0x0001daaa       0x8c C:\Users\Greg\DOCUME~1\ATMELS~2\ACCENT~1.1\ACCENT~1.1\ARDUIN~1\Release\libArduinoCore.a(HardwareSerial.o)
                0x0001daaa                _ZN14HardwareSerial5writeEh
 .text._ZN14HardwareSerial5beginEmh
                0x0001db36       0xca C:\Users\Greg\DOCUME~1\ATMELS~2\ACCENT~1.1\ACCENT~1.1\ARDUIN~1\Release\libArduinoCore.a(HardwareSerial.o)
                0x0001db36                _ZN14HardwareSerial5beginEmh
 .text.__vector_25
                0x0001dc00       0x6c C:\Users\Greg\DOCUME~1\ATMELS~2\ACCENT~1.1\ACCENT~1.1\ARDUIN~1\Release\libArduinoCore.a(HardwareSerial0.o)
                0x0001dc00                __vector_25
 .text.__vector_26
                0x0001dc6c       0x52 C:\Users\Greg\DOCUME~1\ATMELS~2\ACCENT~1.1\ACCENT~1.1\ARDUIN~1\Release\libArduinoCore.a(HardwareSerial0.o)
                0x0001dc6c                __vector_26
 .text._Z17Serial0_availablev
                0x0001dcbe       0x12 C:\Users\Greg\DOCUME~1\ATMELS~2\ACCENT~1.1\ACCENT~1.1\ARDUIN~1\Release\libArduinoCore.a(HardwareSerial0.o)
                0x0001dcbe                _Z17Serial0_availablev
 .text.startup._GLOBAL__sub_I___vector_25
                0x0001dcd0       0x5a C:\Users\Greg\DOCUME~1\ATMELS~2\ACCENT~1.1\ACCENT~1.1\ARDUIN~1\Release\libArduinoCore.a(HardwareSerial0.o)
 .text.__vector_36
                0x0001dd2a       0x6c C:\Users\Greg\DOCUME~1\ATMELS~2\ACCENT~1.1\ACCENT~1.1\ARDUIN~1\Release\libArduinoCore.a(HardwareSerial1.o)
                0x0001dd2a                __vector_36
 .text.__vector_37
                0x0001dd96       0x52 C:\Users\Greg\DOCUME~1\ATMELS~2\ACCENT~1.1\ACCENT~1.1\ARDUIN~1\Release\libArduinoCore.a(HardwareSerial1.o)
                0x0001dd96                __vector_37
 .text._Z17Serial1_availablev
                0x0001dde8       0x12 C:\Users\Greg\DOCUME~1\ATMELS~2\ACCENT~1.1\ACCENT~1.1\ARDUIN~1\Release\libArduinoCore.a(HardwareSerial1.o)
                0x0001dde8                _Z17Serial1_availablev
 .text.startup._GLOBAL__sub_I___vector_36