Archive member included to satisfy reference by file (symbol)

c:/program files (x86)/atmel/studio/7.0/toolchain/avr8/avr8-gnu-toolchain/bin/../lib/gcc/avr/5.4.0/../../../../avr/lib/avr6\libm.a(addsf3.o)
                              menu_mgr.o (__subsf3)
c:/program files (x86)/atmel/studio/7.0/toolchain/avr8/avr8-gnu-toolchain/bin/../lib/gcc/avr/5.4.0/../../../../avr/lib/avr6\libm.a(addsf3x.o)
                              c:/program files (x86)/atmel/studio/7.0/toolchain/avr8/avr8-gnu-toolchain/bin/../lib/gcc/avr/5.4.0/../../../../avr/lib/avr6\libm.a(addsf3.o) (__addsf3x)
c:/program files (x86)/atmel/studio/7.0/toolchain/avr8/avr8-gnu-toolchain/bin/../lib/gcc/avr/5.4.0/../../../../avr/lib/avr6\libm.a(cmpsf2.o)
                              menu_mgr.o (__ltsf2)
c:/program files (x86)/atmel/studio/7.0/toolchain/avr8/avr8-gnu-toolchain/bin/../lib/gcc/avr/5.4.0/../../../../avr/lib/avr6\libm.a(divsf3.o)
                              menu_mgr.o (__divsf3)
c:/program files (x86)/atmel/studio/7.0/toolchain/avr8/avr8-gnu-toolchain/bin/../lib/gcc/avr/5.4.0/../../../../avr/lib/avr6\libm.a(divsf3x.o)
                              c:/program files (x86)/atmel/studio/7.0/toolchain/avr8/avr8-gnu-toolchain/bin/../lib/gcc/avr/5.4.0/../../../../avr/lib/avr6\libm.a(divsf3.o) (__divsf3x)
c:/program files (x86)/atmel/studio/7.0/toolchain/avr8/avr8-gnu-toolchain/bin/../lib/gcc/avr/5.4.0/../../../../avr/lib/avr6\libm.a(fixsfsi.o)
                              Zecer_stop_mgr.o (__fixsfsi)
c:/program files (x86)/atmel/studio/7.0/toolchain/avr8/avr8-gnu-toolchain/bin/../lib/gcc/avr/5.4.0/../../../../avr/lib/avr6\libm.a(fixunssfsi.o)
                              menu_mgr.o (__fixunssfsi)
c:/program files (x86)/atmel/studio/7.0/toolchain/avr8/avr8-gnu-toolchain/bin/../lib/gcc/avr/5.4.0/../../../../avr/lib/avr6\libm.a(floatsisf.o)
                              global_variables.o (__floatunsisf)
c:/program files (x86)/atmel/studio/7.0/toolchain/avr8/avr8-gnu-toolchain/bin/../lib/gcc/avr/5.4.0/../../../../avr/lib/avr6\libm.a(fp_cmp.o)
                              c:/program files (x86)/atmel/studio/7.0/toolchain/avr8/avr8-gnu-toolchain/bin/../lib/gcc/avr/5.4.0/../../../../avr/lib/avr6\libm.a(cmpsf2.o) (__fp_cmp)
c:/program files (x86)/atmel/studio/7.0/toolchain/avr8/avr8-gnu-toolchain/bin/../lib/gcc/avr/5.4.0/../../../../avr/lib/avr6\libm.a(fp_inf.o)
                              c:/program files (x86)/atmel/studio/7.0/toolchain/avr8/avr8-gnu-toolchain/bin/../lib/gcc/avr/5.4.0/../../../../avr/lib/avr6\libm.a(addsf3x.o) (__fp_inf)
c:/program files (x86)/atmel/studio/7.0/toolchain/avr8/avr8-gnu-toolchain/bin/../lib/gcc/avr/5.4.0/../../../../avr/lib/avr6\libm.a(fp_nan.o)
                              c:/program files (x86)/atmel/studio/7.0/toolchain/avr8/avr8-gnu-toolchain/bin/../lib/gcc/avr/5.4.0/../../../../avr/lib/avr6\libm.a(addsf3x.o) (__fp_nan)
c:/program files (x86)/atmel/studio/7.0/toolchain/avr8/avr8-gnu-toolchain/bin/../lib/gcc/avr/5.4.0/../../../../avr/lib/avr6\libm.a(fp_pscA.o)
                              c:/program files (x86)/atmel/studio/7.0/toolchain/avr8/avr8-gnu-toolchain/bin/../lib/gcc/avr/5.4.0/../../../../avr/lib/avr6\libm.a(addsf3x.o) (__fp_pscA)
c:/program files (x86)/atmel/studio/7.0/toolchain/avr8/avr8-gnu-toolchain/bin/../lib/gcc/avr/5.4.0/../../../../avr/lib/avr6\libm.a(fp_pscB.o)
                              c:/program files (x86)/atmel/studio/7.0/toolchain/avr8/avr8-gnu-toolchain/bin/../lib/gcc/avr/5.4.0/../../../../avr/lib/avr6\libm.a(addsf3x.o) (__fp_pscB)
c:/program files (x86)/atmel/studio/7.0/toolchain/avr8/avr8-gnu-toolchain/bin/../lib/gcc/avr/5.4.0/../../../../avr/lib/avr6\libm.a(fp_round.o)
                              c:/program files (x86)/atmel/studio/7.0/toolchain/avr8/avr8-gnu-toolchain/bin/../lib/gcc/avr/5.4.0/../../../../avr/lib/avr6\libm.a(addsf3.o) (__fp_round)
c:/program files (x86)/atmel/studio/7.0/toolchain/avr8/avr8-gnu-toolchain/bin/../lib/gcc/avr/5.4.0/../../../../avr/lib/avr6\libm.a(fp_split3.o)
                              c:/program files (x86)/atmel/studio/7.0/toolchain/avr8/avr8-gnu-toolchain/bin/../lib/gcc/avr/5.4.0/../../../../avr/lib/avr6\libm.a(addsf3x.o) (__fp_split3)
c:/program files (x86)/atmel/studio/7.0/toolchain/avr8/avr8-gnu-toolchain/bin/../lib/gcc/avr/5.4.0/../../../../avr/lib/avr6\libm.a(fp_zero.o)
                              c:/program files (x86)/atmel/studio/7.0/toolchain/avr8/avr8-gnu-toolchain/bin/../lib/gcc/avr/5.4.0/../../../../avr/lib/avr6\libm.a(addsf3x.o) (__fp_zero)
c:/program files (x86)/atmel/studio/7.0/toolchain/avr8/avr8-gnu-toolchain/bin/../lib/gcc/avr/5.4.0/../../../../avr/lib/avr6\libm.a(gesf2.o)
                              menu_mgr.o (__gtsf2)
c:/program files (x86)/atmel/studio/7.0/toolchain/avr8/avr8-gnu-toolchain/bin/../lib/gcc/avr/5.4.0/../../../../avr/lib/avr6\libm.a(mulsf3.o)
                              menu_mgr.o (__mulsf3)
[...]
Memory Configuration

Name             Origin             Length             Attributes
text             0x00000000         0x00100000         xr
data             0x00800200         0x0000fe00         rw !x
eeprom           0x00810000         0x00010000         rw !x
fuse             0x00820000         0x00000003         rw !x
lock             0x00830000         0x00000400         rw !x
signature        0x00840000         0x00000400         rw !x
user_signatures  0x00850000         0x00000400         rw !x
*default*        0x00000000         0xffffffff

Linker script and memory map

Address of section .data set to 0x800200
LOAD C:/Program Files (x86)/Atmel/Studio/7.0/Packs/atmel/ATmega_DFP/1.1.130/gcc/dev/atmega2560/avr6/crtatmega2560.o
LOAD arial_bold.o
LOAD arial_normal.o
LOAD backend_methods.o
LOAD BACKUP_STOPS.o
LOAD Button_Z.o
LOAD custom_menu.o
LOAD global_methods.o
LOAD global_variables.o
LOAD keyboard_reader.o
LOAD LCD_mgr.o
LOAD menu_mgr.o
LOAD Midifile_cmd.o
LOAD MIDI_file_handler.o
LOAD MIDI_mgr.o
LOAD MIDI_recplay.o
LOAD PROGMEM_address_var.o
LOAD PROGMEM_labels.o
LOAD SD_lib/File.o
LOAD SD_lib/SD.o
LOAD SD_lib/Sd2Card.o
LOAD SD_lib/SdFile.o
LOAD SD_lib/SdVolume.o
LOAD SD_mgr.o
LOAD Sketch.o
LOAD SpiRam_Extended.o
LOAD Stop.o
LOAD Stop_mgr.o
LOAD SPIPRM.o
LOAD Zecer_mgr.o
LOAD Zecer_stop_mgr.o
LOAD zz_KOMENTARJI.o
START GROUP
LOAD c:/program files (x86)/atmel/studio/7.0/toolchain/avr8/avr8-gnu-toolchain/bin/../lib/gcc/avr/5.4.0/../../../../avr/lib/avr6\libm.a
LOAD C:\Users\Greg\DOCUME~1\ATMELS~2\ACCENT~1.1\ACCENT~1.1\ARDUIN~1\Debug\libArduinoCore.a
END GROUP
LOAD c:/program files (x86)/atmel/studio/7.0/toolchain/avr8/avr8-gnu-toolchain/bin/../lib/gcc/avr/5.4.0/avr6\libgcc.a
LOAD c:/program files (x86)/atmel/studio/7.0/toolchain/avr8/avr8-gnu-toolchain/bin/../lib/gcc/avr/5.4.0/../../../../avr/lib/avr6\libm.a
START GROUP
LOAD c:/program files (x86)/atmel/studio/7.0/toolchain/avr8/avr8-gnu-toolchain/bin/../lib/gcc/avr/5.4.0/avr6\libgcc.a
LOAD c:/program files (x86)/atmel/studio/7.0/toolchain/avr8/avr8-gnu-toolchain/bin/../lib/gcc/avr/5.4.0/../../../../avr/lib/avr6\libm.a
LOAD c:/program files (x86)/atmel/studio/7.0/toolchain/avr8/avr8-gnu-toolchain/bin/../lib/gcc/avr/5.4.0/../../../../avr/lib/avr6\libc.a
LOAD C:/Program Files (x86)/Atmel/Studio/7.0/Packs/atmel/ATmega_DFP/1.1.130/gcc/dev/atmega2560/avr6\libatmega2560.a
END GROUP
                0x00100000                __TEXT_REGION_LENGTH__ = DEFINED (__TEXT_REGION_LENGTH__)?__TEXT_REGION_LENGTH__:0x100000
                0x0000fe00                __DATA_REGION_LENGTH__ = DEFINED (__DATA_REGION_LENGTH__)?__DATA_REGION_LENGTH__:0xfe00
                0x00010000                __EEPROM_REGION_LENGTH__ = DEFINED (__EEPROM_REGION_LENGTH__)?__EEPROM_REGION_LENGTH__:0x10000
                [0x00000003]                __FUSE_REGION_LENGTH__ = DEFINED (__FUSE_REGION_LENGTH__)?__FUSE_REGION_LENGTH__:0x400
                0x00000400                __LOCK_REGION_LENGTH__ = DEFINED (__LOCK_REGION_LENGTH__)?__LOCK_REGION_LENGTH__:0x400
                0x00000400                __SIGNATURE_REGION_LENGTH__ = DEFINED (__SIGNATURE_REGION_LENGTH__)?__SIGNATURE_REGION_LENGTH__:0x400
                0x00000400                __USER_SIGNATURE_REGION_LENGTH__ = DEFINED (__USER_SIGNATURE_REGION_LENGTH__)?__USER_SIGNATURE_REGION_LENGTH__:0x400

.hash
 *(.hash)

.dynsym
 *(.dynsym)

.dynstr
 *(.dynstr)

.gnu.version
 *(.gnu.version)

.gnu.version_d
 *(.gnu.version_d)

.gnu.version_r
 *(.gnu.version_r)

.rel.init
 *(.rel.init)

.rela.init
 *(.rela.init)

.rel.text
 *(.rel.text)
 *(.rel.text.*)
 *(.rel.gnu.linkonce.t*)

.rela.text
 *(.rela.text)
 *(.rela.text.*)
 *(.rela.gnu.linkonce.t*)

.rel.fini
 *(.rel.fini)

.rela.fini
 *(.rela.fini)

.rel.rodata
 *(.rel.rodata)
 *(.rel.rodata.*)
 *(.rel.gnu.linkonce.r*)

.rela.rodata
 *(.rela.rodata)
 *(.rela.rodata.*)
 *(.rela.gnu.linkonce.r*)

.rel.data
 *(.rel.data)
 *(.rel.data.*)
 *(.rel.gnu.linkonce.d*)

.rela.data
 *(.rela.data)
 *(.rela.data.*)
 *(.rela.gnu.linkonce.d*)

.rel.ctors
 *(.rel.ctors)

.rela.ctors
 *(.rela.ctors)

.rel.dtors
 *(.rel.dtors)

.rela.dtors
 *(.rela.dtors)

.rel.got
 *(.rel.got)

.rela.got
 *(.rela.got)

.rel.bss
 *(.rel.bss)

.rela.bss
 *(.rela.bss)

.rel.plt
 *(.rel.plt)

.rela.plt
 *(.rela.plt)

.text           0x00000000    0x399ea
 *(.vectors)
 .vectors       0x00000000       0xe4 C:/Program Files (x86)/Atmel/Studio/7.0/Packs/atmel/ATmega_DFP/1.1.130/gcc/dev/atmega2560/avr6/crtatmega2560.o
                0x00000000                __vector_default
                0x00000000                __vectors
 *(.vectors)
 *(.progmem.gcc*)
 .progmem.gcc_sw_table._Z13get_tone_namei
                0x000000e4       0x18 global_methods.o
 .progmem.gcc_sw_table._Z13get_stop_nameh
                0x000000fc       0xa8 global_methods.o
 .progmem.gcc_sw_table._Z15drawRGBselectorP8MenuItemh
                0x000001a4       0x10 menu_mgr.o
 .progmem.gcc_sw_table._Z23drawSlider_double_labelP8MenuItemih
                0x000001b4       0x10 menu_mgr.o
 .progmem.gcc_sw_table._Z22draw_mem_bank_selectorP8MenuItemh
                0x000001c4       0x18 menu_mgr.o
 .progmem.gcc_sw_table._Z18draw_hist_selectorP8MenuItemh
                0x000001dc       0x2e menu_mgr.o
 .progmem.gcc_sw_table._Z13drawLabelInfoP8MenuItemih
                0x0000020a       0x18 menu_mgr.o
 .progmem.gcc_sw_table._ZN8menu_mgr12check_reverbE6Stringh
                0x00000222       0x84 menu_mgr.o
 .progmem.gcc_sw_table._Z14call_item_modeP8MenuItemh
                0x000002a6       0x50 menu_mgr.o
 .progmem.gcc_sw_table._Z13on_item_clearP8MenuItem
                0x000002f6       0x50 menu_mgr.o
 .progmem.gcc_sw_table._Z20on_item_draw_enabledP8MenuItem
                0x00000346       0x50 menu_mgr.o
 .progmem.gcc_sw_table._Z21on_item_draw_disabledP8MenuItem
                0x00000396       0x50 menu_mgr.o
 .progmem.gcc_sw_table._Z14on_item_selectP8MenuItemh
                0x000003e6       0x50 menu_mgr.o
 .progmem.gcc_sw_table._ZN8MIDI_mgr13equalizer_setEii
                0x00000436       0x60 MIDI_mgr.o
 .progmem.gcc_sw_table._ZN8MIDI_mgr19equalizer_set_pedalEii
                0x00000496       0x16 MIDI_mgr.o
 .progmem.gcc_sw_table._ZN6SD_mgr25recording_add_stop_changeEP4Stopb
                0x000004ac       0x1c SD_mgr.o
 .progmem.gcc_sw_table._Z10on_stop_ONP4Stop
                0x000004c8       0x80 Zecer_stop_mgr.o
 .progmem.gcc_sw_table._Z14on_foot_pistonP8Button_z
                0x00000548       0x1c Zecer_stop_mgr.o
 .progmem.gcc_sw_table._Z14on_buttn_EVENTP8Button_zb
                0x00000564       0x1a Zecer_stop_mgr.o
 .progmem.gcc_sw_table.attachInterrupt
                0x0000057e        0xe C:\Users\Greg\DOCUME~1\ATMELS~2\ACCENT~1.1\ACCENT~1.1\ARDUIN~1\Debug\libArduinoCore.a(WInterrupts.o)
 .progmem.gcc_sw_table.turnOffPWM
                0x0000058c       0x24 C:\Users\Greg\DOCUME~1\ATMELS~2\ACCENT~1.1\ACCENT~1.1\ARDUIN~1\Debug\libArduinoCore.a(wiring_digital.o)
 .progmem.gcc_sw_table._ZN4UTFT5setXYEjjjj
                0x000005b0       0x40 C:\Users\Greg\DOCUME~1\ATMELS~2\ACCENT~1.1\ACCENT~1.1\ARDUIN~1\Debug\libArduinoCore.a(UTFT.o)
 .progmem.gcc_sw_table._ZN4UTFT7InitLCDEh
                0x000005f0       0x40 C:\Users\Greg\DOCUME~1\ATMELS~2\ACCENT~1.1\ACCENT~1.1\ARDUIN~1\Debug\libArduinoCore.a(UTFT.o)
 .progmem.gcc_fplib
                0x00000630       0x1e c:/program files (x86)/atmel/studio/7.0/toolchain/avr8/avr8-gnu-toolchain/bin/../lib/gcc/avr/5.4.0/../../../../avr/lib/avr6\libm.a(fp_sinus.o)
                0x0000064e                . = ALIGN (0x2)
                0x0000064e                __trampolines_start = .
 *(.trampolines)
 .trampolines   0x0000064e      0x264 linker stubs
 *(.trampolines*)
                0x000008b2                __trampolines_end = .
 *libprintf_flt.a:*(.progmem.data)
 *libc.a:*(.progmem.data)
 .progmem.data  0x000008b2       0xfa c:/program files (x86)/atmel/studio/7.0/toolchain/avr8/avr8-gnu-toolchain/bin/../lib/gcc/avr/5.4.0/../../../../avr/lib/avr6\libc.a(ftoa_engine.o)
 *(.progmem*)
 .progmem.data.Retro8x16
                0x000009ac      0x5f4 arial_bold.o
                0x000009ac                Retro8x16
 .progmem.data.arial_normal
                0x00000fa0      0xbe4 arial_normal.o
                0x00000fa0                arial_normal
 .progmem.data._ZL11buttns_info
                0x00001b84      0x420 Button_Z.o
 .progmem.data._ZZ11return_nameiE3__c_112
                0x00001fa4        0x6 custom_menu.o
 .progmem.data._ZZ11return_nameiE3__c_111
                0x00001faa        0xc custom_menu.o
 .progmem.data._ZZ11return_nameiE3__c_110
                0x00001fb6        0x8 custom_menu.o
 .progmem.data._ZZ11return_nameiE3__c_109
                0x00001fbe        0xd custom_menu.o
 .progmem.data._ZZ11return_nameiE3__c_108
                0x00001fcb       0x12 custom_menu.o
 .progmem.data._ZZ11return_nameiE3__c_107
                0x00001fdd       0x10 custom_menu.o
 .progmem.data._ZZ11return_nameiE3__c_106
                0x00001fed        0x5 custom_menu.o
 .progmem.data._ZZ11return_nameiE3__c_105
                0x00001ff2        0x9 custom_menu.o
 .progmem.data._ZZ11return_nameiE3__c_104
                0x00001ffb        0xa custom_menu.o
 .progmem.data._ZZ11return_nameiE3__c_103
                0x00002005        0x9 custom_menu.o
 .progmem.data._ZZ11return_nameiE3__c_102
                0x0000200e        0xa custom_menu.o
 .progmem.data._ZZ11return_nameiE3__c_101
                0x00002018       0x12 custom_menu.o
 .progmem.data._ZZ11return_nameiE3__c_100
                0x0000202a        0x8 custom_menu.o
 .progmem.data._ZZ11return_nameiE3__c_99
                0x00002032        0x5 custom_menu.o
 .progmem.data._ZZ11return_nameiE3__c_98
                0x00002037       0x10 custom_menu.o
 .progmem.data._ZZ11return_nameiE3__c_97
                0x00002047        0xe custom_menu.o
 .progmem.data._ZZ11return_nameiE3__c_96
                0x00002055        0x5 custom_menu.o
 .progmem.data._ZZ11return_nameiE3__c_95
                0x0000205a        0x7 custom_menu.o
 .progmem.data._ZZ11return_nameiE3__c_94
                0x00002061        0x9 custom_menu.o
 .progmem.data._ZZ11return_nameiE3__c_93
                0x0000206a        0xb custom_menu.o
 .progmem.data._ZZ11return_nameiE3__c_92
                0x00002075        0xa custom_menu.o
 .progmem.data._ZZ11return_nameiE3__c_91
                0x0000207f        0xa custom_menu.o
 .progmem.data._ZZ11return_nameiE3__c_90
                0x00002089        0xa custom_menu.o
 .progmem.data._ZZ11return_nameiE3__c_89
                0x00002093        0x7 custom_menu.o
 .progmem.data._ZZ11return_nameiE3__c_88
                0x0000209a        0x8 custom_menu.o
 .progmem.data._ZZ11return_nameiE3__c_87
                0x000020a2        0x7 custom_menu.o
 .progmem.data._ZZ11return_nameiE3__c_86
                0x000020a9        0xa custom_menu.o
 .progmem.data._ZZ11return_nameiE3__c_85
                0x000020b3        0x9 custom_menu.o
 .progmem.data._ZZ11return_nameiE3__c_84
                0x000020bc        0xa custom_menu.o
 .progmem.data._ZZ11return_nameiE3__c_83
                0x000020c6        0x7 custom_menu.o
 .progmem.data._ZZ11return_nameiE3__c_82
                0x000020cd        0xa custom_menu.o
 .progmem.data._ZZ11return_nameiE3__c_81
                0x000020d7        0xa custom_menu.o
 .progmem.data._ZZ11return_nameiE3__c_80
                0x000020e1        0xa custom_menu.o
 .progmem.data._ZZ11return_nameiE3__c_79
                0x000020eb        0xf custom_menu.o
 .progmem.data._ZZ11return_nameiE3__c_78
                0x000020fa        0xf custom_menu.o
 .progmem.data._ZZ11return_nameiE3__c_77
                0x00002109       0x10 custom_menu.o
 .progmem.data._ZZ11return_nameiE3__c_76
                0x00002119        0xf custom_menu.o
 .progmem.data._ZZ11return_nameiE3__c_75
                0x00002128        0xd custom_menu.o
 .progmem.data._ZZ11return_nameiE3__c_74
                0x00002135        0x5 custom_menu.o
 .progmem.data._ZZ11return_nameiE3__c_73
                0x0000213a        0x6 custom_menu.o
 .progmem.data._ZZ11return_nameiE3__c_72
                0x00002140        0x4 custom_menu.o
 .progmem.data._ZZ11return_nameiE3__c_71
                0x00002144       0x13 custom_menu.o
 .progmem.data._ZZ11return_nameiE3__c_70
                0x00002157       0x12 custom_menu.o
 .progmem.data._ZZ11return_nameiE3__c_69
                0x00002169       0x11 custom_menu.o
 .progmem.data._ZZ11return_nameiE3__c_68
                0x0000217a        0xd custom_menu.o
 .progmem.data._ZZ11return_nameiE3__c_67
                0x00002187        0x6 custom_menu.o
 .progmem.data._ZZ11return_nameiE3__c_66
                0x0000218d        0x6 custom_menu.o
 .progmem.data._ZZ11return_nameiE3__c_65
                0x00002193        0xd custom_menu.o
 .progmem.data._ZZ11return_nameiE3__c_64
                0x000021a0        0xe custom_menu.o
 .progmem.data._ZZ11return_nameiE3__c_63
                0x000021ae       0x10 custom_menu.o
 .progmem.data._ZZ11return_nameiE3__c_62
                0x000021be       0x10 custom_menu.o
 .progmem.data._ZZ11return_nameiE3__c_61
                0x000021ce        0xc custom_menu.o
 .progmem.data._ZZ11return_nameiE3__c_60
                0x000021da       0x18 custom_menu.o
 .progmem.data._ZZ11return_nameiE3__c_59
                0x000021f2        0xa custom_menu.o
 .progmem.data._ZZ11return_nameiE3__c_58
                0x000021fc        0xa custom_menu.o
 .progmem.data._ZZ11return_nameiE3__c_57
                0x00002206        0x9 custom_menu.o
 .progmem.data._ZZ11return_nameiE3__c_56
                0x0000220f        0x9 custom_menu.o
 .progmem.data._ZZ11return_nameiE3__c_55
                0x00002218        0x6 custom_menu.o
 .progmem.data._ZZ11return_nameiE3__c_54
                0x0000221e        0x4 custom_menu.o
 .progmem.data._ZZ11return_nameiE3__c_53
                0x00002222       0x12 custom_menu.o
 .progmem.data._ZZ11return_nameiE3__c_52
                0x00002234        0x2 custom_menu.o
 .progmem.data._ZZ11return_nameiE3__c_51
                0x00002236        0x5 custom_menu.o
 .progmem.data._ZZ11return_nameiE3__c_50
                0x0000223b        0x2 custom_menu.o
 .progmem.data._ZZ11return_nameiE3__c_49
                0x0000223d        0x6 custom_menu.o
 .progmem.data._ZZ11return_nameiE3__c_48
                0x00002243        0x3 custom_menu.o
 .progmem.data._ZZ11return_nameiE3__c_47
                0x00002246        0x2 custom_menu.o
 .progmem.data._ZZ11return_nameiE3__c_46
                0x00002248        0x6 custom_menu.o
 .progmem.data._ZZ11return_nameiE3__c_45
                0x0000224e        0x2 custom_menu.o
 .progmem.data._ZZ11return_nameiE3__c_44
                0x00002250        0x2 custom_menu.o
 .progmem.data._ZZ11return_nameiE3__c_43
                0x00002252        0x4 custom_menu.o
 .progmem.data._ZZ11return_nameiE3__c_42
                0x00002256        0x6 custom_menu.o
 .progmem.data._ZZ11return_nameiE3__c_41
                0x0000225c        0x5 custom_menu.o
 .progmem.data._ZZ11return_nameiE3__c_40
                0x00002261        0x9 custom_menu.o
 .progmem.data._ZZ11return_nameiE3__c_39
                0x0000226a        0xd custom_menu.o
 .progmem.data._ZZ11return_nameiE3__c_38
                0x00002277        0x9 custom_menu.o
 .progmem.data._ZZ11return_nameiE3__c_37
                0x00002280        0xc custom_menu.o
 .progmem.data._ZZ11return_nameiE3__c_36
                0x0000228c        0x8 custom_menu.o
 .progmem.data._ZZ11return_nameiE3__c_35
                0x00002294        0x5 custom_menu.o
 .progmem.data._ZZ11return_nameiE3__c_34
                0x00002299        0x6 custom_menu.o
 .progmem.data._ZZ11return_nameiE3__c_33
                0x0000229f        0x9 custom_menu.o
 .progmem.data._ZZ11return_nameiE3__c_32
                0x000022a8        0xd custom_menu.o
 .progmem.data._ZZ11return_nameiE3__c_31
                0x000022b5        0x9 custom_menu.o
 .progmem.data._ZZ11return_nameiE3__c_30
                0x000022be        0xc custom_menu.o
 .progmem.data._ZZ11return_nameiE3__c_29
                0x000022ca        0x8 custom_menu.o
 .progmem.data._ZZ11return_nameiE3__c_28
                0x000022d2        0x5 custom_menu.o
 .progmem.data._ZZ11return_nameiE3__c_27
                0x000022d7        0x6 custom_menu.o
 .progmem.data._ZZ11return_nameiE3__c_26
                0x000022dd        0xa custom_menu.o
 .progmem.data._ZZ11return_nameiE3__c_25
                0x000022e7        0x9 custom_menu.o
 .progmem.data._ZZ11return_nameiE3__c_24
                0x000022f0       0x1a custom_menu.o
 .progmem.data._ZZ11return_nameiE3__c_23
                0x0000230a        0xa custom_menu.o
 .progmem.data._ZZ11return_nameiE3__c_22
                0x00002314        0xb custom_menu.o
 .progmem.data._ZZ11return_nameiE3__c_21
                0x0000231f        0x9 custom_menu.o
 .progmem.data._ZZ11return_nameiE3__c_20
                0x00002328        0xa custom_menu.o
 .progmem.data._ZZ11return_nameiE3__c_19
                0x00002332        0xa custom_menu.o
 .progmem.data._ZZ11return_nameiE3__c_18
                0x0000233c        0x8 custom_menu.o
 .progmem.data._ZZ11return_nameiE3__c_17
                0x00002344        0x7 custom_menu.o
 .progmem.data._ZZ11return_nameiE3__c_16
                0x0000234b        0x7 custom_menu.o
 .progmem.data._ZZ11return_nameiE3__c_15
                0x00002352        0xa custom_menu.o
 .progmem.data._ZZ11return_nameiE3__c_14
                0x0000235c        0x7 custom_menu.o
 .progmem.data._ZZ11return_nameiE3__c_13
                0x00002363        0x7 custom_menu.o
 .progmem.data._ZZ11return_nameiE3__c_12
                0x0000236a        0x8 custom_menu.o
 .progmem.data._ZZ11return_nameiE3__c_11
                0x00002372        0x5 custom_menu.o
 .progmem.data._ZZ11return_nameiE3__c_10
                0x00002377        0x4 custom_menu.o
 .progmem.data._ZZ11return_nameiE3__c_9
                0x0000237b        0x3 custom_menu.o
 .progmem.data._ZZ11return_nameiE3__c_8
                0x0000237e        0x3 custom_menu.o
 .progmem.data._ZZ11return_nameiE3__c_7
                0x00002381        0x4 custom_menu.o
 .progmem.data._ZZ11return_nameiE3__c_6
                0x00002385        0x8 custom_menu.o
 .progmem.data._ZZ11return_nameiE3__c_5
                0x0000238d        0x5 custom_menu.o
 .progmem.data._ZZ11return_nameiE3__c_4
                0x00002392        0xb custom_menu.o
 .progmem.data._ZZ11return_nameiE3__c_3
                0x0000239d        0xc custom_menu.o
 .progmem.data._ZZ11return_nameiE3__c_2
                0x000023a9        0x7 custom_menu.o
 .progmem.data._ZZ11return_nameiE3__c_1
                0x000023b0        0x7 custom_menu.o
 .progmem.data._ZZ11return_nameiE3__c_0
                0x000023b7       0x15 custom_menu.o
 .progmem.data._ZZ11return_nameiE3__c
                0x000023cc        0x5 custom_menu.o
 .progmem.data._ZL14menu_item_info
                0x000023d1      0x673 custom_menu.o
 .progmem.data._ZZ13get_stop_namehE3__c_81
                0x00002a44        0xc global_methods.o
 .progmem.data._ZZ13get_stop_namehE3__c_80
                0x00002a50        0xd global_methods.o
 .progmem.data._ZZ13get_stop_namehE3__c_79
                0x00002a5d       0x13 global_methods.o
 .progmem.data._ZZ13get_stop_namehE3__c_78
                0x00002a70        0x9 global_methods.o
 .progmem.data._ZZ13get_stop_namehE3__c_77
                0x00002a79        0xa global_methods.o
 .progmem.data._ZZ13get_stop_namehE3__c_76
                0x00002a83        0xe global_methods.o
 .progmem.data._ZZ13get_stop_namehE3__c_75
                0x00002a91        0xe global_methods.o
 .progmem.data._ZZ13get_stop_namehE3__c_74
                0x00002a9f        0xe global_methods.o
 .progmem.data._ZZ13get_stop_namehE3__c_73
                0x00002aad        0xa global_methods.o
 .progmem.data._ZZ13get_stop_namehE3__c_72
                0x00002ab7       0x12 global_methods.o
 .progmem.data._ZZ13get_stop_namehE3__c_71
                0x00002ac9       0x15 global_methods.o
 .progmem.data._ZZ13get_stop_namehE3__c_70
                0x00002ade       0x12 global_methods.o
 .progmem.data._ZZ13get_stop_namehE3__c_69
                0x00002af0        0xa global_methods.o
 .progmem.data._ZZ13get_stop_namehE3__c_68
                0x00002afa       0x13 global_methods.o
 .progmem.data._ZZ13get_stop_namehE3__c_67
                0x00002b0d       0x11 global_methods.o
 .progmem.data._ZZ13get_stop_namehE3__c_66
                0x00002b1e        0xc global_methods.o
 .progmem.data._ZZ13get_stop_namehE3__c_65
                0x00002b2a        0xf global_methods.o
 .progmem.data._ZZ13get_stop_namehE3__c_64
                0x00002b39        0xf global_methods.o
 .progmem.data._ZZ13get_stop_namehE3__c_63
                0x00002b48        0xe global_methods.o
 .progmem.data._ZZ13get_stop_namehE3__c_62
                0x00002b56        0xe global_methods.o
 .progmem.data._ZZ13get_stop_namehE3__c_61
                0x00002b64        0xc global_methods.o
 .progmem.data._ZZ13get_stop_namehE3__c_60
                0x00002b70       0x12 global_methods.o
 .progmem.data._ZZ13get_stop_namehE3__c_59
                0x00002b82        0xd global_methods.o
 .progmem.data._ZZ13get_stop_namehE3__c_58
                0x00002b8f        0xd global_methods.o
 .progmem.data._ZZ13get_stop_namehE3__c_57
                0x00002b9c        0xc global_methods.o
 .progmem.data._ZZ13get_stop_namehE3__c_56
                0x00002ba8        0xc global_methods.o
 .progmem.data._ZZ13get_stop_namehE3__c_55
                0x00002bb4        0xd global_methods.o
 .progmem.data._ZZ13get_stop_namehE3__c_54
                0x00002bc1        0xb global_methods.o
 .progmem.data._ZZ13get_stop_namehE3__c_53
                0x00002bcc        0xe global_methods.o
 .progmem.data._ZZ13get_stop_namehE3__c_52
                0x00002bda        0xf global_methods.o
 .progmem.data._ZZ13get_stop_namehE3__c_51
                0x00002be9        0xd global_methods.o
 .progmem.data._ZZ13get_stop_namehE3__c_50
                0x00002bf6        0xe global_methods.o
 .progmem.data._ZZ13get_stop_namehE3__c_49
                0x00002c04        0xf global_methods.o
 .progmem.data._ZZ13get_stop_namehE3__c_48
                0x00002c13        0xe global_methods.o
 .progmem.data._ZZ13get_stop_namehE3__c_47
                0x00002c21       0x10 global_methods.o
 .progmem.data._ZZ13get_stop_namehE3__c_46
                0x00002c31        0xb global_methods.o
 .progmem.data._ZZ13get_stop_namehE3__c_45
                0x00002c3c        0xf global_methods.o
 .progmem.data._ZZ13get_stop_namehE3__c_44
                0x00002c4b        0xd global_methods.o
 .progmem.data._ZZ13get_stop_namehE3__c_43
                0x00002c58        0xf global_methods.o
 .progmem.data._ZZ13get_stop_namehE3__c_42
                0x00002c67       0x10 global_methods.o
 .progmem.data._ZZ13get_stop_namehE3__c_41
                0x00002c77       0x10 global_methods.o
 .progmem.data._ZZ13get_stop_namehE3__c_40
                0x00002c87        0xe global_methods.o
 .progmem.data._ZZ13get_stop_namehE3__c_39
                0x00002c95        0x9 global_methods.o
 .progmem.data._ZZ13get_stop_namehE3__c_38
                0x00002c9e        0xf global_methods.o
 .progmem.data._ZZ13get_stop_namehE3__c_37
                0x00002cad        0x5 global_methods.o
 .progmem.data._ZZ13get_stop_namehE3__c_36
                0x00002cb2        0x6 global_methods.o
 .progmem.data._ZZ13get_stop_namehE3__c_35
                0x00002cb8        0xa global_methods.o
 .progmem.data._ZZ13get_stop_namehE3__c_34
                0x00002cc2        0xa global_methods.o
 .progmem.data._ZZ13get_stop_namehE3__c_33
                0x00002ccc        0xa global_methods.o
 .progmem.data._ZZ13get_stop_namehE3__c_32
                0x00002cd6        0x6 global_methods.o
 .progmem.data._ZZ13get_stop_namehE3__c_31
                0x00002cdc        0xe global_methods.o
 .progmem.data._ZZ13get_stop_namehE3__c_30
                0x00002cea       0x11 global_methods.o
 .progmem.data._ZZ13get_stop_namehE3__c_29
                0x00002cfb        0xe global_methods.o
 .progmem.data._ZZ13get_stop_namehE3__c_28
                0x00002d09        0x6 global_methods.o
 .progmem.data._ZZ13get_stop_namehE3__c_27
                0x00002d0f        0xf global_methods.o
 .progmem.data._ZZ13get_stop_namehE3__c_26
                0x00002d1e        0xd global_methods.o
 .progmem.data._ZZ13get_stop_namehE3__c_25
                0x00002d2b        0x8 global_methods.o
 .progmem.data._ZZ13get_stop_namehE3__c_24
                0x00002d33        0xb global_methods.o
 .progmem.data._ZZ13get_stop_namehE3__c_23
                0x00002d3e        0xb global_methods.o
 .progmem.data._ZZ13get_stop_namehE3__c_22
                0x00002d49        0xa global_methods.o
 .progmem.data._ZZ13get_stop_namehE3__c_21
                0x00002d53        0xa global_methods.o
 .progmem.data._ZZ13get_stop_namehE3__c_20
                0x00002d5d        0x8 global_methods.o
 .progmem.data._ZZ13get_stop_namehE3__c_19
                0x00002d65        0xe global_methods.o
 .progmem.data._ZZ13get_stop_namehE3__c_18
                0x00002d73        0x9 global_methods.o
 .progmem.data._ZZ13get_stop_namehE3__c_17
                0x00002d7c        0x9 global_methods.o
 .progmem.data._ZZ13get_stop_namehE3__c_16
                0x00002d85        0x8 global_methods.o
 .progmem.data._ZZ13get_stop_namehE3__c_15
                0x00002d8d        0x8 global_methods.o
 .progmem.data._ZZ13get_stop_namehE3__c_14
                0x00002d95        0x9 global_methods.o
 .progmem.data._ZZ13get_stop_namehE3__c_13
                0x00002d9e        0x7 global_methods.o
 .progmem.data._ZZ13get_stop_namehE3__c_12
                0x00002da5        0xa global_methods.o
 .progmem.data._ZZ13get_stop_namehE3__c_11
                0x00002daf        0xb global_methods.o
 .progmem.data._ZZ13get_stop_namehE3__c_10
                0x00002dba        0x9 global_methods.o
 .progmem.data._ZZ13get_stop_namehE3__c_9
                0x00002dc3        0xa global_methods.o
 .progmem.data._ZZ13get_stop_namehE3__c_8
                0x00002dcd        0xb global_methods.o
 .progmem.data._ZZ13get_stop_namehE3__c_7
                0x00002dd8        0xa global_methods.o
 .progmem.data._ZZ13get_stop_namehE3__c_6
                0x00002de2        0xc global_methods.o
 .progmem.data._ZZ13get_stop_namehE3__c_5
                0x00002dee        0x7 global_methods.o
 .progmem.data._ZZ13get_stop_namehE3__c_4
                0x00002df5        0xb global_methods.o
 .progmem.data._ZZ13get_stop_namehE3__c_3
                0x00002e00        0x9 global_methods.o
 .progmem.data._ZZ13get_stop_namehE3__c_2
                0x00002e09        0xb global_methods.o
 .progmem.data._ZZ13get_stop_namehE3__c_1
                0x00002e14        0xc global_methods.o
 .progmem.data._ZZ13get_stop_namehE3__c_0
                0x00002e20        0xc global_methods.o
 .progmem.data._ZZ13get_stop_namehE3__c
                0x00002e2c        0xa global_methods.o
 .progmem.data._ZZ13get_tone_nameiE3__c_13
                0x00002e36        0x3 global_methods.o
 .progmem.data._ZZ13get_tone_nameiE3__c_12
                0x00002e39        0x2 global_methods.o
 .progmem.data._ZZ13get_tone_nameiE3__c_11
                0x00002e3b        0x2 global_methods.o
 .progmem.data._ZZ13get_tone_nameiE3__c_10
                0x00002e3d        0x2 global_methods.o
 .progmem.data._ZZ13get_tone_nameiE3__c_9
                0x00002e3f        0x3 global_methods.o
 .progmem.data._ZZ13get_tone_nameiE3__c_8
                0x00002e42        0x2 global_methods.o
 .progmem.data._ZZ13get_tone_nameiE3__c_7
                0x00002e44        0x3 global_methods.o
 .progmem.data._ZZ13get_tone_nameiE3__c_6
                0x00002e47        0x2 global_methods.o
 .progmem.data._ZZ13get_tone_nameiE3__c_5
                0x00002e49        0x3 global_methods.o
 .progmem.data._ZZ13get_tone_nameiE3__c_4
                0x00002e4c        0x2 global_methods.o
 .progmem.data._ZZ13get_tone_nameiE3__c_3
                0x00002e4e        0x2 global_methods.o
 .progmem.data._ZZ13get_tone_nameiE3__c_2
                0x00002e50        0x3 global_methods.o
 .progmem.data._ZZ13get_tone_nameiE3__c_1
                0x00002e53        0x2 global_methods.o
 .progmem.data._ZZ13get_tone_nameiE3__c_0
                0x00002e55        0x3 global_methods.o
 .progmem.data._ZZ13get_tone_nameiE3__c
                0x00002e58        0x2 global_methods.o
 .progmem.data._ZL7map_key
                0x00002e5a       0x40 global_methods.o
 .progmem.data._ZL12map_tabela_Z
                0x00002e9a       0x80 global_methods.o
 .progmem.data._ZL14calc_bit_array
                0x00002f1a       0xc8 global_methods.o
 .progmem.data._ZZN8menu_mgr12display_menuEvE3__c_0
                0x00002fe2        0xe menu_mgr.o
 .progmem.data._ZZN8menu_mgr12display_menuEvE3__c
                0x00002ff0        0xe menu_mgr.o
 .progmem.data._ZZ9draw_textii6StringS_hhE3__c_3
                0x00002ffe       0x13 menu_mgr.o
 .progmem.data._ZZ9draw_textii6StringS_hhE3__c_2
                0x00003011       0x10 menu_mgr.o
 .progmem.data._ZZ9draw_textii6StringS_hhE3__c_1
                0x00003021       0x15 menu_mgr.o
 .progmem.data._ZZ9draw_textii6StringS_hhE3__c_0
                0x00003036        0xe menu_mgr.o
 .progmem.data._ZZ9draw_textii6StringS_hhE3__c
                0x00003044        0xf menu_mgr.o
 .progmem.data._ZZ24draw_LOAD_BUTTN_selectorP8MenuItemhE3__c_16
                0x00003053        0xf menu_mgr.o
 .progmem.data._ZZ24draw_LOAD_BUTTN_selectorP8MenuItemhE3__c_15
                0x00003062        0xc menu_mgr.o
 .progmem.data._ZZ24draw_LOAD_BUTTN_selectorP8MenuItemhE3__c_14
                0x0000306e        0x8 menu_mgr.o
 .progmem.data._ZZ24draw_LOAD_BUTTN_selectorP8MenuItemhE3__c_13
                0x00003076        0x7 menu_mgr.o
 .progmem.data._ZZ24draw_LOAD_BUTTN_selectorP8MenuItemhE3__c_12
                0x0000307d        0xc menu_mgr.o
 .progmem.data._ZZ24draw_LOAD_BUTTN_selectorP8MenuItemhE3__c_11
                0x00003089       0x11 menu_mgr.o
 .progmem.data._ZZ24draw_LOAD_BUTTN_selectorP8MenuItemhE3__c_10
                0x0000309a        0xb menu_mgr.o
 .progmem.data._ZZ24draw_LOAD_BUTTN_selectorP8MenuItemhE3__c_9
                0x000030a5        0xf menu_mgr.o
 .progmem.data._ZZ24draw_LOAD_BUTTN_selectorP8MenuItemhE3__c_8
                0x000030b4        0x9 menu_mgr.o
 .progmem.data._ZZ24draw_LOAD_BUTTN_selectorP8MenuItemhE3__c_7
                0x000030bd        0x7 menu_mgr.o
 .progmem.data._ZZ24draw_LOAD_BUTTN_selectorP8MenuItemhE3__c_6
                0x000030c4        0x2 menu_mgr.o
 .progmem.data._ZZ24draw_LOAD_BUTTN_selectorP8MenuItemhE3__c_5
                0x000030c6        0x5 menu_mgr.o
 .progmem.data._ZZ24draw_LOAD_BUTTN_selectorP8MenuItemhE3__c_4
                0x000030cb       0x12 menu_mgr.o
 .progmem.data._ZZ24draw_LOAD_BUTTN_selectorP8MenuItemhE3__c_3
                0x000030dd        0xe menu_mgr.o
 .progmem.data._ZZ24draw_LOAD_BUTTN_selectorP8MenuItemhE3__c_2
                0x000030eb       0x12 menu_mgr.o
 .progmem.data._ZZ24draw_LOAD_BUTTN_selectorP8MenuItemhE3__c_1
                0x000030fd        0xd menu_mgr.o
 .progmem.data._ZZ24draw_LOAD_BUTTN_selectorP8MenuItemhE3__c_0
                0x0000310a        0x5 menu_mgr.o
 .progmem.data._ZZ24draw_LOAD_BUTTN_selectorP8MenuItemhE3__c
                0x0000310f        0x5 menu_mgr.o
 .progmem.data._ZZ24draw_SAVE_BUTTN_selectorP8MenuItemhE3__c_10
                0x00003114       0x11 menu_mgr.o
 .progmem.data._ZZ24draw_SAVE_BUTTN_selectorP8MenuItemhE3__c_9
                0x00003125        0xb menu_mgr.o
 .progmem.data._ZZ24draw_SAVE_BUTTN_selectorP8MenuItemhE3__c_8
                0x00003130       0x11 menu_mgr.o
 .progmem.data._ZZ24draw_SAVE_BUTTN_selectorP8MenuItemhE3__c_7
                0x00003141        0x9 menu_mgr.o
 .progmem.data._ZZ24draw_SAVE_BUTTN_selectorP8MenuItemhE3__c_6
                0x0000314a        0x6 menu_mgr.o
 .progmem.data._ZZ24draw_SAVE_BUTTN_selectorP8MenuItemhE3__c_5
                0x00003150        0x2 menu_mgr.o
 .progmem.data._ZZ24draw_SAVE_BUTTN_selectorP8MenuItemhE3__c_4
                0x00003152        0x5 menu_mgr.o
 .progmem.data._ZZ24draw_SAVE_BUTTN_selectorP8MenuItemhE3__c_3
                0x00003157       0x10 menu_mgr.o
 .progmem.data._ZZ24draw_SAVE_BUTTN_selectorP8MenuItemhE3__c_2
                0x00003167        0xe menu_mgr.o
 .progmem.data._ZZ24draw_SAVE_BUTTN_selectorP8MenuItemhE3__c_1
                0x00003175       0x10 menu_mgr.o
 .progmem.data._ZZ24draw_SAVE_BUTTN_selectorP8MenuItemhE3__c_0
                0x00003185        0xd menu_mgr.o
 .progmem.data._ZZ24draw_SAVE_BUTTN_selectorP8MenuItemhE3__c
                0x00003192        0x5 menu_mgr.o
 .progmem.data._ZZ27draw_FILE_INTERNAL_selectorP8MenuItemhE3__c_1
                0x00003197       0x10 menu_mgr.o
 .progmem.data._ZZ27draw_FILE_INTERNAL_selectorP8MenuItemhE3__c_0
                0x000031a7        0x9 menu_mgr.o
 .progmem.data._ZZ27draw_FILE_INTERNAL_selectorP8MenuItemhE3__c
                0x000031b0        0xb menu_mgr.o
 .progmem.data._ZZ21draw_FILE_SD_selectorP8MenuItemhE3__c_3
                0x000031bb        0xb menu_mgr.o
 .progmem.data._ZZ21draw_FILE_SD_selectorP8MenuItemhE3__c_2
                0x000031c6        0xb menu_mgr.o
 .progmem.data._ZZ21draw_FILE_SD_selectorP8MenuItemhE3__c_1
                0x000031d1        0xd menu_mgr.o
 .progmem.data._ZZ21draw_FILE_SD_selectorP8MenuItemhE3__c_0
                0x000031de        0x9 menu_mgr.o
 .progmem.data._ZZ21draw_FILE_SD_selectorP8MenuItemhE3__c
                0x000031e7        0xb menu_mgr.o
 .progmem.data._ZZ18draw_hist_selectorP8MenuItemhE3__c
                0x000031f2        0xd menu_mgr.o
 .progmem.data._ZZ22draw_mem_bank_selectorP8MenuItemhE3__c
                0x000031ff        0x9 menu_mgr.o
 .progmem.data._ZZ19draw_style_selectorP8MenuItemhE3__c_5
                0x00003208        0x4 menu_mgr.o
 .progmem.data._ZZ19draw_style_selectorP8MenuItemhE3__c_4
                0x0000320c        0x7 menu_mgr.o
 .progmem.data._ZZ19draw_style_selectorP8MenuItemhE3__c_3
                0x00003213        0x7 menu_mgr.o
 .progmem.data._ZZ19draw_style_selectorP8MenuItemhE3__c_2
                0x0000321a        0x6 menu_mgr.o
 .progmem.data._ZZ19draw_style_selectorP8MenuItemhE3__c_1
                0x00003220        0x9 menu_mgr.o
 .progmem.data._ZZ19draw_style_selectorP8MenuItemhE3__c_0
                0x00003229        0xe menu_mgr.o
 .progmem.data._ZZ19draw_style_selectorP8MenuItemhE3__c
                0x00003237        0x9 menu_mgr.o
 .progmem.data._ZZ19draw_theme_selectorP8MenuItemhE3__c_5
                0x00003240       0x13 menu_mgr.o
 .progmem.data._ZZ19draw_theme_selectorP8MenuItemhE3__c_4
                0x00003253        0x7 menu_mgr.o
 .progmem.data._ZZ19draw_theme_selectorP8MenuItemhE3__c_3
                0x0000325a        0x7 menu_mgr.o
 .progmem.data._ZZ19draw_theme_selectorP8MenuItemhE3__c_2
                0x00003261        0x6 menu_mgr.o
 .progmem.data._ZZ19draw_theme_selectorP8MenuItemhE3__c_1
                0x00003267        0x9 menu_mgr.o
 .progmem.data._ZZ19draw_theme_selectorP8MenuItemhE3__c_0
                0x00003270        0xc menu_mgr.o
 .progmem.data._ZZ19draw_theme_selectorP8MenuItemhE3__c
                0x0000327c        0x9 menu_mgr.o
 .progmem.data._ZZ27draw_main_screen_backgroundP8MenuItemhE3__c_1
                0x00003285       0x10 menu_mgr.o
 .progmem.data._ZZ27draw_main_screen_backgroundP8MenuItemhE3__c_0
                0x00003295        0xb menu_mgr.o
 .progmem.data._ZZ27draw_main_screen_backgroundP8MenuItemhE3__c
                0x000032a0        0x8 menu_mgr.o
 .progmem.data._ZZ22draw_REC_FILE_selectorP8MenuItemhE3__c_3
                0x000032a8        0xf menu_mgr.o
 .progmem.data._ZZ22draw_REC_FILE_selectorP8MenuItemhE3__c_2
                0x000032b7        0xf menu_mgr.o
 .progmem.data._ZZ22draw_REC_FILE_selectorP8MenuItemhE3__c_1
                0x000032c6        0xa menu_mgr.o
 .progmem.data._ZZ22draw_REC_FILE_selectorP8MenuItemhE3__c_0
                0x000032d0        0xb menu_mgr.o
 .progmem.data._ZZ22draw_REC_FILE_selectorP8MenuItemhE3__c
                0x000032db        0xe menu_mgr.o
 .progmem.data._ZZ23draw_PLAY_FILE_selectorP8MenuItemhE3__c_2
                0x000032e9        0xb menu_mgr.o
 .progmem.data._ZZ23draw_PLAY_FILE_selectorP8MenuItemhE3__c_1
                0x000032f4        0x8 menu_mgr.o
 .progmem.data._ZZ23draw_PLAY_FILE_selectorP8MenuItemhE3__c_0
                0x000032fc        0xb menu_mgr.o
 .progmem.data._ZZ23draw_PLAY_FILE_selectorP8MenuItemhE3__c
                0x00003307        0x9 menu_mgr.o
 .progmem.data._ZZ17draw_RECORD_buttnP8MenuItemhE3__c_16
                0x00003310       0x22 menu_mgr.o
 .progmem.data._ZZ17draw_RECORD_buttnP8MenuItemhE3__c_15
                0x00003332       0x1a menu_mgr.o
 .progmem.data._ZZ17draw_RECORD_buttnP8MenuItemhE3__c_14
                0x0000334c       0x13 menu_mgr.o
 .progmem.data._ZZ17draw_RECORD_buttnP8MenuItemhE3__c_13
                0x0000335f       0x12 menu_mgr.o
 .progmem.data._ZZ17draw_RECORD_buttnP8MenuItemhE3__c_12
                0x00003371       0x12 menu_mgr.o
 .progmem.data._ZZ17draw_RECORD_buttnP8MenuItemhE3__c_11
                0x00003383       0x12 menu_mgr.o
 .progmem.data._ZZ17draw_RECORD_buttnP8MenuItemhE3__c_10
                0x00003395        0x1 menu_mgr.o
 .progmem.data._ZZ17draw_RECORD_buttnP8MenuItemhE3__c_9
                0x00003396       0x15 menu_mgr.o
 .progmem.data._ZZ17draw_RECORD_buttnP8MenuItemhE3__c_8
                0x000033ab       0x12 menu_mgr.o
 .progmem.data._ZZ17draw_RECORD_buttnP8MenuItemhE3__c_7
                0x000033bd        0x1 menu_mgr.o
 .progmem.data._ZZ17draw_RECORD_buttnP8MenuItemhE3__c_6
                0x000033be       0x22 menu_mgr.o
 .progmem.data._ZZ17draw_RECORD_buttnP8MenuItemhE3__c_5
                0x000033e0        0xf menu_mgr.o
 .progmem.data._ZZ17draw_RECORD_buttnP8MenuItemhE3__c_4
                0x000033ef        0x1 menu_mgr.o
 .progmem.data._ZZ17draw_RECORD_buttnP8MenuItemhE3__c_3
                0x000033f0       0x1f menu_mgr.o
 .progmem.data._ZZ17draw_RECORD_buttnP8MenuItemhE3__c_2
                0x0000340f       0x13 menu_mgr.o
 .progmem.data._ZZ17draw_RECORD_buttnP8MenuItemhE3__c_1
                0x00003422       0x18 menu_mgr.o
 .progmem.data._ZZ17draw_RECORD_buttnP8MenuItemhE3__c_0
                0x0000343a       0x21 menu_mgr.o
 .progmem.data._ZZ17draw_RECORD_buttnP8MenuItemhE3__c
                0x0000345b       0x12 menu_mgr.o
 .progmem.data._ZZ17draw_calibr_buttnP8MenuItemhE3__c_10
                0x0000346d       0x13 menu_mgr.o
 .progmem.data._ZZ17draw_calibr_buttnP8MenuItemhE3__c_9
                0x00003480       0x1f menu_mgr.o
 .progmem.data._ZZ17draw_calibr_buttnP8MenuItemhE3__c_8
                0x0000349f       0x16 menu_mgr.o
 .progmem.data._ZZ17draw_calibr_buttnP8MenuItemhE3__c_7
                0x000034b5       0x12 menu_mgr.o
 .progmem.data._ZZ17draw_calibr_buttnP8MenuItemhE3__c_6
                0x000034c7       0x26 menu_mgr.o
 .progmem.data._ZZ17draw_calibr_buttnP8MenuItemhE3__c_5
                0x000034ed       0x11 menu_mgr.o
 .progmem.data._ZZ17draw_calibr_buttnP8MenuItemhE3__c_4
                0x000034fe       0x26 menu_mgr.o
 .progmem.data._ZZ17draw_calibr_buttnP8MenuItemhE3__c_3
                0x00003524       0x16 menu_mgr.o
 .progmem.data._ZZ17draw_calibr_buttnP8MenuItemhE3__c_2
                0x0000353a       0x12 menu_mgr.o
 .progmem.data._ZZ17draw_calibr_buttnP8MenuItemhE3__c_1
                0x0000354c       0x26 menu_mgr.o
 .progmem.data._ZZ17draw_calibr_buttnP8MenuItemhE3__c_0
                0x00003572       0x11 menu_mgr.o
 .progmem.data._ZZ17draw_calibr_buttnP8MenuItemhE3__c
                0x00003583       0x26 menu_mgr.o
 .progmem.data._ZZ15draw_PLAY_buttnP8MenuItemhE3__c_12
                0x000035a9        0x1 menu_mgr.o
 .progmem.data._ZZ15draw_PLAY_buttnP8MenuItemhE3__c_11
                0x000035aa       0x12 menu_mgr.o
 .progmem.data._ZZ15draw_PLAY_buttnP8MenuItemhE3__c_10
                0x000035bc       0x13 menu_mgr.o
 .progmem.data._ZZ15draw_PLAY_buttnP8MenuItemhE3__c_9
                0x000035cf        0x1 menu_mgr.o
 .progmem.data._ZZ15draw_PLAY_buttnP8MenuItemhE3__c_8
                0x000035d0        0xf menu_mgr.o
 .progmem.data._ZZ15draw_PLAY_buttnP8MenuItemhE3__c_7
                0x000035df        0x1 menu_mgr.o
 .progmem.data._ZZ15draw_PLAY_buttnP8MenuItemhE3__c_6
                0x000035e0       0x12 menu_mgr.o
 .progmem.data._ZZ15draw_PLAY_buttnP8MenuItemhE3__c_5
                0x000035f2       0x13 menu_mgr.o
 .progmem.data._ZZ15draw_PLAY_buttnP8MenuItemhE3__c_4
                0x00003605        0x1 menu_mgr.o
 .progmem.data._ZZ15draw_PLAY_buttnP8MenuItemhE3__c_3
                0x00003606       0x1f menu_mgr.o
 .progmem.data._ZZ15draw_PLAY_buttnP8MenuItemhE3__c_2
                0x00003625       0x13 menu_mgr.o
 .progmem.data._ZZ15draw_PLAY_buttnP8MenuItemhE3__c_1
                0x00003638        0x5 menu_mgr.o
 .progmem.data._ZZ15draw_PLAY_buttnP8MenuItemhE3__c_0
                0x0000363d       0x21 menu_mgr.o
 .progmem.data._ZZ15draw_PLAY_buttnP8MenuItemhE3__c
                0x0000365e       0x10 menu_mgr.o
 .progmem.data._ZZ22drawslider_equalizer_QP8MenuItemhE3__c_0
                0x0000366e        0x2 menu_mgr.o
 .progmem.data._ZZ22drawslider_equalizer_QP8MenuItemhE3__c
                0x00003670        0x4 menu_mgr.o
 .progmem.data._ZZ25drawslider_equalizer_freqP8MenuItemhE3__c
                0x00003674        0x3 menu_mgr.o
 .progmem.data._ZZ25drawslider_equalizer_gainP8MenuItemhE3__c_2
                0x00003677        0x6 menu_mgr.o
 .progmem.data._ZZ25drawslider_equalizer_gainP8MenuItemhE3__c_1
                0x0000367d        0x3 menu_mgr.o
 .progmem.data._ZZ25drawslider_equalizer_gainP8MenuItemhE3__c_0
                0x00003680        0x5 menu_mgr.o
 .progmem.data._ZZ25drawslider_equalizer_gainP8MenuItemhE3__c
                0x00003685        0x6 menu_mgr.o
 .progmem.data._ZZ21drawSlider_tune_centsP8MenuItemihE3__c
                0x0000368b        0x3 menu_mgr.o
 .progmem.data._ZZ23drawSlider_double_labelP8MenuItemihE3__c_5
                0x0000368e        0x9 menu_mgr.o
 .progmem.data._ZZ23drawSlider_double_labelP8MenuItemihE3__c_4
                0x00003697        0x9 menu_mgr.o
 .progmem.data._ZZ23drawSlider_double_labelP8MenuItemihE3__c_3
                0x000036a0        0x5 menu_mgr.o
 .progmem.data._ZZ23drawSlider_double_labelP8MenuItemihE3__c_2
                0x000036a5        0x3 menu_mgr.o
 .progmem.data._ZZ23drawSlider_double_labelP8MenuItemihE3__c_1
                0x000036a8        0x3 menu_mgr.o
 .progmem.data._ZZ23drawSlider_double_labelP8MenuItemihE3__c_0
                0x000036ab        0x2 menu_mgr.o
 .progmem.data._ZZ23drawSlider_double_labelP8MenuItemihE3__c
                0x000036ad        0x2 menu_mgr.o
 .progmem.data._ZZ32drawSlider_negative_single_labelP8MenuItemihE3__c
                0x000036af        0xa menu_mgr.o
 .progmem.data._ZZ13drawLabelInfoP8MenuItemihE3__c_11
                0x000036b9        0x5 menu_mgr.o
 .progmem.data._ZZ13drawLabelInfoP8MenuItemihE3__c_10
                0x000036be        0xd menu_mgr.o
 .progmem.data._ZZ13drawLabelInfoP8MenuItemihE3__c_9
                0x000036cb        0xd menu_mgr.o
 .progmem.data._ZZ13drawLabelInfoP8MenuItemihE3__c_8
                0x000036d8        0xd menu_mgr.o
 .progmem.data._ZZ13drawLabelInfoP8MenuItemihE3__c_7
                0x000036e5        0xd menu_mgr.o
 .progmem.data._ZZ13drawLabelInfoP8MenuItemihE3__c_6
                0x000036f2        0xd menu_mgr.o
 .progmem.data._ZZ13drawLabelInfoP8MenuItemihE3__c_5
                0x000036ff        0xd menu_mgr.o
 .progmem.data._ZZ13drawLabelInfoP8MenuItemihE3__c_4
                0x0000370c        0xd menu_mgr.o
 .progmem.data._ZZ13drawLabelInfoP8MenuItemihE3__c_3
                0x00003719        0xd menu_mgr.o
 .progmem.data._ZZ13drawLabelInfoP8MenuItemihE3__c_2
                0x00003726        0xd menu_mgr.o
 .progmem.data._ZZ13drawLabelInfoP8MenuItemihE3__c_1
                0x00003733        0xd menu_mgr.o
 .progmem.data._ZZ13drawLabelInfoP8MenuItemihE3__c_0
                0x00003740        0xd menu_mgr.o
 .progmem.data._ZZ13drawLabelInfoP8MenuItemihE3__c
                0x0000374d        0xd menu_mgr.o
 .progmem.data._ZL20STYLE_werckmeister_2
                0x0000375a       0x18 MIDI_mgr.o
 .progmem.data._ZL19STYLE_kelletal_1977
                0x00003772       0x18 MIDI_mgr.o
 .progmem.data._ZL19STYLE_kelletal_1966
                0x0000378a       0x18 MIDI_mgr.o
 .progmem.data._ZL17STYLE_kimberger_3
                0x000037a2       0x18 MIDI_mgr.o
 .progmem.data._ZL17STYLE_kimberger_2
                0x000037ba       0x18 MIDI_mgr.o
 .progmem.data._ZL17STYLE_kimberger_1
                0x000037d2       0x18 MIDI_mgr.o
 .progmem.data._ZL20STYLE_billeter_orgel
                0x000037ea       0x18 MIDI_mgr.o
 .progmem.data._ZL18STYLE_back_woltemp
                0x00003802       0x18 MIDI_mgr.o
 .progmem.data._ZL19STYLE_bach_billeter
                0x0000381a       0x18 MIDI_mgr.o
 .progmem.data._ZL17STYLE_silberman_2
                0x00003832       0x18 MIDI_mgr.o
 .progmem.data._ZL17STYLE_silberman_1
                0x0000384a       0x18 MIDI_mgr.o
 .progmem.data._ZL20STYLE_werckmeister_3
                0x00003862       0x18 MIDI_mgr.o
 .progmem.data._ZL13STYLE_schlick
                0x0000387a       0x18 MIDI_mgr.o
 .progmem.data._ZL13STYLE_ganassi
                0x00003892       0x18 MIDI_mgr.o
 .progmem.data._ZL23STYLE_gramathaeus_orgel
                0x000038aa       0x18 MIDI_mgr.o
 .progmem.data._ZL15STYLE_pytagoras
                0x000038c2       0x18 MIDI_mgr.o
 .progmem.data._ZL17STYLE_praetorious
                0x000038da       0x18 MIDI_mgr.o
 .progmem.data._ZL11STYLE_joung
                0x000038f2       0x18 MIDI_mgr.o
 .progmem.data._ZL20STYLE_ho_cheng_thien
                0x0000390a       0x18 MIDI_mgr.o
 .progmem.data._ZL20STYLE_mittel_muriorg
                0x00003922       0x18 MIDI_mgr.o
 .progmem.data._ZL18STYLE_mitteltoenig
                0x0000393a       0x18 MIDI_mgr.o
 .progmem.data._ZL22STYLE_natuerlich_harmo
                0x00003952       0x16 MIDI_mgr.o
 .progmem.data._ZL13STYLE_neutral
                0x00003968       0x18 MIDI_mgr.o
 .progmem.data._ZL16s_werckmeister_2
                0x00003980        0xf PROGMEM_labels.o
 .progmem.data._ZL15s_kelletal_1977
                0x0000398f        0xe PROGMEM_labels.o
 .progmem.data._ZL15s_kelletal_1966
                0x0000399d        0xe PROGMEM_labels.o
 .progmem.data._ZL13s_kimberger_3
                0x000039ab        0xd PROGMEM_labels.o
 .progmem.data._ZL13s_kimberger_2
                0x000039b8        0xd PROGMEM_labels.o
 .progmem.data._ZL13s_kimberger_1
                0x000039c5        0xd PROGMEM_labels.o
 .progmem.data._ZL16s_billeter_orgel
                0x000039d2        0xf PROGMEM_labels.o
 .progmem.data._ZL14s_back_woltemp
                0x000039e1        0xe PROGMEM_labels.o
 .progmem.data._ZL15s_bach_billeter
                0x000039ef        0xe PROGMEM_labels.o
 .progmem.data._ZL13s_silberman_2
                0x000039fd        0xc PROGMEM_labels.o
 .progmem.data._ZL13s_silberman_1
                0x00003a09        0xc PROGMEM_labels.o
 .progmem.data._ZL16s_werckmeister_3
                0x00003a15        0xd PROGMEM_labels.o
 .progmem.data._ZL9s_schlick
                0x00003a22        0x8 PROGMEM_labels.o
 .progmem.data._ZL9s_ganassi
                0x00003a2a        0x8 PROGMEM_labels.o
 .progmem.data._ZL19s_gramathaeus_orgel
                0x00003a32        0xc PROGMEM_labels.o
 .progmem.data._ZL11s_pytagoras
                0x00003a3e        0xc PROGMEM_labels.o
 .progmem.data._ZL13s_praetorious
                0x00003a4a        0xe PROGMEM_labels.o
 .progmem.data._ZL7s_joung
                0x00003a58        0x8 PROGMEM_labels.o
 .progmem.data._ZL16s_ho_cheng_thien
                0x00003a60       0x11 PROGMEM_labels.o
 .progmem.data._ZL16s_mittel_muriorg
                0x00003a71       0x11 PROGMEM_labels.o
 .progmem.data._ZL14s_mitteltoenig
                0x00003a82        0xf PROGMEM_labels.o
 .progmem.data._ZL18s_natuerlics_harmo
                0x00003a91       0x14 PROGMEM_labels.o
 .progmem.data._ZL9s_neutral
                0x00003aa5        0x8 PROGMEM_labels.o
 .progmem.data._ZZN6SdFile10make83NameEPKcPhE3__c
                0x00003aad       0x10 SD_lib/SdFile.o
 .progmem.data._ZZ5setupE3__c_4
                0x00003abd        0xb Sketch.o
 .progmem.data._ZZ5setupE3__c_3
                0x00003ac8        0x1 Sketch.o
 .progmem.data._ZZ5setupE3__c_2
                0x00003ac9        0x9 Sketch.o
 .progmem.data._ZZ5setupE3__c_1
                0x00003ad2        0x1 Sketch.o
 .progmem.data._ZZ5setupE3__c_0
                0x00003ad3        0xf Sketch.o
 .progmem.data._ZZ5setupE3__c
                0x00003ae2       0x2d Sketch.o
 .progmem.data._ZL21stops_additional_data
                0x00003b0f      0x2e2 Stop.o
 .progmem.data._ZL10stops_info
                0x00003df1      0x118 Stop.o
 .progmem.data._ZL11array_Reset
                0x00003f09        0xa Zecer_stop_mgr.o
 .progmem.data.digital_pin_to_timer_PGM
                0x00003f13       0x56 C:\Users\Greg\DOCUME~1\ATMELS~2\ACCENT~1.1\ACCENT~1.1\ARDUIN~1\Debug\libArduinoCore.a(wiring_digital.o)
                0x00003f13                digital_pin_to_timer_PGM
 .progmem.data.digital_pin_to_bit_mask_PGM
                0x00003f69       0x56 C:\Users\Greg\DOCUME~1\ATMELS~2\ACCENT~1.1\ACCENT~1.1\ARDUIN~1\Debug\libArduinoCore.a(wiring_digital.o)
                0x00003f69                digital_pin_to_bit_mask_PGM
 .progmem.data.digital_pin_to_port_PGM
                0x00003fbf       0x56 C:\Users\Greg\DOCUME~1\ATMELS~2\ACCENT~1.1\ACCENT~1.1\ARDUIN~1\Debug\libArduinoCore.a(wiring_digital.o)
                0x00003fbf                digital_pin_to_port_PGM
 .progmem.data.port_to_input_PGM
                0x00004015       0x1a C:\Users\Greg\DOCUME~1\ATMELS~2\ACCENT~1.1\ACCENT~1.1\ARDUIN~1\Debug\libArduinoCore.a(wiring_digital.o)
                0x00004015                port_to_input_PGM
 .progmem.data.port_to_output_PGM
                0x0000402f       0x1a C:\Users\Greg\DOCUME~1\ATMELS~2\ACCENT~1.1\ACCENT~1.1\ARDUIN~1\Debug\libArduinoCore.a(wiring_digital.o)
                0x0000402f                port_to_output_PGM
 .progmem.data.port_to_mode_PGM
                0x00004049       0x1a C:\Users\Greg\DOCUME~1\ATMELS~2\ACCENT~1.1\ACCENT~1.1\ARDUIN~1\Debug\libArduinoCore.a(wiring_digital.o)
                0x00004049                port_to_mode_PGM
 .progmem.data.gpio_pins_progmem
                0x00004063       0x8c C:\Users\Greg\DOCUME~1\ATMELS~2\ACCENT~1.1\ACCENT~1.1\ARDUIN~1\Debug\libArduinoCore.a(digital2.o)
                0x00004063                gpio_pins_progmem
 .progmem.data.white_accent_logo
                0x000040ef     0x6880 C:\Users\Greg\DOCUME~1\ATMELS~2\ACCENT~1.1\ACCENT~1.1\ARDUIN~1\Debug\libArduinoCore.a(DefaultFonts.o)
                0x000040ef                white_accent_logo
 .progmem.data.hallfetica_normal
                0x0000a96f      0xbe4 C:\Users\Greg\DOCUME~1\ATMELS~2\ACCENT~1.1\ACCENT~1.1\ARDUIN~1\Debug\libArduinoCore.a(DefaultFonts.o)
                0x0000a96f                hallfetica_normal
 .progmem.data.arial_bold
                0x0000b553      0xbe4 C:\Users\Greg\DOCUME~1\ATMELS~2\ACCENT~1.1\ACCENT~1.1\ARDUIN~1\Debug\libArduinoCore.a(DefaultFonts.o)
                0x0000b553                arial_bold
 .progmem.data.mykefont2
                0x0000c137      0x35b C:\Users\Greg\DOCUME~1\ATMELS~2\ACCENT~1.1\ACCENT~1.1\ARDUIN~1\Debug\libArduinoCore.a(DefaultFonts.o)
                0x0000c137                mykefont2
 .progmem.data.GroteskBold24x48
                0x0000c492     0x3574 C:\Users\Greg\DOCUME~1\ATMELS~2\ACCENT~1.1\ACCENT~1.1\ARDUIN~1\Debug\libArduinoCore.a(DefaultFonts.o)
                0x0000c492                GroteskBold24x48
                0x0000fa06                . = ALIGN (0x2)
 *(.jumptables)
 *(.jumptables*)
 *(.lowtext)
 *(.lowtext*)
                0x0000fa06                __ctors_start = .
 *(.ctors)
 .ctors         0x0000fa06        0x2 global_variables.o
 .ctors         0x0000fa08        0x2 menu_mgr.o
 .ctors         0x0000fa0a        0x2 MIDI_mgr.o
 .ctors         0x0000fa0c        0x2 MIDI_recplay.o
 .ctors         0x0000fa0e        0x2 SD_lib/SD.o
 .ctors         0x0000fa10        0x2 SD_lib/Sd2Card.o
 .ctors         0x0000fa12        0x2 Sketch.o
 .ctors         0x0000fa14        0x2 Zecer_stop_mgr.o
 .ctors         0x0000fa16        0x2 C:\Users\Greg\DOCUME~1\ATMELS~2\ACCENT~1.1\ACCENT~1.1\ARDUIN~1\Debug\libArduinoCore.a(HardwareSerial0.o)
 .ctors         0x0000fa18        0x2 C:\Users\Greg\DOCUME~1\ATMELS~2\ACCENT~1.1\ACCENT~1.1\ARDUIN~1\Debug\libArduinoCore.a(HardwareSerial1.o)
 .ctors         0x0000fa1a        0x2 C:\Users\Greg\DOCUME~1\ATMELS~2\ACCENT~1.1\ACCENT~1.1\ARDUIN~1\Debug\libArduinoCore.a(HardwareSerial2.o)
 .ctors         0x0000fa1c        0x2 C:\Users\Greg\DOCUME~1\ATMELS~2\ACCENT~1.1\ACCENT~1.1\ARDUIN~1\Debug\libArduinoCore.a(HardwareSerial3.o)
                0x0000fa1e                __ctors_end = .
                0x0000fa1e                __dtors_start = .
 *(.dtors)
 .dtors         0x0000fa1e        0x2 global_variables.o
 .dtors         0x0000fa20        0x2 MIDI_recplay.o
 .dtors         0x0000fa22        0x2 Sketch.o
                0x0000fa24                __dtors_end = .
 SORT(*)(.ctors)
 SORT(*)(.dtors)
 *(.init0)
 .init0         0x0000fa24        0x0 C:/Program Files (x86)/Atmel/Studio/7.0/Packs/atmel/ATmega_DFP/1.1.130/gcc/dev/atmega2560/avr6/crtatmega2560.o
                0x0000fa24                __init
 *(.init0)
 *(.init1)
 *(.init1)
 *(.init2)
 .init2         0x0000fa24       0x10 C:/Program Files (x86)/Atmel/Studio/7.0/Packs/atmel/ATmega_DFP/1.1.130/gcc/dev/atmega2560/avr6/crtatmega2560.o
 *(.init2)
 *(.init3)
 *(.init3)
 *(.init4)
 .init4         0x0000fa34       0x1a c:/program files (x86)/atmel/studio/7.0/toolchain/avr8/avr8-gnu-toolchain/bin/../lib/gcc/avr/5.4.0/avr6\libgcc.a(_copy_data.o)
                0x0000fa34                __do_copy_data
 .init4         0x0000fa4e       0x10 c:/program files (x86)/atmel/studio/7.0/toolchain/avr8/avr8-gnu-toolchain/bin/../lib/gcc/avr/5.4.0/avr6\libgcc.a(_clear_bss.o)
                0x0000fa4e                __do_clear_bss
 *(.init4)
 *(.init5)
 *(.init5)
 *(.init6)
 .init6         0x0000fa5e       0x20 c:/program files (x86)/atmel/studio/7.0/toolchain/avr8/avr8-gnu-toolchain/bin/../lib/gcc/avr/5.4.0/avr6\libgcc.a(_ctors.o)
                0x0000fa5e                __do_global_ctors
 *(.init6)
 *(.init7)
 *(.init7)
 *(.init8)
 *(.init8)
 *(.init9)
 .init9         0x0000fa7e        0x8 C:/Program Files (x86)/Atmel/Studio/7.0/Packs/atmel/ATmega_DFP/1.1.130/gcc/dev/atmega2560/avr6/crtatmega2560.o
 *(.init9)
 *(.text)
 .text          0x0000fa86        0x4 C:/Program Files (x86)/Atmel/Studio/7.0/Packs/atmel/ATmega_DFP/1.1.130/gcc/dev/atmega2560/avr6/crtatmega2560.o
                0x0000fa86                __vector_38
                0x0000fa86                __vector_22
                0x0000fa86                __vector_28
                0x0000fa86                __vector_32
                0x0000fa86                __vector_34
                0x0000fa86                __vector_24
                0x0000fa86                __vector_12
                0x0000fa86                __vector_46
                0x0000fa86                __bad_interrupt
                0x0000fa86                __vector_31
                0x0000fa86                __vector_35
                0x0000fa86                __vector_39
                0x0000fa86                __vector_30
                0x0000fa86                __vector_45
                0x0000fa86                __vector_13
                0x0000fa86                __vector_17
                0x0000fa86                __vector_19
                0x0000fa86                __vector_56
                0x0000fa86                __vector_49
                0x0000fa86                __vector_41
                0x0000fa86                __vector_43
                0x0000fa86                __vector_27
                0x0000fa86                __vector_33
                0x0000fa86                __vector_47
                0x0000fa86                __vector_44
                0x0000fa86                __vector_21
                0x0000fa86                __vector_15
                0x0000fa86                __vector_29
                0x0000fa86                __vector_40
                0x0000fa86                __vector_48
                0x0000fa86                __vector_14
                0x0000fa86                __vector_53
                0x0000fa86                __vector_50
                0x0000fa86                __vector_16
                0x0000fa86                __vector_18
                0x0000fa86                __vector_20
                0x0000fa86                __vector_42
                0x0000fa8a                . = ALIGN (0x2)
 *(.text.*)
 .text._ZN8Button_z6selectEb
                0x0000fa8a       0xf6 Button_Z.o
                0x0000fa8a                _ZN8Button_z6selectEb
 .text._ZN8Button_z8SetStateEb
                0x0000fb80       0x54 Button_Z.o
                0x0000fb80                _ZN8Button_z8SetStateEb
 .text._ZN8Button_z8GetStateEv
                0x0000fbd4        0x8 Button_Z.o
                0x0000fbd4                _ZN8Button_z8GetStateEv
 .text._ZN8Button_z9write_memEPh
                0x0000fbdc      0x26e Button_Z.o
                0x0000fbdc                _ZN8Button_z9write_memEPh
 .text._ZN8Button_z8read_memEPh
                0x0000fe4a      0x26c Button_Z.o
                0x0000fe4a                _ZN8Button_z8read_memEPh
 .text._ZN8Button_z6get_idEv
                0x000100b6        0x6 Button_Z.o
                0x000100b6                _ZN8Button_z6get_idEv
 .text._ZN8Button_z12get_id_classEv
                0x000100bc       0x20 Button_Z.o
                0x000100bc                _ZN8Button_z12get_id_classEv
 .text._ZN8Button_z13get_out_stateEv
                0x000100dc        0xc Button_Z.o
                0x000100dc                _ZN8Button_z13get_out_stateEv
 .text._ZN8Button_z13set_out_stateEb
                0x000100e8       0x14 Button_Z.o
                0x000100e8                _ZN8Button_z13set_out_stateEb
 .text._ZN8Button_z10get_id_numEv
                0x000100fc       0x20 Button_Z.o
                0x000100fc                _ZN8Button_z10get_id_numEv
 .text._ZN8Button_z16set_mem_locationEi
                0x0001011c        0x8 Button_Z.o
                0x0001011c                _ZN8Button_z16set_mem_locationEi
 .text._ZN8Button_zC2EhihPFvPS_bE
                0x00010124       0x14 Button_Z.o
                0x00010124                _ZN8Button_zC2EhihPFvPS_bE
                0x00010124                _ZN8Button_zC1EhihPFvPS_bE
 .text._ZN13MenuComponent15set_interactiveEb
                0x00010138        0x2 custom_menu.o
                0x00010138                _ZN13MenuComponent15set_interactiveEb
 .text._ZN13MenuComponent13getMemAddressEv
                0x0001013a       0x1c custom_menu.o
                0x0001013a                _ZN13MenuComponent13getMemAddressEv
 .text._ZN4Menu6selectEv
                0x00010156       0x7e custom_menu.o
                0x00010156                _ZN4Menu6selectEv
 .text._ZN4Menu15draw_first_timeEv
                0x000101d4       0x18 custom_menu.o
                0x000101d4                _ZN4Menu15draw_first_timeEv
 .text._ZN4Menu12draw_enabledEv
                0x000101ec       0x16 custom_menu.o
                0x000101ec                _ZN4Menu12draw_enabledEv
 .text._ZN4Menu11draw_normalEv
                0x00010202       0x16 custom_menu.o
                0x00010202                _ZN4Menu11draw_normalEv
 .text._ZN4Menu13draw_selectedEv
                0x00010218       0x16 custom_menu.o
                0x00010218                _ZN4Menu13draw_selectedEv
 .text._ZN4Menu15clear_componentEv
                0x0001022e       0x16 custom_menu.o
                0x0001022e                _ZN4Menu15clear_componentEv
 .text._ZN4Menu9tempClearEv
                0x00010244       0x58 custom_menu.o
                0x00010244                _ZN4Menu9tempClearEv
 .text._ZN4Menu8get_typeEv
                0x0001029c        0x4 custom_menu.o
                0x0001029c                _ZN4Menu8get_typeEv
 .text._ZN4Menu5resetEv
                0x000102a0       0x76 custom_menu.o
                0x000102a0                _ZN4Menu5resetEv
 .text._ZN4Menu8getValueEv
                0x00010316        0x2 custom_menu.o
                0x00010316                _ZN4Menu8getValueEv
 .text._ZN4Menu7refreshEv
                0x00010318       0x70 custom_menu.o
                0x00010318                _ZN4Menu7refreshEv
 .text._ZN8MenuItem15draw_first_timeEv
                0x00010388       0x18 custom_menu.o
                0x00010388                _ZN8MenuItem15draw_first_timeEv
 .text._ZN8MenuItem12draw_enabledEv
                0x000103a0       0x18 custom_menu.o
                0x000103a0                _ZN8MenuItem12draw_enabledEv
 .text._ZN8MenuItem13draw_selectedEv
                0x000103b8       0x18 custom_menu.o
                0x000103b8                _ZN8MenuItem6selectEv
                0x000103b8                _ZN8MenuItem13draw_selectedEv
 .text._ZN8MenuItem11draw_normalEv
                0x000103d0       0x18 custom_menu.o
                0x000103d0                _ZN8MenuItem11draw_normalEv
 .text._ZN8MenuItem15clear_componentEv
                0x000103e8       0x18 custom_menu.o
                0x000103e8                _ZN8MenuItem15clear_componentEv
 .text._ZN8MenuItem9tempClearEv
                0x00010400        0x6 custom_menu.o
                0x00010400                _ZN8MenuItem9tempClearEv
 .text._ZN8MenuItem8getValueEv
                0x00010406        0x6 custom_menu.o
                0x00010406                _ZN8MenuItem8getValueEv
 .text._ZN8MenuItem8get_typeEv
                0x0001040c       0x1a custom_menu.o
                0x0001040c                _ZN8MenuItem8get_typeEv
 .text._ZN8MenuItem8setValueEi
                0x00010426       0x4c custom_menu.o
                0x00010426                _ZN8MenuItem8setValueEi
 .text._ZN8MenuItem8addValueEi
                0x00010472       0x18 custom_menu.o
                0x00010472                _ZN8MenuItem8addValueEi
 .text._ZN17MenuItem_editable13getMemAddressEv
                0x0001048a        0x8 custom_menu.o
                0x0001048a                _ZN17MenuItem_editable13getMemAddressEv
 .text._ZN27MenuItem_editable_for_tones8setValueEi
                0x00010492        0x2 custom_menu.o
                0x00010492                _ZN4Menu8setValueEi
                0x00010492                _ZN27MenuItem_editable_for_tones8setValueEi
                0x00010492                _ZN4Menu8addValueEi
                0x00010492                _ZN4Menu13setMemAddressEi
                0x00010492                _ZN8MenuItem13setMemAddressEi
 .text._ZN8MenuItem7refreshEv
                0x00010494        0x2 custom_menu.o
                0x00010494                _ZN8MenuItem5resetEv
                0x00010494                _ZN8MenuItem7refreshEv
 .text._ZN17MenuItem_rec_play8setValueEi
                0x00010496        0x6 custom_menu.o
                0x00010496                _ZN17MenuItem_rec_play8setValueEi
 .text._ZN17MenuItem_rec_play8getValueEv
                0x0001049c        0x6 custom_menu.o
                0x0001049c                _ZN17MenuItem_rec_play8getValueEv
 .text._ZN17MenuItem_editable13setMemAddressEi
                0x000104a2       0x3a custom_menu.o
                0x000104a2                _ZN17MenuItem_editable13setMemAddressEi
 .text._ZN13MenuComponent8get_nameEv
                0x000104dc       0x22 custom_menu.o
                0x000104dc                _ZN13MenuComponent8get_nameEv
 .text._ZN13MenuComponent11get_name_idEv
                0x000104fe        0x8 custom_menu.o
                0x000104fe                _ZN13MenuComponent11get_name_idEv
 .text._ZN13MenuComponent5get_xEv
                0x00010506       0x1c custom_menu.o
                0x00010506                _ZN13MenuComponent5get_xEv
 .text._ZN13MenuComponent19get_min_display_valEv
                0x00010522       0x1c custom_menu.o
                0x00010522                _ZN13MenuComponent19get_min_display_valEv
 .text._ZN13MenuComponent19get_max_display_valEv
                0x0001053e       0x1c custom_menu.o
                0x0001053e                _ZN13MenuComponent19get_max_display_valEv
 .text._ZN13MenuComponent5get_yEv
                0x0001055a       0x1c custom_menu.o
                0x0001055a                _ZN13MenuComponent5get_yEv
 .text._ZN4MenuC2Ei
                0x00010576       0x20 custom_menu.o
                0x00010576                _ZN4MenuC1Ei
                0x00010576                _ZN4MenuC2Ei
 .text._ZN4Menu4prevEib
                0x00010596      0x10a custom_menu.o
                0x00010596                _ZN4Menu4prevEib
 .text._ZN4Menu8activateEv
                0x000106a0      0x150 custom_menu.o
                0x000106a0                _ZN4Menu8activateEv
 .text._ZN4Menu21clear_current_displayEv
                0x000107f0       0x56 custom_menu.o
                0x000107f0                _ZN4Menu21clear_current_displayEv
 .text._ZN4Menu8add_itemEP8MenuItemPFvS1_hEPFvS1_ES5_S5_
                0x00010846       0x64 custom_menu.o
                0x00010846                _ZN4Menu8add_itemEP8MenuItemPFvS1_hEPFvS1_ES5_S5_
 .text._ZN4Menu8add_menuEPS_PFvS0_hEPFvS0_ES4_S4_
                0x000108aa       0x70 custom_menu.o
                0x000108aa                _ZN4Menu8add_menuEPS_PFvS0_hEPFvS0_ES4_S4_
 .text._ZN8MenuItemC2Ei
                0x0001091a       0x36 custom_menu.o
                0x0001091a                _ZN8MenuItemC2Ei
                0x0001091a                _ZN8MenuItemC1Ei
 .text._ZN17MenuItem_editableC2Ei
                0x00010950       0x5a custom_menu.o
                0x00010950                _ZN17MenuItem_editableC1Ei
                0x00010950                _ZN17MenuItem_editableC2Ei
 .text._ZN8MenuItem15saveValueEEPROMEv
                0x000109aa       0x22 custom_menu.o
                0x000109aa                _ZN8MenuItem15saveValueEEPROMEv
 .text._ZN10MenuSystemC2Ev
                0x000109cc        0xc custom_menu.o
                0x000109cc                _ZN10MenuSystemC2Ev
                0x000109cc                _ZN10MenuSystemC1Ev
 .text._ZN10MenuSystem4nextEib
                0x000109d8       0xee custom_menu.o
                0x000109d8                _ZN10MenuSystem4nextEib
 .text._ZN10MenuSystem4prevEib
                0x00010ac6      0x16a custom_menu.o
                0x00010ac6                _ZN10MenuSystem4prevEib
 .text._ZN10MenuSystem7refreshEv
                0x00010c30       0x9c custom_menu.o
                0x00010c30                _ZN10MenuSystem7refreshEv
 .text._ZN10MenuSystem6selectEb
                0x00010ccc       0xb2 custom_menu.o
                0x00010ccc                _ZN10MenuSystem6selectEb
 .text._ZN10MenuSystem4backEv
                0x00010d7e      0x16a custom_menu.o
                0x00010d7e                _ZN10MenuSystem4backEv
 .text._ZN10MenuSystem13set_root_menuEP4Menu
                0x00010ee8        0xc custom_menu.o
                0x00010ee8                _ZN10MenuSystem13set_root_menuEP4Menu
 .text._ZN10MenuSystem16get_current_menuEv
                0x00010ef4        0x8 custom_menu.o
                0x00010ef4                _ZN10MenuSystem16get_current_menuEv
 .text._ZN10MenuSystem7is_rootEv
                0x00010efc       0x2a custom_menu.o
                0x00010efc                _ZN10MenuSystem7is_rootEv
 .text._ZN10MenuSystem13get_selected1Ev
                0x00010f26       0x18 custom_menu.o
                0x00010f26                _ZN10MenuSystem13get_selected1Ev
 .text._ZN17MenuItem_rec_playC2Ei
                0x00010f3e       0x44 custom_menu.o
                0x00010f3e                _ZN17MenuItem_rec_playC2Ei
                0x00010f3e                _ZN17MenuItem_rec_playC1Ei
 .text._Z16get_map_tabela_Zi
                0x00010f82        0xc global_methods.o
                0x00010f82                _Z16get_map_tabela_Zi
 .text._Z11get_key_mapi
                0x00010f8e       0x16 global_methods.o
                0x00010f8e                _Z11get_key_mapi
 .text._Z13_readBit_stopPhi
                0x00010fa4       0x52 global_methods.o
                0x00010fa4                _Z13_readBit_stopPhi
 .text._Z14_writeBit_stopPhib
                0x00010ff6       0xc6 global_methods.o
                0x00010ff6                _Z14_writeBit_stopPhib
 .text._Z18calculate_free_RAMi
                0x000110bc        0x2 global_methods.o
                0x000110bc                _Z18calculate_free_RAMi
 .text._Z15EEPROMWriteLongil
                0x000110be       0x5a global_methods.o
                0x000110be                _Z15EEPROMWriteLongil
 .text._Z14EEPROMReadlongl
                0x00011118       0x90 global_methods.o
                0x00011118                _Z14EEPROMReadlongl
 .text._Z8setThemei
                0x000111a8       0xe6 global_methods.o
                0x000111a8                _Z8setThemei
 .text._Z5G_bitPhh
                0x0001128e       0x2e global_methods.o
                0x0001128e                _Z5G_bitPhh
 .text._Z5S_bitPhhh
                0x000112bc       0x5e global_methods.o
                0x000112bc                _Z5S_bitPhhh
 .text._Z15manubri_na_nulov
                0x0001131a       0xb2 global_methods.o
                0x0001131a                _Z15manubri_na_nulov
 .text._Z13zecer_na_nulov
                0x000113cc       0xd4 global_methods.o
                0x000113cc                _Z13zecer_na_nulov
 .text._Z13get_tone_namei
                0x000114a0      0x158 global_methods.o
                0x000114a0                _Z13get_tone_namei
 .text._Z13get_stop_nameh
                0x000115f8      0x408 global_methods.o
                0x000115f8                _Z13get_stop_nameh
 .text._Z21get_splited_float_arrPcl
                0x00011a00        0xc global_methods.o
                0x00011a00                _Z21get_splited_float_arrPcl
 .text._Z12return_floatPc
                0x00011a0c       0x4c global_methods.o
                0x00011a0c                _Z12return_floatPc
 .text._Z18init_global_valuesv
                0x00011a58       0x2c global_variables.o
                0x00011a58                _Z18init_global_valuesv
 .text.startup._GLOBAL__sub_I_CRESCENDO_STATE
                0x00011a84       0x9e global_variables.o
 .text.exit._GLOBAL__sub_D_CRESCENDO_STATE
                0x00011b22       0x28 global_variables.o
 .text._Z17test_procent_loadh
                0x00011b4a       0xbe menu_mgr.o
                0x00011b4a                _Z17test_procent_loadh
 .text._Z17test_procent_saveh
                0x00011c08       0xbe menu_mgr.o
                0x00011c08                _Z17test_procent_saveh
 .text._ZN7Encoder4isr2Ev
                0x00011cc6       0x8a menu_mgr.o
                0x00011cc6                _ZN7Encoder4isr2Ev
 .text._ZN7Encoder4isr3Ev
                0x00011d50       0x8a menu_mgr.o
                0x00011d50                _ZN7Encoder4isr3Ev
 .text._ZN8menu_mgrC2Ev
                0x00011dda        0x2 menu_mgr.o
                0x00011dda                _ZN8menu_mgrC2Ev
                0x00011dda                _ZN8menu_mgrC1Ev
 .text._ZN8menu_mgrD2Ev
                0x00011ddc        0x2 menu_mgr.o
                0x00011ddc                _ZN8menu_mgrD1Ev
                0x00011ddc                _ZN8menu_mgrD2Ev
 .text._Z14set_mode_colorh
                0x00011dde       0x78 menu_mgr.o
                0x00011dde                _Z14set_mode_colorh
 .text._Z21on_menu_draw_disabledP4Menu
                0x00011e56      0x1ae menu_mgr.o
                0x00011e56                _Z21on_menu_draw_disabledP4Menu
 .text._Z13on_menu_clearP4Menu
                0x00012004      0x1ae menu_mgr.o
                0x00012004                _Z13on_menu_clearP4Menu
 .text._Z13drawTinyLabelP8MenuItemih
                0x000121b2      0x148 menu_mgr.o
                0x000121b2                _Z13drawTinyLabelP8MenuItemih
 .text._Z10drawSliderP8MenuItemih
                0x000122fa      0x1ce menu_mgr.o
                0x000122fa                _Z10drawSliderP8MenuItemih
 .text._Z16drawBooleanLabelP8MenuItemih
                0x000124c8      0x264 menu_mgr.o
                0x000124c8                _Z16drawBooleanLabelP8MenuItemih
 .text._Z33drawSlider_type_BASIC_value_labelP8MenuItemih
                0x0001272c      0x284 menu_mgr.o
                0x0001272c                _Z33drawSlider_type_BASIC_value_labelP8MenuItemih
 .text._Z15drawRGBselectorP8MenuItemh
                0x000129b0      0x3a0 menu_mgr.o
                0x000129b0                _Z15drawRGBselectorP8MenuItemh
 .text._Z21drawCustomValueSliderP8MenuItemh
                0x00012d50      0x4fa menu_mgr.o
                0x00012d50                _Z21drawCustomValueSliderP8MenuItemh
 .text._Z23drawSlider_double_labelP8MenuItemih
                0x0001324a     0x1004 menu_mgr.o
                0x0001324a                _Z23drawSlider_double_labelP8MenuItemih
 .text._Z21drawSlider_tune_centsP8MenuItemih
                0x0001424e      0x2d6 menu_mgr.o
                0x0001424e                _Z21drawSlider_tune_centsP8MenuItemih
 .text._Z25drawslider_equalizer_freqP8MenuItemh
                0x00014524      0x2a0 menu_mgr.o
                0x00014524                _Z25drawslider_equalizer_freqP8MenuItemh
 .text._Z17draw_calibr_buttnP8MenuItemh
                0x000147c4      0x3a8 menu_mgr.o
                0x000147c4                _Z17draw_calibr_buttnP8MenuItemh
 .text._Z10draw_timerP8MenuItemh
                0x00014b6c      0x1f6 menu_mgr.o
                0x00014b6c                _Z10draw_timerP8MenuItemh
 .text._Z15draw_play_timerP8MenuItemh
                0x00014d62      0x210 menu_mgr.o
                0x00014d62                _Z15draw_play_timerP8MenuItemh
 .text._Z23draw_PLAY_FILE_selectorP8MenuItemh
                0x00014f72      0x42c menu_mgr.o
                0x00014f72                _Z23draw_PLAY_FILE_selectorP8MenuItemh
 .text._Z22draw_REC_FILE_selectorP8MenuItemh
                0x0001539e      0x274 menu_mgr.o
                0x0001539e                _Z22draw_REC_FILE_selectorP8MenuItemh
 .text._Z27draw_main_screen_backgroundP8MenuItemh
                0x00015612       0xe6 menu_mgr.o
                0x00015612                _Z27draw_main_screen_backgroundP8MenuItemh
 .text._Z19draw_theme_selectorP8MenuItemh
                0x000156f8      0x230 menu_mgr.o
                0x000156f8                _Z19draw_theme_selectorP8MenuItemh
 .text._Z19draw_style_selectorP8MenuItemh
                0x00015928      0x29a menu_mgr.o
                0x00015928                _Z19draw_style_selectorP8MenuItemh
 .text._Z22draw_mem_bank_selectorP8MenuItemh
                0x00015bc2      0x25a menu_mgr.o
                0x00015bc2                _Z22draw_mem_bank_selectorP8MenuItemh
 .text._Z18draw_hist_selectorP8MenuItemh
                0x00015e1c      0x3b0 menu_mgr.o
                0x00015e1c                _Z18draw_hist_selectorP8MenuItemh
 .text._Z18draw_tone_selectorP8MenuItemh
                0x000161cc      0x342 menu_mgr.o
                0x000161cc                _Z18draw_tone_selectorP8MenuItemh
 .text._Z21draw_FILE_SD_selectorP8MenuItemh
                0x0001650e      0x3f4 menu_mgr.o
                0x0001650e                _Z21draw_FILE_SD_selectorP8MenuItemh
 .text._Z27draw_FILE_INTERNAL_selectorP8MenuItemh
                0x00016902      0x2a8 menu_mgr.o
                0x00016902                _Z27draw_FILE_INTERNAL_selectorP8MenuItemh
 .text._Z9draw_textii6StringS_hh
                0x00016baa      0x14c menu_mgr.o
                0x00016baa                _Z9draw_textii6StringS_hh
 .text._ZN8menu_mgr19send_startup_reverbEhh
                0x00016cf6      0x158 menu_mgr.o
                0x00016cf6                _ZN8menu_mgr19send_startup_reverbEhh
 .text._ZN8menu_mgr12resend_notesEv
                0x00016e4e       0xc2 menu_mgr.o
                0x00016e4e                _ZN8menu_mgr12resend_notesEv
 .text._ZN8menu_mgr24resend_notes_with_on_offEv
                0x00016f10      0x116 menu_mgr.o
                0x00016f10                _ZN8menu_mgr24resend_notes_with_on_offEv
 .text.startup._GLOBAL__sub_I_myGLCD
                0x00017026      0x618 menu_mgr.o
 .text._ZN8menu_mgr9menu_initEv
                0x0001763e      0xbd4 menu_mgr.o
                0x0001763e                _ZN8menu_mgr9menu_initEv
 .text._Z13drawLabelInfoP8MenuItemih
                0x00018212      0x356 menu_mgr.o
                0x00018212                _Z13drawLabelInfoP8MenuItemih
 .text._Z32drawSlider_negative_single_labelP8MenuItemih
                0x00018568      0x32c menu_mgr.o
                0x00018568                _Z32drawSlider_negative_single_labelP8MenuItemih
 .text._ZN8menu_mgr19quick_fix_TRANSPOSEEh
                0x00018894       0x3e menu_mgr.o
                0x00018894                _ZN8menu_mgr19quick_fix_TRANSPOSEEh
 .text._Z15draw_PLAY_buttnP8MenuItemh
                0x000188d2      0x40c menu_mgr.o
                0x000188d2                _Z15draw_PLAY_buttnP8MenuItemh
 .text._Z14drawButtonMenuP4Menui
                0x00018cde      0x420 menu_mgr.o
                0x00018cde                _Z14drawButtonMenuP4Menui
 .text._Z20on_menu_draw_enabledP4Menu
                0x000190fe        0x6 menu_mgr.o
                0x000190fe                _Z20on_menu_draw_enabledP4Menu
 .text._Z16on_menu_selectedP4Menuh
                0x00019104      0x21a menu_mgr.o
                0x00019104                _Z16on_menu_selectedP4Menuh
 .text._Z25drawslider_equalizer_gainP8MenuItemh
                0x0001931e      0x94e menu_mgr.o
                0x0001931e                _Z25drawslider_equalizer_gainP8MenuItemh
 .text._Z24draw_SAVE_BUTTN_selectorP8MenuItemh
                0x00019c6c      0x46e menu_mgr.o
                0x00019c6c                _Z24draw_SAVE_BUTTN_selectorP8MenuItemh
 .text._Z24draw_LOAD_BUTTN_selectorP8MenuItemh
                0x0001a0da      0x53e menu_mgr.o
                0x0001a0da                _Z24draw_LOAD_BUTTN_selectorP8MenuItemh
 .text._ZN8menu_mgr12check_reverbE6Stringh
                0x0001a618      0x518 menu_mgr.o
                0x0001a618                _ZN8menu_mgr12check_reverbE6Stringh
 .text._Z22drawslider_equalizer_QP8MenuItemh
                0x0001ab30      0x5f6 menu_mgr.o
                0x0001ab30                _Z22drawslider_equalizer_QP8MenuItemh
 .text._Z17draw_RECORD_buttnP8MenuItemh
                0x0001b126      0x3da menu_mgr.o
                0x0001b126                _Z17draw_RECORD_buttnP8MenuItemh
 .text._Z18draw_stop_selectorP8MenuItemh
                0x0001b500      0x3ce menu_mgr.o
                0x0001b500                _Z18draw_stop_selectorP8MenuItemh
 .text._Z14call_item_modeP8MenuItemh
                0x0001b8ce      0x38c menu_mgr.o
                0x0001b8ce                _Z14call_item_modeP8MenuItemh
 .text._Z13on_item_clearP8MenuItem
                0x0001bc5a      0x396 menu_mgr.o
                0x0001bc5a                _Z13on_item_clearP8MenuItem
 .text._Z20on_item_draw_enabledP8MenuItem
                0x0001bff0      0x39a menu_mgr.o
                0x0001bff0                _Z20on_item_draw_enabledP8MenuItem
 .text._Z21on_item_draw_disabledP8MenuItem
                0x0001c38a      0x39a menu_mgr.o
                0x0001c38a                _Z21on_item_draw_disabledP8MenuItem
 .text._Z14on_item_selectP8MenuItemh
                0x0001c724      0x3bc menu_mgr.o
                0x0001c724                _Z14on_item_selectP8MenuItemh
 .text._ZN8menu_mgr12display_menuEv
                0x0001cae0      0xd28 menu_mgr.o
                0x0001cae0                _ZN8menu_mgr12display_menuEv
 .text._ZN12Midifile_cmdC2Ev
                0x0001d808        0x8 Midifile_cmd.o
                0x0001d808                _ZN12Midifile_cmdC2Ev
                0x0001d808                _ZN12Midifile_cmdC1Ev
 .text._ZN12Midifile_cmdD2Ev
                0x0001d810        0x4 Midifile_cmd.o
                0x0001d810                _ZN12Midifile_cmdD1Ev
                0x0001d810                _ZN12Midifile_cmdD2Ev
 .text._ZN8MIDI_mgr12MIDI_preklopEh.constprop.6
                0x0001d814       0x62 MIDI_mgr.o
 .text._ZN8MIDI_mgr13MIDI_mgr_initEv
                0x0001d876      0x118 MIDI_mgr.o
                0x0001d876                _ZN8MIDI_mgr13MIDI_mgr_initEv
 .text._ZN8MIDI_mgr26sendProgramChange_MIDI_outEhhh
                0x0001d98e       0x62 MIDI_mgr.o
                0x0001d98e                _ZN8MIDI_mgr26sendProgramChange_MIDI_outEhhh
 .text._ZN8MIDI_mgr29play_note_input_inject_helperEihbh
                0x0001d9f0       0x48 MIDI_mgr.o
                0x0001d9f0                _ZN8MIDI_mgr29play_note_input_inject_helperEihbh
 .text._ZN8MIDI_mgr17sendNote_MIDI_outEhhhhb
                0x0001da38       0xfe MIDI_mgr.o
                0x0001da38                _ZN8MIDI_mgr17sendNote_MIDI_outEhhhhb
 .text._ZN8MIDI_mgr13refresh_notesEv
                0x0001db36       0x3a MIDI_mgr.o
                0x0001db36                _ZN8MIDI_mgr13refresh_notesEv
 .text._ZN8MIDI_mgr15mute_all_soundsEv
                0x0001db70      0x842 MIDI_mgr.o
                0x0001db70                _ZN8MIDI_mgr15mute_all_soundsEv
 .text._ZN8MIDI_mgr11send_reverbEhhh
                0x0001e3b2      0x550 MIDI_mgr.o
                0x0001e3b2                _ZN8MIDI_mgr11send_reverbEhhh
 .text._ZN8MIDI_mgr13equalizer_setEii
                0x0001e902      0x372 MIDI_mgr.o
                0x0001e902                _ZN8MIDI_mgr13equalizer_setEii
 .text._ZN8MIDI_mgr19equalizer_set_pedalEii
                0x0001ec74      0x1ec MIDI_mgr.o
                0x0001ec74                _ZN8MIDI_mgr19equalizer_set_pedalEii
 .text._ZN8MIDI_mgr22equalizer_startup_sendEv
                0x0001ee60      0x19a MIDI_mgr.o
                0x0001ee60                _ZN8MIDI_mgr22equalizer_startup_sendEv
 .text._ZN8MIDI_mgr25equalizer_headphones_sendEv
                0x0001effa      0x19a MIDI_mgr.o
                0x0001effa                _ZN8MIDI_mgr25equalizer_headphones_sendEv
 .text._ZN8MIDI_mgr22send_stop_notes_volumeEhh
                0x0001f194      0x172 MIDI_mgr.o
                0x0001f194                _ZN8MIDI_mgr22send_stop_notes_volumeEhh
 .text._ZN8MIDI_mgr15send_style_varsEPh
                0x0001f306      0x108 MIDI_mgr.o
                0x0001f306                _ZN8MIDI_mgr15send_style_varsEPh
 .text._ZN8MIDI_mgr12change_styleEh
                0x0001f40e      0xdd2 MIDI_mgr.o
                0x0001f40e                _ZN8MIDI_mgr12change_styleEh
 .text._ZN8MIDI_mgr11tuning_sendEv
                0x000201e0     0x12c4 MIDI_mgr.o
                0x000201e0                _ZN8MIDI_mgr11tuning_sendEv
 .text._ZN8MIDI_mgr19send_note_on_outputEhhbhh
                0x000214a4      0x146 MIDI_mgr.o
                0x000214a4                _ZN8MIDI_mgr19send_note_on_outputEhhbhh
 .text._ZN8MIDI_mgr15send_note_DREAMEibih
                0x000215ea       0xce MIDI_mgr.o
                0x000215ea                _ZN8MIDI_mgr15send_note_DREAMEibih
 .text._ZN8MIDI_mgr14send_MIDI_codeEiiii
                0x000216b8      0x104 MIDI_mgr.o
                0x000216b8                _ZN8MIDI_mgr14send_MIDI_codeEiiii
 .text._ZN8MIDI_mgr14send_MIDI_testEiii
                0x000217bc      0x53a MIDI_mgr.o
                0x000217bc                _ZN8MIDI_mgr14send_MIDI_testEiii
 .text._ZN8MIDI_mgr22send_midi_active_senseEv
                0x00021cf6        0x2 MIDI_mgr.o
                0x00021cf6                _ZN8MIDI_mgr22send_midi_active_senseEv
 .text._ZN8MIDI_mgr30send_midi_MASTER_volume_changeEv
                0x00021cf8      0x7d2 MIDI_mgr.o
                0x00021cf8                _ZN8MIDI_mgr30send_midi_MASTER_volume_changeEv
 .text._ZN8MIDI_mgr30send_midi_volume_change_manualEhh
                0x000224ca      0x2d2 MIDI_mgr.o
                0x000224ca                _ZN8MIDI_mgr30send_midi_volume_change_manualEhh
 .text._ZN8MIDI_mgr18send_tremulant_keyEiP4Stopbib
                0x0002279c      0x6b2 MIDI_mgr.o
                0x0002279c                _ZN8MIDI_mgr18send_tremulant_keyEiP4Stopbib
 .text.startup._GLOBAL__sub_I_MIDI
                0x00022e4e      0x162 MIDI_mgr.o
 .text.startup._GLOBAL__sub_I__ZN12MIDI_recplayC2Ev
                0x00022fb0        0x8 MIDI_recplay.o
 .text.exit._GLOBAL__sub_D__ZN12MIDI_recplayC2Ev
                0x00022fb8        0x8 MIDI_recplay.o
 .text._ZN5SDLib4File9availableEv
                0x00022fc0       0x44 SD_lib/File.o
                0x00022fc0                _ZN5SDLib4File9availableEv
 .text._ZN5SDLib4File5writeEPKhj
                0x00023004       0x36 SD_lib/File.o
                0x00023004                _ZN5SDLib4File5writeEPKhj
 .text._ZN5SDLib4File4readEv
                0x0002303a       0x3e SD_lib/File.o
                0x0002303a                _ZN5SDLib4File4readEv
 .text._ZN5SDLib4File4peekEv
                0x00023078       0x70 SD_lib/File.o
                0x00023078                _ZN5SDLib4File4peekEv
 .text._ZN5SDLib4File5flushEv
                0x000230e8       0x10 SD_lib/File.o
                0x000230e8                _ZN5SDLib4File5flushEv
 .text._ZN5SDLib4File5writeEh
                0x000230f8       0x8c SD_lib/File.o
                0x000230f8                _ZN5SDLib4File5writeEh
 .text._ZN5SDLib4FileC2E6SdFilePKc
                0x00023184       0x6a SD_lib/File.o
                0x00023184                _ZN5SDLib4FileC1E6SdFilePKc
                0x00023184                _ZN5SDLib4FileC2E6SdFilePKc
 .text._ZN5SDLib4FileC2Ev
                0x000231ee       0x26 SD_lib/File.o
                0x000231ee                _ZN5SDLib4FileC2Ev
                0x000231ee                _ZN5SDLib4FileC1Ev
 .text._ZN5SDLib4File4nameEv
                0x00023214        0x4 SD_lib/File.o
                0x00023214                _ZN5SDLib4File4nameEv
 .text._ZN5SDLib4File4seekEm
                0x00023218       0x1e SD_lib/File.o
                0x00023218                _ZN5SDLib4File4seekEm
 .text._ZN5SDLib4File8positionEv
                0x00023236       0x20 SD_lib/File.o
                0x00023236                _ZN5SDLib4File8positionEv
 .text._ZN5SDLib4File4sizeEv
                0x00023256       0x20 SD_lib/File.o
                0x00023256                _ZN5SDLib4File4sizeEv
 .text._ZN5SDLib4File5closeEv
                0x00023276       0x26 SD_lib/File.o
                0x00023276                _ZN5SDLib4File5closeEv
 .text._ZN5SDLib4FilecvbEv
                0x0002329c       0x1a SD_lib/File.o
                0x0002329c                _ZN5SDLib4FilecvbEv
 .text._ZN5SDLib7SDClass5beginEh
                0x000232b6       0x64 SD_lib/SD.o
                0x000232b6                _ZN5SDLib7SDClass5beginEh
 .text._ZN5SDLib7SDClass12getParentDirEPKcPi
                0x0002331a      0x24c SD_lib/SD.o
                0x0002331a                _ZN5SDLib7SDClass12getParentDirEPKcPi
 .text._ZN5SDLib7SDClass4openEPKch
                0x00023566      0x228 SD_lib/SD.o
                0x00023566                _ZN5SDLib7SDClass4openEPKch
 .text._ZN5SDLib7SDClass6existsEPKc
                0x0002378e      0x3c8 SD_lib/SD.o
                0x0002378e                _ZN5SDLib7SDClass6existsEPKc
 .text._ZN5SDLib7SDClass5mkdirEPKc
                0x00023b56      0x3be SD_lib/SD.o
                0x00023b56                _ZN5SDLib7SDClass5mkdirEPKc
 .text._ZN5SDLib7SDClass6removeEPKc
                0x00023f14      0x336 SD_lib/SD.o
                0x00023f14                _ZN5SDLib7SDClass6removeEPKc
 .text._ZN5SDLib4File12openNextFileEh
                0x0002424a      0x16e SD_lib/SD.o
                0x0002424a                _ZN5SDLib4File12openNextFileEh
 .text.startup._GLOBAL__sub_I__ZN5SDLib20getNextPathComponentEPKcPjPc
                0x000243b8       0x2e SD_lib/SD.o
 .text._ZN7Sd2Card11cardCommandEhm
                0x000243e6      0x1aa SD_lib/Sd2Card.o
                0x000243e6                _ZN7Sd2Card11cardCommandEhm
 .text._ZN7Sd2Card4initEhh
                0x00024590      0x33e SD_lib/Sd2Card.o
                0x00024590                _ZN7Sd2Card4initEhh
 .text._ZN7Sd2Card9readBlockEmPh
                0x000248ce      0x1fa SD_lib/Sd2Card.o
                0x000248ce                _ZN7Sd2Card9readBlockEmPh
 .text._ZN7Sd2Card8readDataEmjjPh
                0x00024ac8      0x238 SD_lib/Sd2Card.o
                0x00024ac8                _ZN7Sd2Card8readDataEmjjPh
 .text._ZN7Sd2Card9writeDataEhPKh
                0x00024d00       0xae SD_lib/Sd2Card.o
                0x00024d00                _ZN7Sd2Card9writeDataEhPKh
 .text._ZN7Sd2Card10writeBlockEmPKh
                0x00024dae      0x142 SD_lib/Sd2Card.o
                0x00024dae                _ZN7Sd2Card10writeBlockEmPKh
 .text.startup._GLOBAL__sub_I__ZN7Sd2Card11cardCommandEhm
                0x00024ef0        0xc SD_lib/Sd2Card.o
 .text._ZN6SdFile13addDirClusterEv
                0x00024efc      0x122 SD_lib/SdFile.o
                0x00024efc                _ZN6SdFile13addDirClusterEv
 .text._ZN6SdFile5closeEv
                0x0002501e       0xb6 SD_lib/SdFile.o
                0x0002501e                _ZN6SdFile5closeEv
 .text._ZN6SdFile7dirNameERK14directoryEntryPc
                0x000250d4      0x17a SD_lib/SdFile.o
                0x000250d4                _ZN6SdFile7dirNameERK14directoryEntryPc
 .text._ZN6SdFile15openCachedEntryEhh
                0x0002524e      0x1be SD_lib/SdFile.o
                0x0002524e                _ZN6SdFile15openCachedEntryEhh
 .text._ZN6SdFile8openRootEP8SdVolume
                0x0002540c       0xc4 SD_lib/SdFile.o
                0x0002540c                _ZN6SdFile8openRootEP8SdVolume
 .text._ZN6SdFile4readEPvj
                0x000254d0      0x296 SD_lib/SdFile.o
                0x000254d0                _ZN6SdFile4readEPvj
 .text._ZN6SdFile4openEPS_PKch.part.24.constprop.28
                0x00025766      0x2e2 SD_lib/SdFile.o
 .text._ZN6SdFile7makeDirEPS_PKc
                0x00025a48      0x292 SD_lib/SdFile.o
                0x00025a48                _ZN6SdFile7makeDirEPS_PKc
 .text._ZN6SdFile4openEPS_PKch
                0x00025cda        0xe SD_lib/SdFile.o
                0x00025cda                _ZN6SdFile4openEPS_PKch
 .text._ZN6SdFile7readDirEP14directoryEntry
                0x00025ce8       0x80 SD_lib/SdFile.o
                0x00025ce8                _ZN6SdFile7readDirEP14directoryEntry
 .text._ZN6SdFile6removeEPS_PKc
                0x00025d68      0x17e SD_lib/SdFile.o
                0x00025d68                _ZN6SdFile6removeEPS_PKc
 .text._ZN6SdFile7seekSetEm
                0x00025ee6      0x132 SD_lib/SdFile.o
                0x00025ee6                _ZN6SdFile7seekSetEm
 .text._ZN6SdFile4syncEv
                0x00026018       0xb0 SD_lib/SdFile.o
                0x00026018                _ZN6SdFile4syncEv
 .text._ZN6SdFile5writeEPKvj
                0x000260c8      0x560 SD_lib/SdFile.o
                0x000260c8                _ZN6SdFile5writeEPKvj
 .text._ZN6SdFile5writeEh
                0x00026628       0x20 SD_lib/SdFile.o
                0x00026628                _ZN6SdFile5writeEh
 .text._ZN8SdVolume6fatPutEmm.part.3
                0x00026648      0x1ca SD_lib/SdVolume.o
 .text._ZN8SdVolume10cacheFlushEv
                0x00026812       0x7c SD_lib/SdVolume.o
                0x00026812                _ZN8SdVolume10cacheFlushEv
 .text._ZN8SdVolume13cacheRawBlockEmh
                0x0002688e       0xda SD_lib/SdVolume.o
                0x0002688e                _ZN8SdVolume13cacheRawBlockEmh
 .text._ZN8SdVolume15allocContiguousEmPm
                0x00026968      0x59e SD_lib/SdVolume.o
                0x00026968                _ZN8SdVolume15allocContiguousEmPm
 .text._ZN8SdVolume14cacheZeroBlockEm
                0x00026f06       0xb8 SD_lib/SdVolume.o
                0x00026f06                _ZN8SdVolume14cacheZeroBlockEm
 .text._ZNK8SdVolume9chainSizeEmPm
                0x00026fbe      0x22a SD_lib/SdVolume.o
                0x00026fbe                _ZNK8SdVolume9chainSizeEmPm
 .text._ZNK8SdVolume6fatGetEmPm
                0x000271e8      0x1b8 SD_lib/SdVolume.o
                0x000271e8                _ZNK8SdVolume6fatGetEmPm
 .text._ZN8SdVolume9freeChainEm
                0x000273a0      0x396 SD_lib/SdVolume.o
                0x000273a0                _ZN8SdVolume9freeChainEm
 .text._ZN8SdVolume4initEP7Sd2Cardh
                0x00027736      0x406 SD_lib/SdVolume.o
                0x00027736                _ZN8SdVolume4initEP7Sd2Cardh
 .text._ZN6SD_mgrC2Ev
                0x00027b3c       0x22 SD_mgr.o
                0x00027b3c                _ZN6SD_mgrC2Ev
                0x00027b3c                _ZN6SD_mgrC1Ev
 .text._ZN6SD_mgr13check_SD_initEv
                0x00027b5e       0x7c SD_mgr.o
                0x00027b5e                _ZN6SD_mgr13check_SD_initEv
 .text._ZN6SD_mgr16get_is_recordingEv
                0x00027bda       0x10 SD_mgr.o
                0x00027bda                _ZN6SD_mgr16get_is_recordingEv
 .text._ZN6SD_mgr14get_is_playingEv
                0x00027bea       0x10 SD_mgr.o
                0x00027bea                _ZN6SD_mgr14get_is_playingEv
 .text._ZN6SD_mgr18get_recording_timeEv
                0x00027bfa       0x4c SD_mgr.o
                0x00027bfa                _ZN6SD_mgr18get_recording_timeEv
 .text._ZN6SD_mgr16get_playing_timeEv
                0x00027c46       0x4c SD_mgr.o
                0x00027c46                _ZN6SD_mgr16get_playing_timeEv
 .text._ZN6SD_mgr10load_exRAME6String
                0x00027c92      0x184 SD_mgr.o
                0x00027c92                _ZN6SD_mgr10load_exRAME6String
 .text._ZN6SD_mgr11set_playingEb6String
                0x00027e16      0x11c SD_mgr.o
                0x00027e16                _ZN6SD_mgr11set_playingEb6String
 .text._ZN6SD_mgr20read_send_midi_eventEv