Archive member included to satisfy reference by file (symbol)

c:/program files (x86)/atmel/studio/7.0/toolchain/avr8/avr8-gnu-toolchain/bin/../lib/gcc/avr/5.4.0/../../../../avr/lib/avr6\libm.a(addsf3.o)
                              menu_mgr.o (__subsf3)
c:/program files (x86)/atmel/studio/7.0/toolchain/avr8/avr8-gnu-toolchain/bin/../lib/gcc/avr/5.4.0/../../../../avr/lib/avr6\libm.a(addsf3x.o)
                              c:/program files (x86)/atmel/studio/7.0/toolchain/avr8/avr8-gnu-toolchain/bin/../lib/gcc/avr/5.4.0/../../../../avr/lib/avr6\libm.a(addsf3.o) (__addsf3x)
c:/program files (x86)/atmel/studio/7.0/toolchain/avr8/avr8-gnu-toolchain/bin/../lib/gcc/avr/5.4.0/../../../../avr/lib/avr6\libm.a(cmpsf2.o)
                              menu_mgr.o (__ltsf2)
c:/program files (x86)/atmel/studio/7.0/toolchain/avr8/avr8-gnu-toolchain/bin/../lib/gcc/avr/5.4.0/../../../../avr/lib/avr6\libm.a(divsf3.o)
                              menu_mgr.o (__divsf3)
c:/program files (x86)/atmel/studio/7.0/toolchain/avr8/avr8-gnu-toolchain/bin/../lib/gcc/avr/5.4.0/../../../../avr/lib/avr6\libm.a(divsf3x.o)
                              c:/program files (x86)/atmel/studio/7.0/toolchain/avr8/avr8-gnu-toolchain/bin/../lib/gcc/avr/5.4.0/../../../../avr/lib/avr6\libm.a(divsf3.o) (__divsf3x)
c:/program files (x86)/atmel/studio/7.0/toolchain/avr8/avr8-gnu-toolchain/bin/../lib/gcc/avr/5.4.0/../../../../avr/lib/avr6\libm.a(fixsfsi.o)
                              Zecer_stop_mgr.o (__fixsfsi)
c:/program files (x86)/atmel/studio/7.0/toolchain/avr8/avr8-gnu-toolchain/bin/../lib/gcc/avr/5.4.0/../../../../avr/lib/avr6\libm.a(fixunssfsi.o)
                              menu_mgr.o (__fixunssfsi)
c:/program files (x86)/atmel/studio/7.0/toolchain/avr8/avr8-gnu-toolchain/bin/../lib/gcc/avr/5.4.0/../../../../avr/lib/avr6\libm.a(floatsisf.o)
                              global_variables.o (__floatunsisf)
c:/program files (x86)/atmel/studio/7.0/toolchain/avr8/avr8-gnu-toolchain/bin/../lib/gcc/avr/5.4.0/../../../../avr/lib/avr6\libm.a(fp_cmp.o)
                              c:/program files (x86)/atmel/studio/7.0/toolchain/avr8/avr8-gnu-toolchain/bin/../lib/gcc/avr/5.4.0/../../../../avr/lib/avr6\libm.a(cmpsf2.o) (__fp_cmp)
c:/program files (x86)/atmel/studio/7.0/toolchain/avr8/avr8-gnu-toolchain/bin/../lib/gcc/avr/5.4.0/../../../../avr/lib/avr6\libm.a(fp_inf.o)
                              c:/program files (x86)/atmel/studio/7.0/toolchain/avr8/avr8-gnu-toolchain/bin/../lib/gcc/avr/5.4.0/../../../../avr/lib/avr6\libm.a(addsf3x.o) (__fp_inf)
c:/program files (x86)/atmel/studio/7.0/toolchain/avr8/avr8-gnu-toolchain/bin/../lib/gcc/avr/5.4.0/../../../../avr/lib/avr6\libm.a(fp_nan.o)
                              c:/program files (x86)/atmel/studio/7.0/toolchain/avr8/avr8-gnu-toolchain/bin/../lib/gcc/avr/5.4.0/../../../../avr/lib/avr6\libm.a(addsf3x.o) (__fp_nan)
c:/program files (x86)/atmel/studio/7.0/toolchain/avr8/avr8-gnu-toolchain/bin/../lib/gcc/avr/5.4.0/../../../../avr/lib/avr6\libm.a(fp_pscA.o)
                              c:/program files (x86)/atmel/studio/7.0/toolchain/avr8/avr8-gnu-toolchain/bin/../lib/gcc/avr/5.4.0/../../../../avr/lib/avr6\libm.a(addsf3x.o) (__fp_pscA)
c:/program files (x86)/atmel/studio/7.0/toolchain/avr8/avr8-gnu-toolchain/bin/../lib/gcc/avr/5.4.0/../../../../avr/lib/avr6\libm.a(fp_pscB.o)
                              c:/program files (x86)/atmel/studio/7.0/toolchain/avr8/avr8-gnu-toolchain/bin/../lib/gcc/avr/5.4.0/../../../../avr/lib/avr6\libm.a(addsf3x.o) (__fp_pscB)
c:/program files (x86)/atmel/studio/7.0/toolchain/avr8/avr8-gnu-toolchain/bin/../lib/gcc/avr/5.4.0/../../../../avr/lib/avr6\libm.a(fp_round.o)
                              c:/program files (x86)/atmel/studio/7.0/toolchain/avr8/avr8-gnu-toolchain/bin/../lib/gcc/avr/5.4.0/../../../../avr/lib/avr6\libm.a(addsf3.o) (__fp_round)
c:/program files (x86)/atmel/studio/7.0/toolchain/avr8/avr8-gnu-toolchain/bin/../lib/gcc/avr/5.4.0/../../../../avr/lib/avr6\libm.a(fp_split3.o)
                              c:/program files (x86)/atmel/studio/7.0/toolchain/avr8/avr8-gnu-toolchain/bin/../lib/gcc/avr/5.4.0/../../../../avr/lib/avr6\libm.a(addsf3x.o) (__fp_split3)
c:/program files (x86)/atmel/studio/7.0/toolchain/avr8/avr8-gnu-toolchain/bin/../lib/gcc/avr/5.4.0/../../../../avr/lib/avr6\libm.a(fp_zero.o)
                              c:/program files (x86)/atmel/studio/7.0/toolchain/avr8/avr8-gnu-toolchain/bin/../lib/gcc/avr/5.4.0/../../../../avr/lib/avr6\libm.a(addsf3x.o) (__fp_zero)
c:/program files (x86)/atmel/studio/7.0/toolchain/avr8/avr8-gnu-toolchain/bin/../lib/gcc/avr/5.4.0/../../../../avr/lib/avr6\libm.a(gesf2.o)
                              menu_mgr.o (__gtsf2)
c:/program files (x86)/atmel/studio/7.0/toolchain/avr8/avr8-gnu-toolchain/bin/../lib/gcc/avr/5.4.0/../../../../avr/lib/avr6\libm.a(mulsf3.o)
                              menu_mgr.o (__mulsf3)
[...]
Memory Configuration

Name             Origin             Length             Attributes
text             0x00000000         0x00100000         xr
data             0x00800200         0x0000fe00         rw !x
eeprom           0x00810000         0x00010000         rw !x
fuse             0x00820000         0x00000003         rw !x
lock             0x00830000         0x00000400         rw !x
signature        0x00840000         0x00000400         rw !x
user_signatures  0x00850000         0x00000400         rw !x
*default*        0x00000000         0xffffffff

Linker script and memory map

Address of section .data set to 0x800200
LOAD C:/Program Files (x86)/Atmel/Studio/7.0/Packs/atmel/ATmega_DFP/1.1.130/gcc/dev/atmega2560/avr6/crtatmega2560.o
LOAD arial_bold.o
LOAD arial_normal.o
LOAD backend_methods.o
LOAD BACKUP_STOPS.o
LOAD Button_Z.o
LOAD custom_menu.o
LOAD global_methods.o
LOAD global_variables.o
LOAD keyboard_reader.o
LOAD LCD_mgr.o
LOAD menu_mgr.o
LOAD Midifile_cmd.o
LOAD MIDI_file_handler.o
LOAD MIDI_mgr.o
LOAD MIDI_recplay.o
LOAD PROGMEM_address_var.o
LOAD PROGMEM_labels.o
LOAD SD_lib/File.o
LOAD SD_lib/SD.o
LOAD SD_lib/Sd2Card.o
LOAD SD_lib/SdFile.o
LOAD SD_lib/SdVolume.o
LOAD SD_mgr.o
LOAD Sketch.o
LOAD SpiRam_Extended.o
LOAD Stop.o
LOAD Stop_mgr.o
LOAD SPIPRM.o
LOAD Zecer_mgr.o
LOAD Zecer_stop_mgr.o
LOAD zz_KOMENTARJI.o
START GROUP
LOAD c:/program files (x86)/atmel/studio/7.0/toolchain/avr8/avr8-gnu-toolchain/bin/../lib/gcc/avr/5.4.0/../../../../avr/lib/avr6\libm.a
LOAD C:\Users\Greg\DOCUME~1\ATMELS~2\ACCENT~1.1\ACCENT~1.1\ARDUIN~1\Debug\libArduinoCore.a
END GROUP
LOAD c:/program files (x86)/atmel/studio/7.0/toolchain/avr8/avr8-gnu-toolchain/bin/../lib/gcc/avr/5.4.0/avr6\libgcc.a
LOAD c:/program files (x86)/atmel/studio/7.0/toolchain/avr8/avr8-gnu-toolchain/bin/../lib/gcc/avr/5.4.0/../../../../avr/lib/avr6\libm.a
START GROUP
LOAD c:/program files (x86)/atmel/studio/7.0/toolchain/avr8/avr8-gnu-toolchain/bin/../lib/gcc/avr/5.4.0/avr6\libgcc.a
LOAD c:/program files (x86)/atmel/studio/7.0/toolchain/avr8/avr8-gnu-toolchain/bin/../lib/gcc/avr/5.4.0/../../../../avr/lib/avr6\libm.a
LOAD c:/program files (x86)/atmel/studio/7.0/toolchain/avr8/avr8-gnu-toolchain/bin/../lib/gcc/avr/5.4.0/../../../../avr/lib/avr6\libc.a
LOAD C:/Program Files (x86)/Atmel/Studio/7.0/Packs/atmel/ATmega_DFP/1.1.130/gcc/dev/atmega2560/avr6\libatmega2560.a
END GROUP
                0x00100000                __TEXT_REGION_LENGTH__ = DEFINED (__TEXT_REGION_LENGTH__)?__TEXT_REGION_LENGTH__:0x100000
                0x0000fe00                __DATA_REGION_LENGTH__ = DEFINED (__DATA_REGION_LENGTH__)?__DATA_REGION_LENGTH__:0xfe00
                0x00010000                __EEPROM_REGION_LENGTH__ = DEFINED (__EEPROM_REGION_LENGTH__)?__EEPROM_REGION_LENGTH__:0x10000
                [0x00000003]                __FUSE_REGION_LENGTH__ = DEFINED (__FUSE_REGION_LENGTH__)?__FUSE_REGION_LENGTH__:0x400
                0x00000400                __LOCK_REGION_LENGTH__ = DEFINED (__LOCK_REGION_LENGTH__)?__LOCK_REGION_LENGTH__:0x400
                0x00000400                __SIGNATURE_REGION_LENGTH__ = DEFINED (__SIGNATURE_REGION_LENGTH__)?__SIGNATURE_REGION_LENGTH__:0x400
                0x00000400                __USER_SIGNATURE_REGION_LENGTH__ = DEFINED (__USER_SIGNATURE_REGION_LENGTH__)?__USER_SIGNATURE_REGION_LENGTH__:0x400

.hash
 *(.hash)

.dynsym
 *(.dynsym)

.dynstr
 *(.dynstr)

.gnu.version
 *(.gnu.version)

.gnu.version_d
 *(.gnu.version_d)

.gnu.version_r
 *(.gnu.version_r)

.rel.init
 *(.rel.init)

.rela.init
 *(.rela.init)

.rel.text
 *(.rel.text)
 *(.rel.text.*)
 *(.rel.gnu.linkonce.t*)

.rela.text
 *(.rela.text)
 *(.rela.text.*)
 *(.rela.gnu.linkonce.t*)

.rel.fini
 *(.rel.fini)

.rela.fini
 *(.rela.fini)

.rel.rodata
 *(.rel.rodata)
 *(.rel.rodata.*)
 *(.rel.gnu.linkonce.r*)

.rela.rodata
 *(.rela.rodata)
 *(.rela.rodata.*)
 *(.rela.gnu.linkonce.r*)

.rel.data
 *(.rel.data)
 *(.rel.data.*)
 *(.rel.gnu.linkonce.d*)

.rela.data
 *(.rela.data)
 *(.rela.data.*)
 *(.rela.gnu.linkonce.d*)

.rel.ctors
 *(.rel.ctors)

.rela.ctors
 *(.rela.ctors)

.rel.dtors
 *(.rel.dtors)

.rela.dtors
 *(.rela.dtors)

.rel.got
 *(.rel.got)

.rela.got
 *(.rela.got)

.rel.bss
 *(.rel.bss)

.rela.bss
 *(.rela.bss)

.rel.plt
 *(.rel.plt)

.rela.plt
 *(.rela.plt)

.text           0x00000000    0x3bffa
 *(.vectors)
 .vectors       0x00000000       0xe4 C:/Program Files (x86)/Atmel/Studio/7.0/Packs/atmel/ATmega_DFP/1.1.130/gcc/dev/atmega2560/avr6/crtatmega2560.o
                0x00000000                __vector_default
                0x00000000                __vectors
 *(.vectors)
 *(.progmem.gcc*)
 .progmem.gcc_sw_table._Z13get_tone_namei
                0x000000e4       0x18 global_methods.o
 .progmem.gcc_sw_table._Z13get_stop_nameh
                0x000000fc       0xa8 global_methods.o
 .progmem.gcc_sw_table._Z15drawRGBselectorP8MenuItemh
                0x000001a4       0x10 menu_mgr.o
 .progmem.gcc_sw_table._Z23drawSlider_double_labelP8MenuItemih
                0x000001b4       0x10 menu_mgr.o
 .progmem.gcc_sw_table._Z22draw_mem_bank_selectorP8MenuItemh
                0x000001c4       0x18 menu_mgr.o
 .progmem.gcc_sw_table._Z18draw_hist_selectorP8MenuItemh
                0x000001dc       0x2e menu_mgr.o
 .progmem.gcc_sw_table._Z13drawLabelInfoP8MenuItemih
                0x0000020a       0x18 menu_mgr.o
 .progmem.gcc_sw_table._ZN8menu_mgr12check_reverbE6Stringh
                0x00000222       0x84 menu_mgr.o
 .progmem.gcc_sw_table._Z14call_item_modeP8MenuItemh
                0x000002a6       0x50 menu_mgr.o
 .progmem.gcc_sw_table._Z21on_item_draw_disabledP8MenuItem
                0x000002f6       0x50 menu_mgr.o
 .progmem.gcc_sw_table._Z13on_item_clearP8MenuItem
                0x00000346       0x50 menu_mgr.o
 .progmem.gcc_sw_table._Z20on_item_draw_enabledP8MenuItem
                0x00000396       0x50 menu_mgr.o
 .progmem.gcc_sw_table._Z14on_item_selectP8MenuItemh
                0x000003e6       0x50 menu_mgr.o
 .progmem.gcc_sw_table._ZN8MIDI_mgr13equalizer_setEii
                0x00000436       0x60 MIDI_mgr.o
 .progmem.gcc_sw_table._ZN8MIDI_mgr19equalizer_set_pedalEii
                0x00000496       0x16 MIDI_mgr.o
 .progmem.gcc_sw_table._ZN6SD_mgr25recording_add_stop_changeEP4Stopb
                0x000004ac       0x1c SD_mgr.o
 .progmem.gcc_sw_table._Z10on_stop_ONP4Stop
                0x000004c8       0x80 Zecer_stop_mgr.o
 .progmem.gcc_sw_table._Z14on_foot_pistonP8Button_z
                0x00000548       0x1c Zecer_stop_mgr.o
 .progmem.gcc_sw_table._Z14on_buttn_EVENTP8Button_zb
                0x00000564       0x1a Zecer_stop_mgr.o
 .progmem.gcc_sw_table.attachInterrupt
                0x0000057e        0xe C:\Users\Greg\DOCUME~1\ATMELS~2\ACCENT~1.1\ACCENT~1.1\ARDUIN~1\Debug\libArduinoCore.a(WInterrupts.o)
 .progmem.gcc_sw_table.turnOffPWM
                0x0000058c       0x24 C:\Users\Greg\DOCUME~1\ATMELS~2\ACCENT~1.1\ACCENT~1.1\ARDUIN~1\Debug\libArduinoCore.a(wiring_digital.o)
 .progmem.gcc_sw_table._ZN4UTFT5setXYEjjjj
                0x000005b0       0x40 C:\Users\Greg\DOCUME~1\ATMELS~2\ACCENT~1.1\ACCENT~1.1\ARDUIN~1\Debug\libArduinoCore.a(UTFT.o)
 .progmem.gcc_sw_table._ZN4UTFT7InitLCDEh
                0x000005f0       0x40 C:\Users\Greg\DOCUME~1\ATMELS~2\ACCENT~1.1\ACCENT~1.1\ARDUIN~1\Debug\libArduinoCore.a(UTFT.o)
 .progmem.gcc_fplib
                0x00000630       0x1e c:/program files (x86)/atmel/studio/7.0/toolchain/avr8/avr8-gnu-toolchain/bin/../lib/gcc/avr/5.4.0/../../../../avr/lib/avr6\libm.a(fp_sinus.o)
                0x0000064e                . = ALIGN (0x2)
                0x0000064e                __trampolines_start = .
 *(.trampolines)
 .trampolines   0x0000064e      0x2e8 linker stubs
 *(.trampolines*)
                0x00000936                __trampolines_end = .
 *libprintf_flt.a:*(.progmem.data)
 *libc.a:*(.progmem.data)
 .progmem.data  0x00000936       0xfa c:/program files (x86)/atmel/studio/7.0/toolchain/avr8/avr8-gnu-toolchain/bin/../lib/gcc/avr/5.4.0/../../../../avr/lib/avr6\libc.a(ftoa_engine.o)
 *(.progmem*)
 .progmem.data.Retro8x16
                0x00000a30      0x5f4 arial_bold.o
                0x00000a30                Retro8x16
 .progmem.data.arial_normal
                0x00001024      0xbe4 arial_normal.o
                0x00001024                arial_normal
 .progmem.data._ZZN8Button_z8read_memEPhE3__c
                0x00001c08       0x12 Button_Z.o
 .progmem.data._ZZN8Button_z9write_memEPhE3__c
                0x00001c1a       0x13 Button_Z.o
 .progmem.data._ZZN8Button_z6selectEbE3__c_0
                0x00001c2d        0x5 Button_Z.o
 .progmem.data._ZZN8Button_z6selectEbE3__c
                0x00001c32        0xa Button_Z.o
 .progmem.data._ZL11buttns_info
                0x00001c3c      0x420 Button_Z.o
 .progmem.data._ZZN10MenuSystem6selectEbE3__c
                0x0000205c        0xd custom_menu.o
 .progmem.data._ZZN8MenuItem22refreshValueFromEEPROMEvE3__c
                0x00002069       0x11 custom_menu.o
 .progmem.data._ZZ11return_nameiE3__c_112
                0x0000207a        0x6 custom_menu.o
 .progmem.data._ZZ11return_nameiE3__c_111
                0x00002080        0xc custom_menu.o
 .progmem.data._ZZ11return_nameiE3__c_110
                0x0000208c        0x8 custom_menu.o
 .progmem.data._ZZ11return_nameiE3__c_109
                0x00002094        0xd custom_menu.o
 .progmem.data._ZZ11return_nameiE3__c_108
                0x000020a1       0x12 custom_menu.o
 .progmem.data._ZZ11return_nameiE3__c_107
                0x000020b3       0x10 custom_menu.o
 .progmem.data._ZZ11return_nameiE3__c_106
                0x000020c3        0x5 custom_menu.o
 .progmem.data._ZZ11return_nameiE3__c_105
                0x000020c8        0x9 custom_menu.o
 .progmem.data._ZZ11return_nameiE3__c_104
                0x000020d1        0xa custom_menu.o
 .progmem.data._ZZ11return_nameiE3__c_103
                0x000020db        0x9 custom_menu.o
 .progmem.data._ZZ11return_nameiE3__c_102
                0x000020e4        0xa custom_menu.o
 .progmem.data._ZZ11return_nameiE3__c_101
                0x000020ee       0x12 custom_menu.o
 .progmem.data._ZZ11return_nameiE3__c_100
                0x00002100        0x8 custom_menu.o
 .progmem.data._ZZ11return_nameiE3__c_99
                0x00002108        0x5 custom_menu.o
 .progmem.data._ZZ11return_nameiE3__c_98
                0x0000210d       0x10 custom_menu.o
 .progmem.data._ZZ11return_nameiE3__c_97
                0x0000211d        0xe custom_menu.o
 .progmem.data._ZZ11return_nameiE3__c_96
                0x0000212b        0x5 custom_menu.o
 .progmem.data._ZZ11return_nameiE3__c_95
                0x00002130        0x7 custom_menu.o
 .progmem.data._ZZ11return_nameiE3__c_94
                0x00002137        0x9 custom_menu.o
 .progmem.data._ZZ11return_nameiE3__c_93
                0x00002140        0xb custom_menu.o
 .progmem.data._ZZ11return_nameiE3__c_92
                0x0000214b        0xa custom_menu.o
 .progmem.data._ZZ11return_nameiE3__c_91
                0x00002155        0xa custom_menu.o
 .progmem.data._ZZ11return_nameiE3__c_90
                0x0000215f        0xa custom_menu.o
 .progmem.data._ZZ11return_nameiE3__c_89
                0x00002169        0x7 custom_menu.o
 .progmem.data._ZZ11return_nameiE3__c_88
                0x00002170        0x8 custom_menu.o
 .progmem.data._ZZ11return_nameiE3__c_87
                0x00002178        0x7 custom_menu.o
 .progmem.data._ZZ11return_nameiE3__c_86
                0x0000217f        0xa custom_menu.o
 .progmem.data._ZZ11return_nameiE3__c_85
                0x00002189        0x9 custom_menu.o
 .progmem.data._ZZ11return_nameiE3__c_84
                0x00002192        0xa custom_menu.o
 .progmem.data._ZZ11return_nameiE3__c_83
                0x0000219c        0x7 custom_menu.o
 .progmem.data._ZZ11return_nameiE3__c_82
                0x000021a3        0xa custom_menu.o
 .progmem.data._ZZ11return_nameiE3__c_81
                0x000021ad        0xa custom_menu.o
 .progmem.data._ZZ11return_nameiE3__c_80
                0x000021b7        0xa custom_menu.o
 .progmem.data._ZZ11return_nameiE3__c_79
                0x000021c1        0xf custom_menu.o
 .progmem.data._ZZ11return_nameiE3__c_78
                0x000021d0        0xf custom_menu.o
 .progmem.data._ZZ11return_nameiE3__c_77
                0x000021df       0x10 custom_menu.o
 .progmem.data._ZZ11return_nameiE3__c_76
                0x000021ef        0xf custom_menu.o
 .progmem.data._ZZ11return_nameiE3__c_75
                0x000021fe        0xd custom_menu.o
 .progmem.data._ZZ11return_nameiE3__c_74
                0x0000220b        0x5 custom_menu.o
 .progmem.data._ZZ11return_nameiE3__c_73
                0x00002210        0x6 custom_menu.o
 .progmem.data._ZZ11return_nameiE3__c_72
                0x00002216        0x4 custom_menu.o
 .progmem.data._ZZ11return_nameiE3__c_71
                0x0000221a       0x13 custom_menu.o
 .progmem.data._ZZ11return_nameiE3__c_70
                0x0000222d       0x12 custom_menu.o
 .progmem.data._ZZ11return_nameiE3__c_69
                0x0000223f       0x11 custom_menu.o
 .progmem.data._ZZ11return_nameiE3__c_68
                0x00002250        0xd custom_menu.o
 .progmem.data._ZZ11return_nameiE3__c_67
                0x0000225d        0x6 custom_menu.o
 .progmem.data._ZZ11return_nameiE3__c_66
                0x00002263        0x6 custom_menu.o
 .progmem.data._ZZ11return_nameiE3__c_65
                0x00002269        0xd custom_menu.o
 .progmem.data._ZZ11return_nameiE3__c_64
                0x00002276        0xe custom_menu.o
 .progmem.data._ZZ11return_nameiE3__c_63
                0x00002284       0x10 custom_menu.o
 .progmem.data._ZZ11return_nameiE3__c_62
                0x00002294       0x10 custom_menu.o
 .progmem.data._ZZ11return_nameiE3__c_61
                0x000022a4        0xc custom_menu.o
 .progmem.data._ZZ11return_nameiE3__c_60
                0x000022b0       0x18 custom_menu.o
 .progmem.data._ZZ11return_nameiE3__c_59
                0x000022c8        0xa custom_menu.o
 .progmem.data._ZZ11return_nameiE3__c_58
                0x000022d2        0xa custom_menu.o
 .progmem.data._ZZ11return_nameiE3__c_57
                0x000022dc        0x9 custom_menu.o
 .progmem.data._ZZ11return_nameiE3__c_56
                0x000022e5        0x9 custom_menu.o
 .progmem.data._ZZ11return_nameiE3__c_55
                0x000022ee        0x6 custom_menu.o
 .progmem.data._ZZ11return_nameiE3__c_54
                0x000022f4        0x4 custom_menu.o
 .progmem.data._ZZ11return_nameiE3__c_53
                0x000022f8       0x12 custom_menu.o
 .progmem.data._ZZ11return_nameiE3__c_52
                0x0000230a        0x2 custom_menu.o
 .progmem.data._ZZ11return_nameiE3__c_51
                0x0000230c        0x5 custom_menu.o
 .progmem.data._ZZ11return_nameiE3__c_50
                0x00002311        0x2 custom_menu.o
 .progmem.data._ZZ11return_nameiE3__c_49
                0x00002313        0x6 custom_menu.o
 .progmem.data._ZZ11return_nameiE3__c_48
                0x00002319        0x3 custom_menu.o
 .progmem.data._ZZ11return_nameiE3__c_47
                0x0000231c        0x2 custom_menu.o
 .progmem.data._ZZ11return_nameiE3__c_46
                0x0000231e        0x6 custom_menu.o
 .progmem.data._ZZ11return_nameiE3__c_45
                0x00002324        0x2 custom_menu.o
 .progmem.data._ZZ11return_nameiE3__c_44
                0x00002326        0x2 custom_menu.o
 .progmem.data._ZZ11return_nameiE3__c_43
                0x00002328        0x4 custom_menu.o
 .progmem.data._ZZ11return_nameiE3__c_42
                0x0000232c        0x6 custom_menu.o
 .progmem.data._ZZ11return_nameiE3__c_41
                0x00002332        0x5 custom_menu.o
 .progmem.data._ZZ11return_nameiE3__c_40
                0x00002337        0x9 custom_menu.o
 .progmem.data._ZZ11return_nameiE3__c_39
                0x00002340        0xd custom_menu.o
 .progmem.data._ZZ11return_nameiE3__c_38
                0x0000234d        0x9 custom_menu.o
 .progmem.data._ZZ11return_nameiE3__c_37
                0x00002356        0xc custom_menu.o
 .progmem.data._ZZ11return_nameiE3__c_36
                0x00002362        0x8 custom_menu.o
 .progmem.data._ZZ11return_nameiE3__c_35
                0x0000236a        0x5 custom_menu.o
 .progmem.data._ZZ11return_nameiE3__c_34
                0x0000236f        0x6 custom_menu.o
 .progmem.data._ZZ11return_nameiE3__c_33
                0x00002375        0x9 custom_menu.o
 .progmem.data._ZZ11return_nameiE3__c_32
                0x0000237e        0xd custom_menu.o
 .progmem.data._ZZ11return_nameiE3__c_31
                0x0000238b        0x9 custom_menu.o
 .progmem.data._ZZ11return_nameiE3__c_30
                0x00002394        0xc custom_menu.o
 .progmem.data._ZZ11return_nameiE3__c_29
                0x000023a0        0x8 custom_menu.o
 .progmem.data._ZZ11return_nameiE3__c_28
                0x000023a8        0x5 custom_menu.o
 .progmem.data._ZZ11return_nameiE3__c_27
                0x000023ad        0x6 custom_menu.o
 .progmem.data._ZZ11return_nameiE3__c_26
                0x000023b3        0xa custom_menu.o
 .progmem.data._ZZ11return_nameiE3__c_25
                0x000023bd        0x9 custom_menu.o
 .progmem.data._ZZ11return_nameiE3__c_24
                0x000023c6       0x1a custom_menu.o
 .progmem.data._ZZ11return_nameiE3__c_23
                0x000023e0        0xa custom_menu.o
 .progmem.data._ZZ11return_nameiE3__c_22
                0x000023ea        0xb custom_menu.o
 .progmem.data._ZZ11return_nameiE3__c_21
                0x000023f5        0x9 custom_menu.o
 .progmem.data._ZZ11return_nameiE3__c_20
                0x000023fe        0xa custom_menu.o
 .progmem.data._ZZ11return_nameiE3__c_19
                0x00002408        0xa custom_menu.o
 .progmem.data._ZZ11return_nameiE3__c_18
                0x00002412        0x8 custom_menu.o
 .progmem.data._ZZ11return_nameiE3__c_17
                0x0000241a        0x7 custom_menu.o
 .progmem.data._ZZ11return_nameiE3__c_16
                0x00002421        0x7 custom_menu.o
 .progmem.data._ZZ11return_nameiE3__c_15
                0x00002428        0xa custom_menu.o
 .progmem.data._ZZ11return_nameiE3__c_14
                0x00002432        0x7 custom_menu.o
 .progmem.data._ZZ11return_nameiE3__c_13
                0x00002439        0x7 custom_menu.o
 .progmem.data._ZZ11return_nameiE3__c_12
                0x00002440        0x8 custom_menu.o
 .progmem.data._ZZ11return_nameiE3__c_11
                0x00002448        0x5 custom_menu.o
 .progmem.data._ZZ11return_nameiE3__c_10
                0x0000244d        0x4 custom_menu.o
 .progmem.data._ZZ11return_nameiE3__c_9
                0x00002451        0x3 custom_menu.o
 .progmem.data._ZZ11return_nameiE3__c_8
                0x00002454        0x3 custom_menu.o
 .progmem.data._ZZ11return_nameiE3__c_7
                0x00002457        0x4 custom_menu.o
 .progmem.data._ZZ11return_nameiE3__c_6
                0x0000245b        0x8 custom_menu.o
 .progmem.data._ZZ11return_nameiE3__c_5
                0x00002463        0x5 custom_menu.o
 .progmem.data._ZZ11return_nameiE3__c_4
                0x00002468        0xb custom_menu.o
 .progmem.data._ZZ11return_nameiE3__c_3
                0x00002473        0xc custom_menu.o
 .progmem.data._ZZ11return_nameiE3__c_2
                0x0000247f        0x7 custom_menu.o
 .progmem.data._ZZ11return_nameiE3__c_1
                0x00002486        0x7 custom_menu.o
 .progmem.data._ZZ11return_nameiE3__c_0
                0x0000248d       0x15 custom_menu.o
 .progmem.data._ZZ11return_nameiE3__c
                0x000024a2        0x5 custom_menu.o
 .progmem.data._ZL14menu_item_info
                0x000024a7      0x673 custom_menu.o
 .progmem.data._ZZ13get_stop_namehE3__c_81
                0x00002b1a        0xc global_methods.o
 .progmem.data._ZZ13get_stop_namehE3__c_80
                0x00002b26        0xd global_methods.o
 .progmem.data._ZZ13get_stop_namehE3__c_79
                0x00002b33       0x13 global_methods.o
 .progmem.data._ZZ13get_stop_namehE3__c_78
                0x00002b46        0x9 global_methods.o
 .progmem.data._ZZ13get_stop_namehE3__c_77
                0x00002b4f        0xa global_methods.o
 .progmem.data._ZZ13get_stop_namehE3__c_76
                0x00002b59        0xe global_methods.o
 .progmem.data._ZZ13get_stop_namehE3__c_75
                0x00002b67        0xe global_methods.o
 .progmem.data._ZZ13get_stop_namehE3__c_74
                0x00002b75        0xe global_methods.o
 .progmem.data._ZZ13get_stop_namehE3__c_73
                0x00002b83        0xa global_methods.o
 .progmem.data._ZZ13get_stop_namehE3__c_72
                0x00002b8d       0x12 global_methods.o
 .progmem.data._ZZ13get_stop_namehE3__c_71
                0x00002b9f       0x15 global_methods.o
 .progmem.data._ZZ13get_stop_namehE3__c_70
                0x00002bb4       0x12 global_methods.o
 .progmem.data._ZZ13get_stop_namehE3__c_69
                0x00002bc6        0xa global_methods.o
 .progmem.data._ZZ13get_stop_namehE3__c_68
                0x00002bd0       0x13 global_methods.o
 .progmem.data._ZZ13get_stop_namehE3__c_67
                0x00002be3       0x11 global_methods.o
 .progmem.data._ZZ13get_stop_namehE3__c_66
                0x00002bf4        0xc global_methods.o
 .progmem.data._ZZ13get_stop_namehE3__c_65
                0x00002c00        0xf global_methods.o
 .progmem.data._ZZ13get_stop_namehE3__c_64
                0x00002c0f        0xf global_methods.o
 .progmem.data._ZZ13get_stop_namehE3__c_63
                0x00002c1e        0xe global_methods.o
 .progmem.data._ZZ13get_stop_namehE3__c_62
                0x00002c2c        0xe global_methods.o
 .progmem.data._ZZ13get_stop_namehE3__c_61
                0x00002c3a        0xc global_methods.o
 .progmem.data._ZZ13get_stop_namehE3__c_60
                0x00002c46       0x12 global_methods.o
 .progmem.data._ZZ13get_stop_namehE3__c_59
                0x00002c58        0xd global_methods.o
 .progmem.data._ZZ13get_stop_namehE3__c_58
                0x00002c65        0xd global_methods.o
 .progmem.data._ZZ13get_stop_namehE3__c_57
                0x00002c72        0xc global_methods.o
 .progmem.data._ZZ13get_stop_namehE3__c_56
                0x00002c7e        0xc global_methods.o
 .progmem.data._ZZ13get_stop_namehE3__c_55
                0x00002c8a        0xd global_methods.o
 .progmem.data._ZZ13get_stop_namehE3__c_54
                0x00002c97        0xb global_methods.o
 .progmem.data._ZZ13get_stop_namehE3__c_53
                0x00002ca2        0xe global_methods.o
 .progmem.data._ZZ13get_stop_namehE3__c_52
                0x00002cb0        0xf global_methods.o
 .progmem.data._ZZ13get_stop_namehE3__c_51
                0x00002cbf        0xd global_methods.o
 .progmem.data._ZZ13get_stop_namehE3__c_50
                0x00002ccc        0xe global_methods.o
 .progmem.data._ZZ13get_stop_namehE3__c_49
                0x00002cda        0xf global_methods.o
 .progmem.data._ZZ13get_stop_namehE3__c_48
                0x00002ce9        0xe global_methods.o
 .progmem.data._ZZ13get_stop_namehE3__c_47
                0x00002cf7       0x10 global_methods.o
 .progmem.data._ZZ13get_stop_namehE3__c_46
                0x00002d07        0xb global_methods.o
 .progmem.data._ZZ13get_stop_namehE3__c_45
                0x00002d12        0xf global_methods.o
 .progmem.data._ZZ13get_stop_namehE3__c_44
                0x00002d21        0xd global_methods.o
 .progmem.data._ZZ13get_stop_namehE3__c_43
                0x00002d2e        0xf global_methods.o
 .progmem.data._ZZ13get_stop_namehE3__c_42
                0x00002d3d       0x10 global_methods.o
 .progmem.data._ZZ13get_stop_namehE3__c_41
                0x00002d4d       0x10 global_methods.o
 .progmem.data._ZZ13get_stop_namehE3__c_40
                0x00002d5d        0xe global_methods.o
 .progmem.data._ZZ13get_stop_namehE3__c_39
                0x00002d6b        0x9 global_methods.o
 .progmem.data._ZZ13get_stop_namehE3__c_38
                0x00002d74        0xf global_methods.o
 .progmem.data._ZZ13get_stop_namehE3__c_37
                0x00002d83        0x5 global_methods.o
 .progmem.data._ZZ13get_stop_namehE3__c_36
                0x00002d88        0x6 global_methods.o
 .progmem.data._ZZ13get_stop_namehE3__c_35
                0x00002d8e        0xa global_methods.o
 .progmem.data._ZZ13get_stop_namehE3__c_34
                0x00002d98        0xa global_methods.o
 .progmem.data._ZZ13get_stop_namehE3__c_33
                0x00002da2        0xa global_methods.o
 .progmem.data._ZZ13get_stop_namehE3__c_32
                0x00002dac        0x6 global_methods.o
 .progmem.data._ZZ13get_stop_namehE3__c_31
                0x00002db2        0xe global_methods.o
 .progmem.data._ZZ13get_stop_namehE3__c_30
                0x00002dc0       0x11 global_methods.o
 .progmem.data._ZZ13get_stop_namehE3__c_29
                0x00002dd1        0xe global_methods.o
 .progmem.data._ZZ13get_stop_namehE3__c_28
                0x00002ddf        0x6 global_methods.o
 .progmem.data._ZZ13get_stop_namehE3__c_27
                0x00002de5        0xf global_methods.o
 .progmem.data._ZZ13get_stop_namehE3__c_26
                0x00002df4        0xd global_methods.o
 .progmem.data._ZZ13get_stop_namehE3__c_25
                0x00002e01        0x8 global_methods.o
 .progmem.data._ZZ13get_stop_namehE3__c_24
                0x00002e09        0xb global_methods.o
 .progmem.data._ZZ13get_stop_namehE3__c_23
                0x00002e14        0xb global_methods.o
 .progmem.data._ZZ13get_stop_namehE3__c_22
                0x00002e1f        0xa global_methods.o
 .progmem.data._ZZ13get_stop_namehE3__c_21
                0x00002e29        0xa global_methods.o
 .progmem.data._ZZ13get_stop_namehE3__c_20
                0x00002e33        0x8 global_methods.o
 .progmem.data._ZZ13get_stop_namehE3__c_19
                0x00002e3b        0xe global_methods.o
 .progmem.data._ZZ13get_stop_namehE3__c_18
                0x00002e49        0x9 global_methods.o
 .progmem.data._ZZ13get_stop_namehE3__c_17
                0x00002e52        0x9 global_methods.o
 .progmem.data._ZZ13get_stop_namehE3__c_16
                0x00002e5b        0x8 global_methods.o
 .progmem.data._ZZ13get_stop_namehE3__c_15
                0x00002e63        0x8 global_methods.o
 .progmem.data._ZZ13get_stop_namehE3__c_14
                0x00002e6b        0x9 global_methods.o
 .progmem.data._ZZ13get_stop_namehE3__c_13
                0x00002e74        0x7 global_methods.o
 .progmem.data._ZZ13get_stop_namehE3__c_12
                0x00002e7b        0xa global_methods.o
 .progmem.data._ZZ13get_stop_namehE3__c_11
                0x00002e85        0xb global_methods.o
 .progmem.data._ZZ13get_stop_namehE3__c_10
                0x00002e90        0x9 global_methods.o
 .progmem.data._ZZ13get_stop_namehE3__c_9
                0x00002e99        0xa global_methods.o
 .progmem.data._ZZ13get_stop_namehE3__c_8
                0x00002ea3        0xb global_methods.o
 .progmem.data._ZZ13get_stop_namehE3__c_7
                0x00002eae        0xa global_methods.o
 .progmem.data._ZZ13get_stop_namehE3__c_6
                0x00002eb8        0xc global_methods.o
 .progmem.data._ZZ13get_stop_namehE3__c_5
                0x00002ec4        0x7 global_methods.o
 .progmem.data._ZZ13get_stop_namehE3__c_4
                0x00002ecb        0xb global_methods.o
 .progmem.data._ZZ13get_stop_namehE3__c_3
                0x00002ed6        0x9 global_methods.o
 .progmem.data._ZZ13get_stop_namehE3__c_2
                0x00002edf        0xb global_methods.o
 .progmem.data._ZZ13get_stop_namehE3__c_1
                0x00002eea        0xc global_methods.o
 .progmem.data._ZZ13get_stop_namehE3__c_0
                0x00002ef6        0xc global_methods.o
 .progmem.data._ZZ13get_stop_namehE3__c
                0x00002f02        0xa global_methods.o
 .progmem.data._ZZ13get_tone_nameiE3__c_15
                0x00002f0c        0x3 global_methods.o
 .progmem.data._ZZ13get_tone_nameiE3__c_14
                0x00002f0f        0x2 global_methods.o
 .progmem.data._ZZ13get_tone_nameiE3__c_13
                0x00002f11        0x6 global_methods.o
 .progmem.data._ZZ13get_tone_nameiE3__c_12
                0x00002f17        0x2 global_methods.o
 .progmem.data._ZZ13get_tone_nameiE3__c_11
                0x00002f19        0x2 global_methods.o
 .progmem.data._ZZ13get_tone_nameiE3__c_10
                0x00002f1b        0x3 global_methods.o
 .progmem.data._ZZ13get_tone_nameiE3__c_9
                0x00002f1e        0x2 global_methods.o
 .progmem.data._ZZ13get_tone_nameiE3__c_8
                0x00002f20        0x3 global_methods.o
 .progmem.data._ZZ13get_tone_nameiE3__c_7
                0x00002f23        0x2 global_methods.o
 .progmem.data._ZZ13get_tone_nameiE3__c_6
                0x00002f25        0x3 global_methods.o
 .progmem.data._ZZ13get_tone_nameiE3__c_5
                0x00002f28        0x2 global_methods.o
 .progmem.data._ZZ13get_tone_nameiE3__c_4
                0x00002f2a        0x2 global_methods.o
 .progmem.data._ZZ13get_tone_nameiE3__c_3
                0x00002f2c        0x3 global_methods.o
 .progmem.data._ZZ13get_tone_nameiE3__c_2
                0x00002f2f        0x2 global_methods.o
 .progmem.data._ZZ13get_tone_nameiE3__c_1
                0x00002f31        0x3 global_methods.o
 .progmem.data._ZZ13get_tone_nameiE3__c_0
                0x00002f34        0x2 global_methods.o
 .progmem.data._ZZ13get_tone_nameiE3__c
                0x00002f36        0x5 global_methods.o
 .progmem.data._ZZ18calculate_free_RAMiE3__c_0
                0x00002f3b        0x6 global_methods.o
 .progmem.data._ZZ18calculate_free_RAMiE3__c
                0x00002f41       0x15 global_methods.o
 .progmem.data._ZL7map_key
                0x00002f56       0x40 global_methods.o
 .progmem.data._ZL12map_tabela_Z
                0x00002f96       0x80 global_methods.o
 .progmem.data._ZL14calc_bit_array
                0x00003016       0xc8 global_methods.o
 .progmem.data._ZZN8menu_mgr12display_menuEvE3__c_1
                0x000030de        0xe menu_mgr.o
 .progmem.data._ZZN8menu_mgr12display_menuEvE3__c_0
                0x000030ec        0xe menu_mgr.o
 .progmem.data._ZZN8menu_mgr12display_menuEvE3__c
                0x000030fa        0xb menu_mgr.o
 .progmem.data._ZZ16on_menu_selectedP4MenuhE3__c
                0x00003105        0xf menu_mgr.o
 .progmem.data._ZZ9draw_textii6StringS_hhE3__c_3
                0x00003114       0x13 menu_mgr.o
 .progmem.data._ZZ9draw_textii6StringS_hhE3__c_2
                0x00003127       0x10 menu_mgr.o
 .progmem.data._ZZ9draw_textii6StringS_hhE3__c_1
                0x00003137       0x15 menu_mgr.o
 .progmem.data._ZZ9draw_textii6StringS_hhE3__c_0
                0x0000314c        0xe menu_mgr.o
 .progmem.data._ZZ9draw_textii6StringS_hhE3__c
                0x0000315a        0xf menu_mgr.o
 .progmem.data._ZZ24draw_LOAD_BUTTN_selectorP8MenuItemhE3__c_17
                0x00003169        0xf menu_mgr.o
 .progmem.data._ZZ24draw_LOAD_BUTTN_selectorP8MenuItemhE3__c_16
                0x00003178        0xc menu_mgr.o
 .progmem.data._ZZ24draw_LOAD_BUTTN_selectorP8MenuItemhE3__c_15
                0x00003184        0x8 menu_mgr.o
 .progmem.data._ZZ24draw_LOAD_BUTTN_selectorP8MenuItemhE3__c_14
                0x0000318c        0x7 menu_mgr.o
 .progmem.data._ZZ24draw_LOAD_BUTTN_selectorP8MenuItemhE3__c_13
                0x00003193        0xc menu_mgr.o
 .progmem.data._ZZ24draw_LOAD_BUTTN_selectorP8MenuItemhE3__c_12
                0x0000319f       0x11 menu_mgr.o
 .progmem.data._ZZ24draw_LOAD_BUTTN_selectorP8MenuItemhE3__c_11
                0x000031b0        0xb menu_mgr.o
 .progmem.data._ZZ24draw_LOAD_BUTTN_selectorP8MenuItemhE3__c_10
                0x000031bb        0xf menu_mgr.o
 .progmem.data._ZZ24draw_LOAD_BUTTN_selectorP8MenuItemhE3__c_9
                0x000031ca        0x9 menu_mgr.o
 .progmem.data._ZZ24draw_LOAD_BUTTN_selectorP8MenuItemhE3__c_8
                0x000031d3        0x7 menu_mgr.o
 .progmem.data._ZZ24draw_LOAD_BUTTN_selectorP8MenuItemhE3__c_7
                0x000031da        0x2 menu_mgr.o
 .progmem.data._ZZ24draw_LOAD_BUTTN_selectorP8MenuItemhE3__c_6
                0x000031dc        0x5 menu_mgr.o
 .progmem.data._ZZ24draw_LOAD_BUTTN_selectorP8MenuItemhE3__c_5
                0x000031e1       0x12 menu_mgr.o
 .progmem.data._ZZ24draw_LOAD_BUTTN_selectorP8MenuItemhE3__c_4
                0x000031f3        0xe menu_mgr.o
 .progmem.data._ZZ24draw_LOAD_BUTTN_selectorP8MenuItemhE3__c_3
                0x00003201       0x12 menu_mgr.o
 .progmem.data._ZZ24draw_LOAD_BUTTN_selectorP8MenuItemhE3__c_2
                0x00003213        0xd menu_mgr.o
 .progmem.data._ZZ24draw_LOAD_BUTTN_selectorP8MenuItemhE3__c_1
                0x00003220        0x5 menu_mgr.o
 .progmem.data._ZZ24draw_LOAD_BUTTN_selectorP8MenuItemhE3__c_0
                0x00003225        0x5 menu_mgr.o
 .progmem.data._ZZ24draw_LOAD_BUTTN_selectorP8MenuItemhE3__c
                0x0000322a        0x7 menu_mgr.o
 .progmem.data._ZZ24draw_SAVE_BUTTN_selectorP8MenuItemhE3__c_11
                0x00003231       0x11 menu_mgr.o
 .progmem.data._ZZ24draw_SAVE_BUTTN_selectorP8MenuItemhE3__c_10
                0x00003242        0xb menu_mgr.o
 .progmem.data._ZZ24draw_SAVE_BUTTN_selectorP8MenuItemhE3__c_9
                0x0000324d       0x11 menu_mgr.o
 .progmem.data._ZZ24draw_SAVE_BUTTN_selectorP8MenuItemhE3__c_8
                0x0000325e        0x9 menu_mgr.o
 .progmem.data._ZZ24draw_SAVE_BUTTN_selectorP8MenuItemhE3__c_7
                0x00003267        0x6 menu_mgr.o
 .progmem.data._ZZ24draw_SAVE_BUTTN_selectorP8MenuItemhE3__c_6
                0x0000326d        0x2 menu_mgr.o
 .progmem.data._ZZ24draw_SAVE_BUTTN_selectorP8MenuItemhE3__c_5
                0x0000326f        0x5 menu_mgr.o
 .progmem.data._ZZ24draw_SAVE_BUTTN_selectorP8MenuItemhE3__c_4
                0x00003274       0x10 menu_mgr.o
 .progmem.data._ZZ24draw_SAVE_BUTTN_selectorP8MenuItemhE3__c_3
                0x00003284        0xe menu_mgr.o
 .progmem.data._ZZ24draw_SAVE_BUTTN_selectorP8MenuItemhE3__c_2
                0x00003292       0x10 menu_mgr.o
 .progmem.data._ZZ24draw_SAVE_BUTTN_selectorP8MenuItemhE3__c_1
                0x000032a2        0xd menu_mgr.o
 .progmem.data._ZZ24draw_SAVE_BUTTN_selectorP8MenuItemhE3__c_0
                0x000032af        0x5 menu_mgr.o
 .progmem.data._ZZ24draw_SAVE_BUTTN_selectorP8MenuItemhE3__c
                0x000032b4        0x7 menu_mgr.o
 .progmem.data._ZZ27draw_FILE_INTERNAL_selectorP8MenuItemhE3__c_3
                0x000032bb       0x10 menu_mgr.o
 .progmem.data._ZZ27draw_FILE_INTERNAL_selectorP8MenuItemhE3__c_2
                0x000032cb        0x9 menu_mgr.o
 .progmem.data._ZZ27draw_FILE_INTERNAL_selectorP8MenuItemhE3__c_1
                0x000032d4        0xb menu_mgr.o
 .progmem.data._ZZ27draw_FILE_INTERNAL_selectorP8MenuItemhE3__c_0
                0x000032df        0xe menu_mgr.o
 .progmem.data._ZZ27draw_FILE_INTERNAL_selectorP8MenuItemhE3__c
                0x000032ed        0x8 menu_mgr.o
 .progmem.data._ZZ21draw_FILE_SD_selectorP8MenuItemhE3__c_9
                0x000032f5        0xb menu_mgr.o
 .progmem.data._ZZ21draw_FILE_SD_selectorP8MenuItemhE3__c_8
                0x00003300        0xb menu_mgr.o
 .progmem.data._ZZ21draw_FILE_SD_selectorP8MenuItemhE3__c_7
                0x0000330b        0xd menu_mgr.o
 .progmem.data._ZZ21draw_FILE_SD_selectorP8MenuItemhE3__c_6
                0x00003318        0x3 menu_mgr.o
 .progmem.data._ZZ21draw_FILE_SD_selectorP8MenuItemhE3__c_5
                0x0000331b        0x3 menu_mgr.o
 .progmem.data._ZZ21draw_FILE_SD_selectorP8MenuItemhE3__c_4
                0x0000331e        0x9 menu_mgr.o
 .progmem.data._ZZ21draw_FILE_SD_selectorP8MenuItemhE3__c_3
                0x00003327        0xb menu_mgr.o
 .progmem.data._ZZ21draw_FILE_SD_selectorP8MenuItemhE3__c_2
                0x00003332        0xb menu_mgr.o
 .progmem.data._ZZ21draw_FILE_SD_selectorP8MenuItemhE3__c_1
                0x0000333d        0xb menu_mgr.o
 .progmem.data._ZZ21draw_FILE_SD_selectorP8MenuItemhE3__c_0
                0x00003348        0xe menu_mgr.o
 .progmem.data._ZZ21draw_FILE_SD_selectorP8MenuItemhE3__c
                0x00003356        0x8 menu_mgr.o
 .progmem.data._ZZ18draw_hist_selectorP8MenuItemhE3__c
                0x0000335e        0xd menu_mgr.o
 .progmem.data._ZZ22draw_mem_bank_selectorP8MenuItemhE3__c
                0x0000336b        0x9 menu_mgr.o
 .progmem.data._ZZ19draw_style_selectorP8MenuItemhE3__c_5
                0x00003374        0x4 menu_mgr.o
 .progmem.data._ZZ19draw_style_selectorP8MenuItemhE3__c_4
                0x00003378        0x7 menu_mgr.o
 .progmem.data._ZZ19draw_style_selectorP8MenuItemhE3__c_3
                0x0000337f        0x7 menu_mgr.o
 .progmem.data._ZZ19draw_style_selectorP8MenuItemhE3__c_2
                0x00003386        0x6 menu_mgr.o
 .progmem.data._ZZ19draw_style_selectorP8MenuItemhE3__c_1
                0x0000338c        0x9 menu_mgr.o
 .progmem.data._ZZ19draw_style_selectorP8MenuItemhE3__c_0
                0x00003395        0xe menu_mgr.o
 .progmem.data._ZZ19draw_style_selectorP8MenuItemhE3__c
                0x000033a3        0x9 menu_mgr.o
 .progmem.data._ZZ19draw_theme_selectorP8MenuItemhE3__c_6
                0x000033ac       0x13 menu_mgr.o
 .progmem.data._ZZ19draw_theme_selectorP8MenuItemhE3__c_5
                0x000033bf        0x7 menu_mgr.o
 .progmem.data._ZZ19draw_theme_selectorP8MenuItemhE3__c_4
                0x000033c6        0x7 menu_mgr.o
 .progmem.data._ZZ19draw_theme_selectorP8MenuItemhE3__c_3
                0x000033cd        0x6 menu_mgr.o
 .progmem.data._ZZ19draw_theme_selectorP8MenuItemhE3__c_2
                0x000033d3        0x9 menu_mgr.o
 .progmem.data._ZZ19draw_theme_selectorP8MenuItemhE3__c_1
                0x000033dc        0xc menu_mgr.o
 .progmem.data._ZZ19draw_theme_selectorP8MenuItemhE3__c_0
                0x000033e8        0x9 menu_mgr.o
 .progmem.data._ZZ19draw_theme_selectorP8MenuItemhE3__c
                0x000033f1        0x8 menu_mgr.o
 .progmem.data._ZZ27draw_main_screen_backgroundP8MenuItemhE3__c_1
                0x000033f9       0x10 menu_mgr.o
 .progmem.data._ZZ27draw_main_screen_backgroundP8MenuItemhE3__c_0
                0x00003409        0xb menu_mgr.o
 .progmem.data._ZZ27draw_main_screen_backgroundP8MenuItemhE3__c
                0x00003414        0x8 menu_mgr.o
 .progmem.data._ZZ22draw_REC_FILE_selectorP8MenuItemhE3__c_5
                0x0000341c        0xf menu_mgr.o
 .progmem.data._ZZ22draw_REC_FILE_selectorP8MenuItemhE3__c_4
                0x0000342b        0xf menu_mgr.o
 .progmem.data._ZZ22draw_REC_FILE_selectorP8MenuItemhE3__c_3
                0x0000343a        0xa menu_mgr.o
 .progmem.data._ZZ22draw_REC_FILE_selectorP8MenuItemhE3__c_2
                0x00003444        0xb menu_mgr.o
 .progmem.data._ZZ22draw_REC_FILE_selectorP8MenuItemhE3__c_1
                0x0000344f        0x3 menu_mgr.o
 .progmem.data._ZZ22draw_REC_FILE_selectorP8MenuItemhE3__c_0
                0x00003452        0x3 menu_mgr.o
 .progmem.data._ZZ22draw_REC_FILE_selectorP8MenuItemhE3__c
                0x00003455        0xe menu_mgr.o
 .progmem.data._ZZ23draw_PLAY_FILE_selectorP8MenuItemhE3__c_6
                0x00003463        0xb menu_mgr.o
 .progmem.data._ZZ23draw_PLAY_FILE_selectorP8MenuItemhE3__c_5
                0x0000346e        0x8 menu_mgr.o
 .progmem.data._ZZ23draw_PLAY_FILE_selectorP8MenuItemhE3__c_4
                0x00003476        0xb menu_mgr.o
 .progmem.data._ZZ23draw_PLAY_FILE_selectorP8MenuItemhE3__c_3
                0x00003481        0x3 menu_mgr.o
 .progmem.data._ZZ23draw_PLAY_FILE_selectorP8MenuItemhE3__c_2
                0x00003484        0x3 menu_mgr.o
 .progmem.data._ZZ23draw_PLAY_FILE_selectorP8MenuItemhE3__c_1
                0x00003487        0x9 menu_mgr.o
 .progmem.data._ZZ23draw_PLAY_FILE_selectorP8MenuItemhE3__c_0
                0x00003490        0xe menu_mgr.o
 .progmem.data._ZZ23draw_PLAY_FILE_selectorP8MenuItemhE3__c
                0x0000349e        0x5 menu_mgr.o
 .progmem.data._ZZ17draw_RECORD_buttnP8MenuItemhE3__c_17
                0x000034a3       0x22 menu_mgr.o
 .progmem.data._ZZ17draw_RECORD_buttnP8MenuItemhE3__c_16
                0x000034c5       0x1a menu_mgr.o
 .progmem.data._ZZ17draw_RECORD_buttnP8MenuItemhE3__c_15
                0x000034df       0x13 menu_mgr.o
 .progmem.data._ZZ17draw_RECORD_buttnP8MenuItemhE3__c_14
                0x000034f2       0x12 menu_mgr.o
 .progmem.data._ZZ17draw_RECORD_buttnP8MenuItemhE3__c_13
                0x00003504       0x12 menu_mgr.o
 .progmem.data._ZZ17draw_RECORD_buttnP8MenuItemhE3__c_12
                0x00003516       0x12 menu_mgr.o
 .progmem.data._ZZ17draw_RECORD_buttnP8MenuItemhE3__c_11
                0x00003528        0x1 menu_mgr.o
 .progmem.data._ZZ17draw_RECORD_buttnP8MenuItemhE3__c_10
                0x00003529       0x15 menu_mgr.o
 .progmem.data._ZZ17draw_RECORD_buttnP8MenuItemhE3__c_9
                0x0000353e       0x12 menu_mgr.o
 .progmem.data._ZZ17draw_RECORD_buttnP8MenuItemhE3__c_8
                0x00003550        0x1 menu_mgr.o
 .progmem.data._ZZ17draw_RECORD_buttnP8MenuItemhE3__c_7
                0x00003551       0x22 menu_mgr.o
 .progmem.data._ZZ17draw_RECORD_buttnP8MenuItemhE3__c_6
                0x00003573        0xf menu_mgr.o
 .progmem.data._ZZ17draw_RECORD_buttnP8MenuItemhE3__c_5
                0x00003582        0x1 menu_mgr.o
 .progmem.data._ZZ17draw_RECORD_buttnP8MenuItemhE3__c_4
                0x00003583       0x1f menu_mgr.o
 .progmem.data._ZZ17draw_RECORD_buttnP8MenuItemhE3__c_3
                0x000035a2       0x13 menu_mgr.o
 .progmem.data._ZZ17draw_RECORD_buttnP8MenuItemhE3__c_2
                0x000035b5       0x18 menu_mgr.o
 .progmem.data._ZZ17draw_RECORD_buttnP8MenuItemhE3__c_1
                0x000035cd       0x21 menu_mgr.o
 .progmem.data._ZZ17draw_RECORD_buttnP8MenuItemhE3__c_0
                0x000035ee       0x12 menu_mgr.o
 .progmem.data._ZZ17draw_RECORD_buttnP8MenuItemhE3__c
                0x00003600        0x7 menu_mgr.o
 .progmem.data._ZZ17draw_calibr_buttnP8MenuItemhE3__c_11
                0x00003607       0x13 menu_mgr.o
 .progmem.data._ZZ17draw_calibr_buttnP8MenuItemhE3__c_10
                0x0000361a       0x1f menu_mgr.o
 .progmem.data._ZZ17draw_calibr_buttnP8MenuItemhE3__c_9
                0x00003639       0x16 menu_mgr.o
 .progmem.data._ZZ17draw_calibr_buttnP8MenuItemhE3__c_8
                0x0000364f       0x12 menu_mgr.o
 .progmem.data._ZZ17draw_calibr_buttnP8MenuItemhE3__c_7
                0x00003661       0x26 menu_mgr.o
 .progmem.data._ZZ17draw_calibr_buttnP8MenuItemhE3__c_6
                0x00003687       0x11 menu_mgr.o
 .progmem.data._ZZ17draw_calibr_buttnP8MenuItemhE3__c_5
                0x00003698       0x26 menu_mgr.o
 .progmem.data._ZZ17draw_calibr_buttnP8MenuItemhE3__c_4
                0x000036be       0x16 menu_mgr.o
 .progmem.data._ZZ17draw_calibr_buttnP8MenuItemhE3__c_3
                0x000036d4       0x12 menu_mgr.o
 .progmem.data._ZZ17draw_calibr_buttnP8MenuItemhE3__c_2
                0x000036e6       0x26 menu_mgr.o
 .progmem.data._ZZ17draw_calibr_buttnP8MenuItemhE3__c_1
                0x0000370c       0x11 menu_mgr.o
 .progmem.data._ZZ17draw_calibr_buttnP8MenuItemhE3__c_0
                0x0000371d       0x26 menu_mgr.o
 .progmem.data._ZZ17draw_calibr_buttnP8MenuItemhE3__c
                0x00003743        0x7 menu_mgr.o
 .progmem.data._ZZ15draw_PLAY_buttnP8MenuItemhE3__c_13
                0x0000374a        0x1 menu_mgr.o
 .progmem.data._ZZ15draw_PLAY_buttnP8MenuItemhE3__c_12
                0x0000374b       0x12 menu_mgr.o
 .progmem.data._ZZ15draw_PLAY_buttnP8MenuItemhE3__c_11
                0x0000375d       0x13 menu_mgr.o
 .progmem.data._ZZ15draw_PLAY_buttnP8MenuItemhE3__c_10
                0x00003770        0x1 menu_mgr.o
 .progmem.data._ZZ15draw_PLAY_buttnP8MenuItemhE3__c_9
                0x00003771        0xf menu_mgr.o
 .progmem.data._ZZ15draw_PLAY_buttnP8MenuItemhE3__c_8
                0x00003780        0x1 menu_mgr.o
 .progmem.data._ZZ15draw_PLAY_buttnP8MenuItemhE3__c_7
                0x00003781       0x12 menu_mgr.o
 .progmem.data._ZZ15draw_PLAY_buttnP8MenuItemhE3__c_6
                0x00003793       0x13 menu_mgr.o
 .progmem.data._ZZ15draw_PLAY_buttnP8MenuItemhE3__c_5
                0x000037a6        0x1 menu_mgr.o
 .progmem.data._ZZ15draw_PLAY_buttnP8MenuItemhE3__c_4
                0x000037a7       0x1f menu_mgr.o
 .progmem.data._ZZ15draw_PLAY_buttnP8MenuItemhE3__c_3
                0x000037c6       0x13 menu_mgr.o
 .progmem.data._ZZ15draw_PLAY_buttnP8MenuItemhE3__c_2
                0x000037d9        0x5 menu_mgr.o
 .progmem.data._ZZ15draw_PLAY_buttnP8MenuItemhE3__c_1
                0x000037de       0x21 menu_mgr.o
 .progmem.data._ZZ15draw_PLAY_buttnP8MenuItemhE3__c_0
                0x000037ff       0x10 menu_mgr.o
 .progmem.data._ZZ15draw_PLAY_buttnP8MenuItemhE3__c
                0x0000380f        0x7 menu_mgr.o
 .progmem.data._ZZ22drawslider_equalizer_QP8MenuItemhE3__c_0
                0x00003816        0x2 menu_mgr.o
 .progmem.data._ZZ22drawslider_equalizer_QP8MenuItemhE3__c
                0x00003818        0x4 menu_mgr.o
 .progmem.data._ZZ25drawslider_equalizer_freqP8MenuItemhE3__c
                0x0000381c        0x3 menu_mgr.o
 .progmem.data._ZZ25drawslider_equalizer_gainP8MenuItemhE3__c_3
                0x0000381f        0x6 menu_mgr.o
 .progmem.data._ZZ25drawslider_equalizer_gainP8MenuItemhE3__c_2
                0x00003825        0x3 menu_mgr.o
 .progmem.data._ZZ25drawslider_equalizer_gainP8MenuItemhE3__c_1
                0x00003828        0x5 menu_mgr.o
 .progmem.data._ZZ25drawslider_equalizer_gainP8MenuItemhE3__c_0
                0x0000382d        0x6 menu_mgr.o
 .progmem.data._ZZ25drawslider_equalizer_gainP8MenuItemhE3__c
                0x00003833        0xb menu_mgr.o
 .progmem.data._ZZ15get_new_mem_addiiE3__c
                0x0000383e        0x7 menu_mgr.o
 .progmem.data._ZZ21drawSlider_tune_centsP8MenuItemihE3__c
                0x00003845        0x3 menu_mgr.o
 .progmem.data._ZZ23drawSlider_double_labelP8MenuItemihE3__c_5
                0x00003848        0x9 menu_mgr.o
 .progmem.data._ZZ23drawSlider_double_labelP8MenuItemihE3__c_4
                0x00003851        0x9 menu_mgr.o
 .progmem.data._ZZ23drawSlider_double_labelP8MenuItemihE3__c_3
                0x0000385a        0x5 menu_mgr.o
 .progmem.data._ZZ23drawSlider_double_labelP8MenuItemihE3__c_2
                0x0000385f        0x3 menu_mgr.o
 .progmem.data._ZZ23drawSlider_double_labelP8MenuItemihE3__c_1
                0x00003862        0x3 menu_mgr.o
 .progmem.data._ZZ23drawSlider_double_labelP8MenuItemihE3__c_0
                0x00003865        0x2 menu_mgr.o
 .progmem.data._ZZ23drawSlider_double_labelP8MenuItemihE3__c
                0x00003867        0x2 menu_mgr.o
 .progmem.data._ZZ21drawCustomValueSliderP8MenuItemhE3__c_4
                0x00003869        0xe menu_mgr.o
 .progmem.data._ZZ21drawCustomValueSliderP8MenuItemhE3__c_3
                0x00003877        0x7 menu_mgr.o
 .progmem.data._ZZ21drawCustomValueSliderP8MenuItemhE3__c_2
                0x0000387e        0xe menu_mgr.o
 .progmem.data._ZZ21drawCustomValueSliderP8MenuItemhE3__c_1
                0x0000388c        0x7 menu_mgr.o
 .progmem.data._ZZ21drawCustomValueSliderP8MenuItemhE3__c_0
                0x00003893        0xe menu_mgr.o
 .progmem.data._ZZ21drawCustomValueSliderP8MenuItemhE3__c
                0x000038a1        0x7 menu_mgr.o
 .progmem.data._ZZ32drawSlider_negative_single_labelP8MenuItemihE3__c_0
                0x000038a8        0xa menu_mgr.o
 .progmem.data._ZZ32drawSlider_negative_single_labelP8MenuItemihE3__c
                0x000038b2        0xd menu_mgr.o
 .progmem.data._ZZ13drawLabelInfoP8MenuItemihE3__c_11
                0x000038bf        0x5 menu_mgr.o
 .progmem.data._ZZ13drawLabelInfoP8MenuItemihE3__c_10
                0x000038c4        0xd menu_mgr.o
 .progmem.data._ZZ13drawLabelInfoP8MenuItemihE3__c_9
                0x000038d1        0xd menu_mgr.o
 .progmem.data._ZZ13drawLabelInfoP8MenuItemihE3__c_8
                0x000038de        0xd menu_mgr.o
 .progmem.data._ZZ13drawLabelInfoP8MenuItemihE3__c_7
                0x000038eb        0xd menu_mgr.o
 .progmem.data._ZZ13drawLabelInfoP8MenuItemihE3__c_6
                0x000038f8        0xd menu_mgr.o
 .progmem.data._ZZ13drawLabelInfoP8MenuItemihE3__c_5
                0x00003905        0xd menu_mgr.o
 .progmem.data._ZZ13drawLabelInfoP8MenuItemihE3__c_4
                0x00003912        0xd menu_mgr.o
 .progmem.data._ZZ13drawLabelInfoP8MenuItemihE3__c_3
                0x0000391f        0xd menu_mgr.o
 .progmem.data._ZZ13drawLabelInfoP8MenuItemihE3__c_2
                0x0000392c        0xd menu_mgr.o
 .progmem.data._ZZ13drawLabelInfoP8MenuItemihE3__c_1
                0x00003939        0xd menu_mgr.o
 .progmem.data._ZZ13drawLabelInfoP8MenuItemihE3__c_0
                0x00003946        0xd menu_mgr.o
 .progmem.data._ZZ13drawLabelInfoP8MenuItemihE3__c
                0x00003953        0xd menu_mgr.o
 .progmem.data._ZZN8menu_mgr9menu_initEvE3__c
                0x00003960        0x9 menu_mgr.o
 .progmem.data._ZZN8MIDI_mgr15send_note_DREAMEibihE3__c
                0x00003969        0x6 MIDI_mgr.o
 .progmem.data._ZZN8MIDI_mgr22send_stop_notes_volumeEhhE3__c
                0x0000396f       0x15 MIDI_mgr.o
 .progmem.data._ZZN8MIDI_mgr11tuning_sendEvE3__c
                0x00003984        0x2 MIDI_mgr.o
 .progmem.data._ZL20STYLE_werckmeister_2
                0x00003986       0x18 MIDI_mgr.o
 .progmem.data._ZL19STYLE_kelletal_1977
                0x0000399e       0x18 MIDI_mgr.o
 .progmem.data._ZL19STYLE_kelletal_1966
                0x000039b6       0x18 MIDI_mgr.o
 .progmem.data._ZL17STYLE_kimberger_3
                0x000039ce       0x18 MIDI_mgr.o
 .progmem.data._ZL17STYLE_kimberger_2
                0x000039e6       0x18 MIDI_mgr.o
 .progmem.data._ZL17STYLE_kimberger_1
                0x000039fe       0x18 MIDI_mgr.o
 .progmem.data._ZL20STYLE_billeter_orgel
                0x00003a16       0x18 MIDI_mgr.o
 .progmem.data._ZL18STYLE_back_woltemp
                0x00003a2e       0x18 MIDI_mgr.o
 .progmem.data._ZL19STYLE_bach_billeter
                0x00003a46       0x18 MIDI_mgr.o
 .progmem.data._ZL17STYLE_silberman_2
                0x00003a5e       0x18 MIDI_mgr.o
 .progmem.data._ZL17STYLE_silberman_1
                0x00003a76       0x18 MIDI_mgr.o
 .progmem.data._ZL20STYLE_werckmeister_3
                0x00003a8e       0x18 MIDI_mgr.o
 .progmem.data._ZL13STYLE_schlick
                0x00003aa6       0x18 MIDI_mgr.o
 .progmem.data._ZL13STYLE_ganassi
                0x00003abe       0x18 MIDI_mgr.o
 .progmem.data._ZL23STYLE_gramathaeus_orgel
                0x00003ad6       0x18 MIDI_mgr.o
 .progmem.data._ZL15STYLE_pytagoras
                0x00003aee       0x18 MIDI_mgr.o
 .progmem.data._ZL17STYLE_praetorious
                0x00003b06       0x18 MIDI_mgr.o
 .progmem.data._ZL11STYLE_joung
                0x00003b1e       0x18 MIDI_mgr.o
 .progmem.data._ZL20STYLE_ho_cheng_thien
                0x00003b36       0x18 MIDI_mgr.o
 .progmem.data._ZL20STYLE_mittel_muriorg
                0x00003b4e       0x18 MIDI_mgr.o
 .progmem.data._ZL18STYLE_mitteltoenig
                0x00003b66       0x18 MIDI_mgr.o
 .progmem.data._ZL22STYLE_natuerlich_harmo
                0x00003b7e       0x16 MIDI_mgr.o
 .progmem.data._ZL13STYLE_neutral
                0x00003b94       0x18 MIDI_mgr.o
 .progmem.data._ZL16s_werckmeister_2
                0x00003bac        0xf PROGMEM_labels.o
 .progmem.data._ZL15s_kelletal_1977
                0x00003bbb        0xe PROGMEM_labels.o
 .progmem.data._ZL15s_kelletal_1966
                0x00003bc9        0xe PROGMEM_labels.o
 .progmem.data._ZL13s_kimberger_3
                0x00003bd7        0xd PROGMEM_labels.o
 .progmem.data._ZL13s_kimberger_2
                0x00003be4        0xd PROGMEM_labels.o
 .progmem.data._ZL13s_kimberger_1
                0x00003bf1        0xd PROGMEM_labels.o
 .progmem.data._ZL16s_billeter_orgel
                0x00003bfe        0xf PROGMEM_labels.o
 .progmem.data._ZL14s_back_woltemp
                0x00003c0d        0xe PROGMEM_labels.o
 .progmem.data._ZL15s_bach_billeter
                0x00003c1b        0xe PROGMEM_labels.o
 .progmem.data._ZL13s_silberman_2
                0x00003c29        0xc PROGMEM_labels.o
 .progmem.data._ZL13s_silberman_1
                0x00003c35        0xc PROGMEM_labels.o
 .progmem.data._ZL16s_werckmeister_3
                0x00003c41        0xd PROGMEM_labels.o
 .progmem.data._ZL9s_schlick
                0x00003c4e        0x8 PROGMEM_labels.o
 .progmem.data._ZL9s_ganassi
                0x00003c56        0x8 PROGMEM_labels.o
 .progmem.data._ZL19s_gramathaeus_orgel
                0x00003c5e        0xc PROGMEM_labels.o
 .progmem.data._ZL11s_pytagoras
                0x00003c6a        0xc PROGMEM_labels.o
 .progmem.data._ZL13s_praetorious
                0x00003c76        0xe PROGMEM_labels.o
 .progmem.data._ZL7s_joung
                0x00003c84        0x8 PROGMEM_labels.o
 .progmem.data._ZL16s_ho_cheng_thien
                0x00003c8c       0x11 PROGMEM_labels.o
 .progmem.data._ZL16s_mittel_muriorg
                0x00003c9d       0x11 PROGMEM_labels.o
 .progmem.data._ZL14s_mitteltoenig
                0x00003cae        0xf PROGMEM_labels.o
 .progmem.data._ZL18s_natuerlics_harmo
                0x00003cbd       0x14 PROGMEM_labels.o
 .progmem.data._ZL9s_neutral
                0x00003cd1        0x8 PROGMEM_labels.o
 .progmem.data._ZZN6SdFile10make83NameEPKcPhE3__c
                0x00003cd9       0x10 SD_lib/SdFile.o
 .progmem.data._ZZN6SD_mgr12load_profileE6StringhE3__c_9
                0x00003ce9        0x5 SD_mgr.o
 .progmem.data._ZZN6SD_mgr12load_profileE6StringhE3__c_8
                0x00003cee        0xf SD_mgr.o
 .progmem.data._ZZN6SD_mgr12load_profileE6StringhE3__c_7
                0x00003cfd        0x5 SD_mgr.o
 .progmem.data._ZZN6SD_mgr12load_profileE6StringhE3__c_6
                0x00003d02        0xf SD_mgr.o
 .progmem.data._ZZN6SD_mgr12load_profileE6StringhE3__c_5
                0x00003d11        0xb SD_mgr.o
 .progmem.data._ZZN6SD_mgr12load_profileE6StringhE3__c_4
                0x00003d1c        0xf SD_mgr.o
 .progmem.data._ZZN6SD_mgr12load_profileE6StringhE3__c_3
                0x00003d2b       0x11 SD_mgr.o
 .progmem.data._ZZN6SD_mgr12load_profileE6StringhE3__c_2
                0x00003d3c        0xe SD_mgr.o
 .progmem.data._ZZN6SD_mgr12load_profileE6StringhE3__c_1
                0x00003d4a        0x6 SD_mgr.o
 .progmem.data._ZZN6SD_mgr12load_profileE6StringhE3__c_0
                0x00003d50       0x11 SD_mgr.o
 .progmem.data._ZZN6SD_mgr12load_profileE6StringhE3__c
                0x00003d61        0xa SD_mgr.o
 .progmem.data._ZZN6SD_mgr20save_profile_to_fileE6StringhE3__c_2
                0x00003d6b        0xb SD_mgr.o
 .progmem.data._ZZN6SD_mgr20save_profile_to_fileE6StringhE3__c_1
                0x00003d76        0xf SD_mgr.o
 .progmem.data._ZZN6SD_mgr20save_profile_to_fileE6StringhE3__c_0
                0x00003d85       0x11 SD_mgr.o
 .progmem.data._ZZN6SD_mgr20save_profile_to_fileE6StringhE3__c
                0x00003d96        0xa SD_mgr.o
 .progmem.data._ZZN6SD_mgr13load_settingsE6StringE3__c_5
                0x00003da0        0xa SD_mgr.o
 .progmem.data._ZZN6SD_mgr13load_settingsE6StringE3__c_4
                0x00003daa        0xd SD_mgr.o
 .progmem.data._ZZN6SD_mgr13load_settingsE6StringE3__c_3
                0x00003db7        0xb SD_mgr.o
 .progmem.data._ZZN6SD_mgr13load_settingsE6StringE3__c_2
                0x00003dc2       0x11 SD_mgr.o
 .progmem.data._ZZN6SD_mgr13load_settingsE6StringE3__c_1
                0x00003dd3        0xe SD_mgr.o
 .progmem.data._ZZN6SD_mgr13load_settingsE6StringE3__c_0
                0x00003de1       0x11 SD_mgr.o
 .progmem.data._ZZN6SD_mgr13load_settingsE6StringE3__c
                0x00003df2        0xa SD_mgr.o
 .progmem.data._ZZN6SD_mgr21save_settings_to_fileE6StringE3__c_2
                0x00003dfc        0xb SD_mgr.o
 .progmem.data._ZZN6SD_mgr21save_settings_to_fileE6StringE3__c_1
                0x00003e07        0xf SD_mgr.o
 .progmem.data._ZZN6SD_mgr21save_settings_to_fileE6StringE3__c_0
                0x00003e16       0x11 SD_mgr.o
 .progmem.data._ZZN6SD_mgr21save_settings_to_fileE6StringE3__c
                0x00003e27        0xb SD_mgr.o
 .progmem.data._ZZN6SD_mgr20read_send_midi_eventEvE3__c_5
                0x00003e32        0x8 SD_mgr.o
 .progmem.data._ZZN6SD_mgr20read_send_midi_eventEvE3__c_4
                0x00003e3a        0x7 SD_mgr.o
 .progmem.data._ZZN6SD_mgr20read_send_midi_eventEvE3__c_3
                0x00003e41        0x5 SD_mgr.o
 .progmem.data._ZZN6SD_mgr20read_send_midi_eventEvE3__c_2
                0x00003e46       0x16 SD_mgr.o
 .progmem.data._ZZN6SD_mgr20read_send_midi_eventEvE3__c_1
                0x00003e5c       0x13 SD_mgr.o
 .progmem.data._ZZN6SD_mgr20read_send_midi_eventEvE3__c_0
                0x00003e6f        0x4 SD_mgr.o
 .progmem.data._ZZN6SD_mgr20read_send_midi_eventEvE3__c
                0x00003e73       0x12 SD_mgr.o
 .progmem.data._ZZN6SD_mgr14rec_midi_eventEPhhhE3__c_12
                0x00003e85       0x13 SD_mgr.o
 .progmem.data._ZZN6SD_mgr14rec_midi_eventEPhhhE3__c_11
                0x00003e98        0xb SD_mgr.o
 .progmem.data._ZZN6SD_mgr14rec_midi_eventEPhhhE3__c_10
                0x00003ea3        0x8 SD_mgr.o
 .progmem.data._ZZN6SD_mgr14rec_midi_eventEPhhhE3__c_9
                0x00003eab        0xc SD_mgr.o
 .progmem.data._ZZN6SD_mgr14rec_midi_eventEPhhhE3__c_8
                0x00003eb7        0x7 SD_mgr.o
 .progmem.data._ZZN6SD_mgr14rec_midi_eventEPhhhE3__c_7
                0x00003ebe        0xd SD_mgr.o
 .progmem.data._ZZN6SD_mgr14rec_midi_eventEPhhhE3__c_6
                0x00003ecb        0xf SD_mgr.o
 .progmem.data._ZZN6SD_mgr14rec_midi_eventEPhhhE3__c_5
                0x00003eda        0xc SD_mgr.o
 .progmem.data._ZZN6SD_mgr14rec_midi_eventEPhhhE3__c_4
                0x00003ee6        0x2 SD_mgr.o
 .progmem.data._ZZN6SD_mgr14rec_midi_eventEPhhhE3__c_3
                0x00003ee8        0x5 SD_mgr.o
 .progmem.data._ZZN6SD_mgr14rec_midi_eventEPhhhE3__c_2
                0x00003eed        0xd SD_mgr.o
 .progmem.data._ZZN6SD_mgr14rec_midi_eventEPhhhE3__c_1
                0x00003efa        0x5 SD_mgr.o
 .progmem.data._ZZN6SD_mgr14rec_midi_eventEPhhhE3__c_0
                0x00003eff        0x4 SD_mgr.o
 .progmem.data._ZZN6SD_mgr14rec_midi_eventEPhhhE3__c
                0x00003f03        0xb SD_mgr.o
 .progmem.data._ZZN6SD_mgr25recording_add_stop_changeEP4StopbE3__c
                0x00003f0e       0x11 SD_mgr.o
 .progmem.data._ZZN6SD_mgr16sd_files_refreshEvE3__c_0
                0x00003f1f        0xd SD_mgr.o
 .progmem.data._ZZN6SD_mgr16sd_files_refreshEvE3__c
                0x00003f2c        0xb SD_mgr.o
 .progmem.data._ZZN6SD_mgr10load_exRAME6StringE3__c_4
                0x00003f37       0x10 SD_mgr.o
 .progmem.data._ZZN6SD_mgr10load_exRAME6StringE3__c_3
                0x00003f47       0x10 SD_mgr.o
 .progmem.data._ZZN6SD_mgr10load_exRAME6StringE3__c_2
                0x00003f57        0xe SD_mgr.o
 .progmem.data._ZZN6SD_mgr10load_exRAME6StringE3__c_1
                0x00003f65        0xb SD_mgr.o
 .progmem.data._ZZN6SD_mgr10load_exRAME6StringE3__c_0
                0x00003f70        0x8 SD_mgr.o
 .progmem.data._ZZN6SD_mgr10load_exRAME6StringE3__c
                0x00003f78        0xb SD_mgr.o
 .progmem.data._ZZN6SD_mgr11SD_mgr_initEvE3__c_1
                0x00003f83        0xb SD_mgr.o
 .progmem.data._ZZN6SD_mgr11SD_mgr_initEvE3__c_0
                0x00003f8e       0x19 SD_mgr.o
 .progmem.data._ZZN6SD_mgr11SD_mgr_initEvE3__c
                0x00003fa7       0x17 SD_mgr.o
 .progmem.data._ZZ4loopE3__c_0
                0x00003fbe       0x17 Sketch.o
 .progmem.data._ZZ4loopE3__c
                0x00003fd5       0x16 Sketch.o
 .progmem.data._ZZ5setupE3__c_5
                0x00003feb        0xb Sketch.o
 .progmem.data._ZZ5setupE3__c_4
                0x00003ff6        0x1 Sketch.o
 .progmem.data._ZZ5setupE3__c_3
                0x00003ff7        0x9 Sketch.o
 .progmem.data._ZZ5setupE3__c_2
                0x00004000        0x1 Sketch.o
 .progmem.data._ZZ5setupE3__c_1
                0x00004001       0x11 Sketch.o
 .progmem.data._ZZ5setupE3__c_0
                0x00004012        0xf Sketch.o
 .progmem.data._ZZ5setupE3__c
                0x00004021       0x2d Sketch.o
 .progmem.data._ZZN4Stop6selectEbE3__c_0
                0x0000404e        0x5 Stop.o
 .progmem.data._ZZN4Stop6selectEbE3__c
                0x00004053        0xa Stop.o
 .progmem.data._ZL21stops_additional_data
                0x0000405d      0x2e2 Stop.o
 .progmem.data._ZL10stops_info
                0x0000433f      0x118 Stop.o
 .progmem.data._ZZN9Zecer_mgr9linked_idEiE3__c_0
                0x00004457        0xb Zecer_mgr.o
 .progmem.data._ZZN9Zecer_mgr9linked_idEiE3__c
                0x00004462        0x7 Zecer_mgr.o
 .progmem.data._ZZ14on_foot_pistonP8Button_zE3__c
                0x00004469       0x10 Zecer_stop_mgr.o
 .progmem.data._ZZ12on_buttn_100P8Button_zE3__c
                0x00004479        0xc Zecer_stop_mgr.o
 .progmem.data._ZZ11on_buttn_10P8Button_zE3__c
                0x00004485        0xb Zecer_stop_mgr.o
 .progmem.data._ZZN14Zecer_stop_mgr14read_gas_pedalEvE3__c_0
                0x00004490        0x5 Zecer_stop_mgr.o
 .progmem.data._ZZN14Zecer_stop_mgr14read_gas_pedalEvE3__c
                0x00004495        0xb Zecer_stop_mgr.o
 .progmem.data._ZZ10on_stop_ONP4StopE3__c
                0x000044a0        0xa Zecer_stop_mgr.o
 .progmem.data._ZZ20transpose_keycheckerPhS_S_S_hE3__c
                0x000044aa        0xa Zecer_stop_mgr.o
 .progmem.data._ZZ14on_buttn_MINUSP8Button_zE3__c
                0x000044b4        0xc Zecer_stop_mgr.o
 .progmem.data._ZZ13on_buttn_PLUSP8Button_zE3__c_0
                0x000044c0        0xa Zecer_stop_mgr.o
 .progmem.data._ZZ13on_buttn_PLUSP8Button_zE3__c
                0x000044ca        0xc Zecer_stop_mgr.o
 .progmem.data._ZZ20on_buttn_combinationP8Button_zE3__c_1
                0x000044d6        0xa Zecer_stop_mgr.o
 .progmem.data._ZZ20on_buttn_combinationP8Button_zE3__c_0
                0x000044e0        0xa Zecer_stop_mgr.o
 .progmem.data._ZZ20on_buttn_combinationP8Button_zE3__c
                0x000044ea        0x7 Zecer_stop_mgr.o
 .progmem.data._ZZ12on_buttn_SETP8Button_zE3__c
                0x000044f1        0x4 Zecer_stop_mgr.o
 .progmem.data._ZZN14Zecer_stop_mgr19Zecer_stop_mgr_initEvE3__c_2
                0x000044f5       0x20 Zecer_stop_mgr.o
 .progmem.data._ZZN14Zecer_stop_mgr19Zecer_stop_mgr_initEvE3__c_1
                0x00004515       0x28 Zecer_stop_mgr.o
 .progmem.data._ZZN14Zecer_stop_mgr19Zecer_stop_mgr_initEvE3__c_0
                0x0000453d       0x23 Zecer_stop_mgr.o
 .progmem.data._ZZN14Zecer_stop_mgr19Zecer_stop_mgr_initEvE3__c
                0x00004560       0x2b Zecer_stop_mgr.o
 .progmem.data._ZL11array_Reset
                0x0000458b        0xa Zecer_stop_mgr.o
 .progmem.data._ZZN5Print10printFloatEdhE3__c
                0x00004595        0x4 C:\Users\Greg\DOCUME~1\ATMELS~2\ACCENT~1.1\ACCENT~1.1\ARDUIN~1\Debug\libArduinoCore.a(Print.o)
 .progmem.data.digital_pin_to_timer_PGM
                0x00004599       0x56 C:\Users\Greg\DOCUME~1\ATMELS~2\ACCENT~1.1\ACCENT~1.1\ARDUIN~1\Debug\libArduinoCore.a(wiring_digital.o)
                0x00004599                digital_pin_to_timer_PGM
 .progmem.data.digital_pin_to_bit_mask_PGM
                0x000045ef       0x56 C:\Users\Greg\DOCUME~1\ATMELS~2\ACCENT~1.1\ACCENT~1.1\ARDUIN~1\Debug\libArduinoCore.a(wiring_digital.o)
                0x000045ef                digital_pin_to_bit_mask_PGM
 .progmem.data.digital_pin_to_port_PGM
                0x00004645       0x56 C:\Users\Greg\DOCUME~1\ATMELS~2\ACCENT~1.1\ACCENT~1.1\ARDUIN~1\Debug\libArduinoCore.a(wiring_digital.o)
                0x00004645                digital_pin_to_port_PGM
 .progmem.data.port_to_input_PGM
                0x0000469b       0x1a C:\Users\Greg\DOCUME~1\ATMELS~2\ACCENT~1.1\ACCENT~1.1\ARDUIN~1\Debug\libArduinoCore.a(wiring_digital.o)
                0x0000469b                port_to_input_PGM
 .progmem.data.port_to_output_PGM
                0x000046b5       0x1a C:\Users\Greg\DOCUME~1\ATMELS~2\ACCENT~1.1\ACCENT~1.1\ARDUIN~1\Debug\libArduinoCore.a(wiring_digital.o)
                0x000046b5                port_to_output_PGM
 .progmem.data.port_to_mode_PGM
                0x000046cf       0x1a C:\Users\Greg\DOCUME~1\ATMELS~2\ACCENT~1.1\ACCENT~1.1\ARDUIN~1\Debug\libArduinoCore.a(wiring_digital.o)
                0x000046cf                port_to_mode_PGM
 .progmem.data.gpio_pins_progmem
                0x000046e9       0x8c C:\Users\Greg\DOCUME~1\ATMELS~2\ACCENT~1.1\ACCENT~1.1\ARDUIN~1\Debug\libArduinoCore.a(digital2.o)
                0x000046e9                gpio_pins_progmem
 .progmem.data.white_accent_logo
                0x00004775     0x6880 C:\Users\Greg\DOCUME~1\ATMELS~2\ACCENT~1.1\ACCENT~1.1\ARDUIN~1\Debug\libArduinoCore.a(DefaultFonts.o)
                0x00004775                white_accent_logo
 .progmem.data.hallfetica_normal
                0x0000aff5      0xbe4 C:\Users\Greg\DOCUME~1\ATMELS~2\ACCENT~1.1\ACCENT~1.1\ARDUIN~1\Debug\libArduinoCore.a(DefaultFonts.o)
                0x0000aff5                hallfetica_normal
 .progmem.data.arial_bold
                0x0000bbd9      0xbe4 C:\Users\Greg\DOCUME~1\ATMELS~2\ACCENT~1.1\ACCENT~1.1\ARDUIN~1\Debug\libArduinoCore.a(DefaultFonts.o)
                0x0000bbd9                arial_bold
 .progmem.data.mykefont2
                0x0000c7bd      0x35b C:\Users\Greg\DOCUME~1\ATMELS~2\ACCENT~1.1\ACCENT~1.1\ARDUIN~1\Debug\libArduinoCore.a(DefaultFonts.o)
                0x0000c7bd                mykefont2
 .progmem.data.GroteskBold24x48
                0x0000cb18     0x3574 C:\Users\Greg\DOCUME~1\ATMELS~2\ACCENT~1.1\ACCENT~1.1\ARDUIN~1\Debug\libArduinoCore.a(DefaultFonts.o)
                0x0000cb18                GroteskBold24x48
                0x0001008c                . = ALIGN (0x2)
 *(.jumptables)
 *(.jumptables*)
 *(.lowtext)
 *(.lowtext*)
                0x0001008c                __ctors_start = .
 *(.ctors)
 .ctors         0x0001008c        0x2 global_variables.o
 .ctors         0x0001008e        0x2 menu_mgr.o
 .ctors         0x00010090        0x2 MIDI_mgr.o
 .ctors         0x00010092        0x2 MIDI_recplay.o
 .ctors         0x00010094        0x2 SD_lib/SD.o
 .ctors         0x00010096        0x2 SD_lib/Sd2Card.o
 .ctors         0x00010098        0x2 Sketch.o
 .ctors         0x0001009a        0x2 Zecer_stop_mgr.o
 .ctors         0x0001009c        0x2 C:\Users\Greg\DOCUME~1\ATMELS~2\ACCENT~1.1\ACCENT~1.1\ARDUIN~1\Debug\libArduinoCore.a(HardwareSerial0.o)
 .ctors         0x0001009e        0x2 C:\Users\Greg\DOCUME~1\ATMELS~2\ACCENT~1.1\ACCENT~1.1\ARDUIN~1\Debug\libArduinoCore.a(HardwareSerial1.o)
 .ctors         0x000100a0        0x2 C:\Users\Greg\DOCUME~1\ATMELS~2\ACCENT~1.1\ACCENT~1.1\ARDUIN~1\Debug\libArduinoCore.a(HardwareSerial2.o)
 .ctors         0x000100a2        0x2 C:\Users\Greg\DOCUME~1\ATMELS~2\ACCENT~1.1\ACCENT~1.1\ARDUIN~1\Debug\libArduinoCore.a(HardwareSerial3.o)
                0x000100a4                __ctors_end = .
                0x000100a4                __dtors_start = .
 *(.dtors)
 .dtors         0x000100a4        0x2 global_variables.o
 .dtors         0x000100a6        0x2 MIDI_recplay.o
 .dtors         0x000100a8        0x2 Sketch.o
                0x000100aa                __dtors_end = .
 SORT(*)(.ctors)
 SORT(*)(.dtors)
 *(.init0)
 .init0         0x000100aa        0x0 C:/Program Files (x86)/Atmel/Studio/7.0/Packs/atmel/ATmega_DFP/1.1.130/gcc/dev/atmega2560/avr6/crtatmega2560.o
                0x000100aa                __init
 *(.init0)
 *(.init1)
 *(.init1)
 *(.init2)
 .init2         0x000100aa       0x10 C:/Program Files (x86)/Atmel/Studio/7.0/Packs/atmel/ATmega_DFP/1.1.130/gcc/dev/atmega2560/avr6/crtatmega2560.o
 *(.init2)
 *(.init3)
 *(.init3)
 *(.init4)
 .init4         0x000100ba       0x1a c:/program files (x86)/atmel/studio/7.0/toolchain/avr8/avr8-gnu-toolchain/bin/../lib/gcc/avr/5.4.0/avr6\libgcc.a(_copy_data.o)
                0x000100ba                __do_copy_data
 .init4         0x000100d4       0x10 c:/program files (x86)/atmel/studio/7.0/toolchain/avr8/avr8-gnu-toolchain/bin/../lib/gcc/avr/5.4.0/avr6\libgcc.a(_clear_bss.o)
                0x000100d4                __do_clear_bss
 *(.init4)
 *(.init5)
 *(.init5)
 *(.init6)
 .init6         0x000100e4       0x20 c:/program files (x86)/atmel/studio/7.0/toolchain/avr8/avr8-gnu-toolchain/bin/../lib/gcc/avr/5.4.0/avr6\libgcc.a(_ctors.o)
                0x000100e4                __do_global_ctors
 *(.init6)
 *(.init7)
 *(.init7)
 *(.init8)
 *(.init8)
 *(.init9)
 .init9         0x00010104        0x8 C:/Program Files (x86)/Atmel/Studio/7.0/Packs/atmel/ATmega_DFP/1.1.130/gcc/dev/atmega2560/avr6/crtatmega2560.o
 *(.init9)
 *(.text)
 .text          0x0001010c        0x4 C:/Program Files (x86)/Atmel/Studio/7.0/Packs/atmel/ATmega_DFP/1.1.130/gcc/dev/atmega2560/avr6/crtatmega2560.o
                0x0001010c                __vector_38
                0x0001010c                __vector_22
                0x0001010c                __vector_28
                0x0001010c                __vector_32
                0x0001010c                __vector_34
                0x0001010c                __vector_24
                0x0001010c                __vector_12
                0x0001010c                __vector_46
                0x0001010c                __bad_interrupt
                0x0001010c                __vector_31
                0x0001010c                __vector_35
                0x0001010c                __vector_39
                0x0001010c                __vector_30
                0x0001010c                __vector_45
                0x0001010c                __vector_13
                0x0001010c                __vector_17
                0x0001010c                __vector_19
                0x0001010c                __vector_56
                0x0001010c                __vector_49
                0x0001010c                __vector_41
                0x0001010c                __vector_43
                0x0001010c                __vector_27
                0x0001010c                __vector_33
                0x0001010c                __vector_47
                0x0001010c                __vector_44
                0x0001010c                __vector_21
                0x0001010c                __vector_15
                0x0001010c                __vector_29
                0x0001010c                __vector_40
                0x0001010c                __vector_48
                0x0001010c                __vector_14
                0x0001010c                __vector_53
                0x0001010c                __vector_50
                0x0001010c                __vector_16
                0x0001010c                __vector_18
                0x0001010c                __vector_20
                0x0001010c                __vector_42
                0x00010110                . = ALIGN (0x2)
 *(.text.*)
 .text._ZN8Button_z6selectEb
                0x00010110      0x114 Button_Z.o
                0x00010110                _ZN8Button_z6selectEb
 .text._ZN8Button_z8SetStateEb
                0x00010224       0x54 Button_Z.o
                0x00010224                _ZN8Button_z8SetStateEb
 .text._ZN8Button_z8GetStateEv
                0x00010278        0x8 Button_Z.o
                0x00010278                _ZN8Button_z8GetStateEv
 .text._ZN8Button_z9write_memEPh
                0x00010280      0x28a Button_Z.o
                0x00010280                _ZN8Button_z9write_memEPh
 .text._ZN8Button_z8read_memEPh
                0x0001050a      0x288 Button_Z.o
                0x0001050a                _ZN8Button_z8read_memEPh
 .text._ZN8Button_z6get_idEv
                0x00010792        0x6 Button_Z.o
                0x00010792                _ZN8Button_z6get_idEv
 .text._ZN8Button_z12get_id_classEv
                0x00010798       0x20 Button_Z.o
                0x00010798                _ZN8Button_z12get_id_classEv
 .text._ZN8Button_z13set_out_stateEb
                0x000107b8       0x14 Button_Z.o
                0x000107b8                _ZN8Button_z13set_out_stateEb
 .text._ZN8Button_z10get_id_numEv
                0x000107cc       0x20 Button_Z.o
                0x000107cc                _ZN8Button_z10get_id_numEv
 .text._ZN8Button_z16get_mem_locationEv
                0x000107ec       0x3a Button_Z.o
                0x000107ec                _ZN8Button_z16get_mem_locationEv
 .text._ZN8Button_z16set_mem_locationEi
                0x00010826        0x8 Button_Z.o
                0x00010826                _ZN8Button_z16set_mem_locationEi
 .text._ZN8Button_zC2EhihPFvPS_bE
                0x0001082e       0x14 Button_Z.o
                0x0001082e                _ZN8Button_zC2EhihPFvPS_bE
                0x0001082e                _ZN8Button_zC1EhihPFvPS_bE
 .text._ZN13MenuComponent15set_interactiveEb
                0x00010842        0x2 custom_menu.o
                0x00010842                _ZN13MenuComponent15set_interactiveEb
 .text._ZN13MenuComponent13getMemAddressEv
                0x00010844       0x1c custom_menu.o
                0x00010844                _ZN13MenuComponent13getMemAddressEv
 .text._ZN4Menu6selectEv
                0x00010860       0x7e custom_menu.o
                0x00010860                _ZN4Menu6selectEv
 .text._ZN4Menu15draw_first_timeEv
                0x000108de       0x18 custom_menu.o
                0x000108de                _ZN4Menu15draw_first_timeEv
 .text._ZN4Menu12draw_enabledEv
                0x000108f6       0x16 custom_menu.o
                0x000108f6                _ZN4Menu12draw_enabledEv
 .text._ZN4Menu11draw_normalEv
                0x0001090c       0x16 custom_menu.o
                0x0001090c                _ZN4Menu11draw_normalEv
 .text._ZN4Menu13draw_selectedEv
                0x00010922       0x16 custom_menu.o
                0x00010922                _ZN4Menu13draw_selectedEv
 .text._ZN4Menu15clear_componentEv
                0x00010938       0x16 custom_menu.o
                0x00010938                _ZN4Menu15clear_componentEv
 .text._ZN4Menu9tempClearEv
                0x0001094e       0x58 custom_menu.o
                0x0001094e                _ZN4Menu9tempClearEv
 .text._ZN4Menu8get_typeEv
                0x000109a6        0x4 custom_menu.o
                0x000109a6                _ZN4Menu8get_typeEv
 .text._ZN4Menu5resetEv
                0x000109aa       0x76 custom_menu.o
                0x000109aa                _ZN4Menu5resetEv
 .text._ZN4Menu8getValueEv
                0x00010a20        0x2 custom_menu.o
                0x00010a20                _ZN4Menu8getValueEv
 .text._ZN4Menu7refreshEv
                0x00010a22       0x70 custom_menu.o
                0x00010a22                _ZN4Menu7refreshEv
 .text._ZN8MenuItem15draw_first_timeEv
                0x00010a92       0x18 custom_menu.o
                0x00010a92                _ZN8MenuItem15draw_first_timeEv
 .text._ZN8MenuItem12draw_enabledEv
                0x00010aaa       0x18 custom_menu.o
                0x00010aaa                _ZN8MenuItem12draw_enabledEv
 .text._ZN8MenuItem13draw_selectedEv
                0x00010ac2       0x18 custom_menu.o
                0x00010ac2                _ZN8MenuItem6selectEv
                0x00010ac2                _ZN8MenuItem13draw_selectedEv
 .text._ZN8MenuItem11draw_normalEv
                0x00010ada       0x18 custom_menu.o
                0x00010ada                _ZN8MenuItem11draw_normalEv
 .text._ZN8MenuItem15clear_componentEv
                0x00010af2       0x18 custom_menu.o
                0x00010af2                _ZN8MenuItem15clear_componentEv
 .text._ZN8MenuItem9tempClearEv
                0x00010b0a        0x6 custom_menu.o
                0x00010b0a                _ZN8MenuItem9tempClearEv
 .text._ZN8MenuItem8getValueEv
                0x00010b10        0x6 custom_menu.o
                0x00010b10                _ZN8MenuItem8getValueEv
 .text._ZN8MenuItem8get_typeEv
                0x00010b16       0x1a custom_menu.o
                0x00010b16                _ZN8MenuItem8get_typeEv
 .text._ZN8MenuItem8setValueEi
                0x00010b30       0x4c custom_menu.o
                0x00010b30                _ZN8MenuItem8setValueEi
 .text._ZN8MenuItem8addValueEi
                0x00010b7c       0x18 custom_menu.o
                0x00010b7c                _ZN8MenuItem8addValueEi
 .text._ZN17MenuItem_editable13getMemAddressEv
                0x00010b94        0x8 custom_menu.o
                0x00010b94                _ZN17MenuItem_editable13getMemAddressEv
 .text._ZN27MenuItem_editable_for_tones8setValueEi
                0x00010b9c        0x2 custom_menu.o
                0x00010b9c                _ZN4Menu8setValueEi
                0x00010b9c                _ZN27MenuItem_editable_for_tones8setValueEi
                0x00010b9c                _ZN4Menu8addValueEi
                0x00010b9c                _ZN4Menu13setMemAddressEi
                0x00010b9c                _ZN8MenuItem13setMemAddressEi
 .text._ZN8MenuItem7refreshEv
                0x00010b9e        0x2 custom_menu.o
                0x00010b9e                _ZN8MenuItem5resetEv
                0x00010b9e                _ZN8MenuItem7refreshEv
 .text._ZN17MenuItem_rec_play8setValueEi
                0x00010ba0        0x6 custom_menu.o
                0x00010ba0                _ZN17MenuItem_rec_play8setValueEi
 .text._ZN17MenuItem_rec_play8getValueEv
                0x00010ba6        0x6 custom_menu.o
                0x00010ba6                _ZN17MenuItem_rec_play8getValueEv
 .text._ZN17MenuItem_editable13setMemAddressEi
                0x00010bac       0x48 custom_menu.o
                0x00010bac                _ZN17MenuItem_editable13setMemAddressEi
 .text._ZN13MenuComponent8get_nameEv
                0x00010bf4       0x22 custom_menu.o
                0x00010bf4                _ZN13MenuComponent8get_nameEv
 .text._ZN13MenuComponent11get_name_idEv
                0x00010c16        0x8 custom_menu.o
                0x00010c16                _ZN13MenuComponent11get_name_idEv
 .text._ZN13MenuComponent5get_xEv
                0x00010c1e       0x1c custom_menu.o
                0x00010c1e                _ZN13MenuComponent5get_xEv
 .text._ZN13MenuComponent19get_min_display_valEv
                0x00010c3a       0x1c custom_menu.o
                0x00010c3a                _ZN13MenuComponent19get_min_display_valEv
 .text._ZN13MenuComponent19get_max_display_valEv
                0x00010c56       0x1c custom_menu.o
                0x00010c56                _ZN13MenuComponent19get_max_display_valEv
 .text._ZN13MenuComponent5get_yEv
                0x00010c72       0x1c custom_menu.o
                0x00010c72                _ZN13MenuComponent5get_yEv
 .text._ZN4MenuC2Ei
                0x00010c8e       0x20 custom_menu.o
                0x00010c8e                _ZN4MenuC1Ei
                0x00010c8e                _ZN4MenuC2Ei
 .text._ZN4Menu4prevEib
                0x00010cae      0x10a custom_menu.o
                0x00010cae                _ZN4Menu4prevEib
 .text._ZN4Menu8activateEv
                0x00010db8      0x150 custom_menu.o
                0x00010db8                _ZN4Menu8activateEv
 .text._ZN4Menu21clear_current_displayEv
                0x00010f08       0x56 custom_menu.o
                0x00010f08                _ZN4Menu21clear_current_displayEv
 .text._ZN4Menu8add_itemEP8MenuItemPFvS1_hEPFvS1_ES5_S5_
                0x00010f5e       0x64 custom_menu.o
                0x00010f5e                _ZN4Menu8add_itemEP8MenuItemPFvS1_hEPFvS1_ES5_S5_
 .text._ZN4Menu8add_menuEPS_PFvS0_hEPFvS0_ES4_S4_
                0x00010fc2       0x70 custom_menu.o
                0x00010fc2                _ZN4Menu8add_menuEPS_PFvS0_hEPFvS0_ES4_S4_
 .text._ZN8MenuItemC2Ei
                0x00011032       0x36 custom_menu.o
                0x00011032                _ZN8MenuItemC2Ei
                0x00011032                _ZN8MenuItemC1Ei
 .text._ZN17MenuItem_editableC2Ei
                0x00011068       0x5a custom_menu.o
                0x00011068                _ZN17MenuItem_editableC1Ei
                0x00011068                _ZN17MenuItem_editableC2Ei
 .text._ZN8MenuItem15saveValueEEPROMEv
                0x000110c2       0x22 custom_menu.o
                0x000110c2                _ZN8MenuItem15saveValueEEPROMEv
 .text._ZN10MenuSystemC2Ev
                0x000110e4        0xc custom_menu.o
                0x000110e4                _ZN10MenuSystemC2Ev
                0x000110e4                _ZN10MenuSystemC1Ev
 .text._ZN10MenuSystem4nextEib
                0x000110f0       0xee custom_menu.o
                0x000110f0                _ZN10MenuSystem4nextEib
 .text._ZN10MenuSystem4prevEib
                0x000111de      0x16a custom_menu.o
                0x000111de                _ZN10MenuSystem4prevEib
 .text._ZN10MenuSystem7refreshEv
                0x00011348       0x9c custom_menu.o
                0x00011348                _ZN10MenuSystem7refreshEv
 .text._ZN10MenuSystem6selectEb
                0x000113e4       0xf0 custom_menu.o
                0x000113e4                _ZN10MenuSystem6selectEb
 .text._ZN10MenuSystem4backEv
                0x000114d4      0x16a custom_menu.o
                0x000114d4                _ZN10MenuSystem4backEv
 .text._ZN10MenuSystem13set_root_menuEP4Menu
                0x0001163e        0xc custom_menu.o
                0x0001163e                _ZN10MenuSystem13set_root_menuEP4Menu
 .text._ZN10MenuSystem16get_current_menuEv
                0x0001164a        0x8 custom_menu.o
                0x0001164a                _ZN10MenuSystem16get_current_menuEv
 .text._ZN10MenuSystem7is_rootEv
                0x00011652       0x2a custom_menu.o
                0x00011652                _ZN10MenuSystem7is_rootEv
 .text._ZN10MenuSystem13get_selected1Ev
                0x0001167c       0x18 custom_menu.o
                0x0001167c                _ZN10MenuSystem13get_selected1Ev
 .text._ZN17MenuItem_rec_playC2Ei
                0x00011694       0x44 custom_menu.o
                0x00011694                _ZN17MenuItem_rec_playC2Ei
                0x00011694                _ZN17MenuItem_rec_playC1Ei
 .text._Z16get_map_tabela_Zi
                0x000116d8        0xc global_methods.o
                0x000116d8                _Z16get_map_tabela_Zi
 .text._Z11get_key_mapi
                0x000116e4       0x16 global_methods.o
                0x000116e4                _Z11get_key_mapi
 .text._Z13_readBit_stopPhi
                0x000116fa       0x52 global_methods.o
                0x000116fa                _Z13_readBit_stopPhi
 .text._Z14_writeBit_stopPhib
                0x0001174c       0xc6 global_methods.o
                0x0001174c                _Z14_writeBit_stopPhib
 .text._Z18calculate_free_RAMi
                0x00011812       0x38 global_methods.o
                0x00011812                _Z18calculate_free_RAMi
 .text._Z15EEPROMWriteLongil
                0x0001184a       0x5a global_methods.o
                0x0001184a                _Z15EEPROMWriteLongil
 .text._Z14EEPROMReadlongl
                0x000118a4       0x90 global_methods.o
                0x000118a4                _Z14EEPROMReadlongl
 .text._Z8setThemei
                0x00011934       0xe6 global_methods.o
                0x00011934                _Z8setThemei
 .text._Z5G_bitPhh
                0x00011a1a       0x2e global_methods.o
                0x00011a1a                _Z5G_bitPhh
 .text._Z5S_bitPhhh
                0x00011a48       0x5e global_methods.o
                0x00011a48                _Z5S_bitPhhh
 .text._Z15manubri_na_nulov
                0x00011aa6        0x2 global_methods.o
                0x00011aa6                _Z15manubri_na_nulov
 .text._Z13zecer_na_nulov
                0x00011aa8       0xd4 global_methods.o
                0x00011aa8                _Z13zecer_na_nulov
 .text._Z13get_tone_namei
                0x00011b7c      0x1a0 global_methods.o
                0x00011b7c                _Z13get_tone_namei
 .text._Z13get_stop_nameh
                0x00011d1c      0x408 global_methods.o
                0x00011d1c                _Z13get_stop_nameh
 .text._Z21get_splited_float_arrPcl
                0x00012124        0xc global_methods.o
                0x00012124                _Z21get_splited_float_arrPcl
 .text._Z12return_floatPc
                0x00012130       0x4c global_methods.o
                0x00012130                _Z12return_floatPc
 .text._Z18init_global_valuesv
                0x0001217c       0x2c global_variables.o
                0x0001217c                _Z18init_global_valuesv
 .text.startup._GLOBAL__sub_I_CRESCENDO_STATE
                0x000121a8       0xc2 global_variables.o
 .text.exit._GLOBAL__sub_D_CRESCENDO_STATE
                0x0001226a       0x38 global_variables.o
 .text._Z17test_procent_loadh
                0x000122a2       0xbe menu_mgr.o
                0x000122a2                _Z17test_procent_loadh
 .text._Z17test_procent_saveh
                0x00012360       0xbe menu_mgr.o
                0x00012360                _Z17test_procent_saveh
 .text._ZN7Encoder4isr2Ev
                0x0001241e       0x8a menu_mgr.o
                0x0001241e                _ZN7Encoder4isr2Ev
 .text._ZN7Encoder4isr3Ev
                0x000124a8       0x8a menu_mgr.o
                0x000124a8                _ZN7Encoder4isr3Ev
 .text._ZN8menu_mgrC2Ev
                0x00012532        0x2 menu_mgr.o
                0x00012532                _ZN8menu_mgrC2Ev
                0x00012532                _ZN8menu_mgrC1Ev
 .text._ZN8menu_mgrD2Ev
                0x00012534        0x2 menu_mgr.o
                0x00012534                _ZN8menu_mgrD1Ev
                0x00012534                _ZN8menu_mgrD2Ev
 .text._ZN7Encoder6updateEP24Encoder_internal_state_t
                0x00012536       0x84 menu_mgr.o
                0x00012536                _ZN7Encoder6updateEP24Encoder_internal_state_t
 .text._Z14set_mode_colorh
                0x000125ba       0x78 menu_mgr.o
                0x000125ba                _Z14set_mode_colorh
 .text._Z21on_menu_draw_disabledP4Menu
                0x00012632      0x1ae menu_mgr.o
                0x00012632                _Z21on_menu_draw_disabledP4Menu
 .text._Z13on_menu_clearP4Menu
                0x000127e0      0x1ae menu_mgr.o
                0x000127e0                _Z13on_menu_clearP4Menu
 .text._Z13drawTinyLabelP8MenuItemih
                0x0001298e      0x148 menu_mgr.o
                0x0001298e                _Z13drawTinyLabelP8MenuItemih
 .text._Z10drawSliderP8MenuItemih
                0x00012ad6      0x1ce menu_mgr.o
                0x00012ad6                _Z10drawSliderP8MenuItemih
 .text._Z16drawBooleanLabelP8MenuItemih
                0x00012ca4      0x264 menu_mgr.o
                0x00012ca4                _Z16drawBooleanLabelP8MenuItemih
 .text._Z33drawSlider_type_BASIC_value_labelP8MenuItemih
                0x00012f08      0x284 menu_mgr.o
                0x00012f08                _Z33drawSlider_type_BASIC_value_labelP8MenuItemih
 .text._Z15drawRGBselectorP8MenuItemh
                0x0001318c      0x3a0 menu_mgr.o
                0x0001318c                _Z15drawRGBselectorP8MenuItemh
 .text._Z21drawCustomValueSliderP8MenuItemh
                0x0001352c      0x5be menu_mgr.o
                0x0001352c                _Z21drawCustomValueSliderP8MenuItemh
 .text._Z23drawSlider_double_labelP8MenuItemih
                0x00013aea     0x1004 menu_mgr.o
                0x00013aea                _Z23drawSlider_double_labelP8MenuItemih
 .text._Z21drawSlider_tune_centsP8MenuItemih
                0x00014aee      0x2d6 menu_mgr.o
                0x00014aee                _Z21drawSlider_tune_centsP8MenuItemih
 .text._Z25drawslider_equalizer_freqP8MenuItemh
                0x00014dc4      0x2a0 menu_mgr.o
                0x00014dc4                _Z25drawslider_equalizer_freqP8MenuItemh
 .text._Z17draw_calibr_buttnP8MenuItemh
                0x00015064      0x3d2 menu_mgr.o
                0x00015064                _Z17draw_calibr_buttnP8MenuItemh
 .text._Z10draw_timerP8MenuItemh
                0x00015436      0x1f6 menu_mgr.o
                0x00015436                _Z10draw_timerP8MenuItemh
 .text._Z15draw_play_timerP8MenuItemh
                0x0001562c      0x210 menu_mgr.o
                0x0001562c                _Z15draw_play_timerP8MenuItemh
 .text._Z23draw_PLAY_FILE_selectorP8MenuItemh
                0x0001583c      0x4c8 menu_mgr.o
                0x0001583c                _Z23draw_PLAY_FILE_selectorP8MenuItemh
 .text._Z22draw_REC_FILE_selectorP8MenuItemh
                0x00015d04      0x2b4 menu_mgr.o
                0x00015d04                _Z22draw_REC_FILE_selectorP8MenuItemh
 .text._Z27draw_main_screen_backgroundP8MenuItemh
                0x00015fb8       0xe6 menu_mgr.o
                0x00015fb8                _Z27draw_main_screen_backgroundP8MenuItemh
 .text._Z19draw_theme_selectorP8MenuItemh
                0x0001609e      0x23c menu_mgr.o
                0x0001609e                _Z19draw_theme_selectorP8MenuItemh
 .text._Z19draw_style_selectorP8MenuItemh
                0x000162da      0x29a menu_mgr.o
                0x000162da                _Z19draw_style_selectorP8MenuItemh
 .text._Z22draw_mem_bank_selectorP8MenuItemh
                0x00016574      0x25a menu_mgr.o
                0x00016574                _Z22draw_mem_bank_selectorP8MenuItemh
 .text._Z18draw_hist_selectorP8MenuItemh
                0x000167ce      0x3b0 menu_mgr.o
                0x000167ce                _Z18draw_hist_selectorP8MenuItemh
 .text._Z18draw_tone_selectorP8MenuItemh
                0x00016b7e      0x350 menu_mgr.o
                0x00016b7e                _Z18draw_tone_selectorP8MenuItemh
 .text._Z21draw_FILE_SD_selectorP8MenuItemh
                0x00016ece      0x4b4 menu_mgr.o
                0x00016ece                _Z21draw_FILE_SD_selectorP8MenuItemh
 .text._Z27draw_FILE_INTERNAL_selectorP8MenuItemh
                0x00017382      0x314 menu_mgr.o
                0x00017382                _Z27draw_FILE_INTERNAL_selectorP8MenuItemh
 .text._Z9draw_textii6StringS_hh
                0x00017696      0x14c menu_mgr.o
                0x00017696                _Z9draw_textii6StringS_hh
 .text._ZN8menu_mgr19send_startup_reverbEhh
                0x000177e2      0x158 menu_mgr.o
                0x000177e2                _ZN8menu_mgr19send_startup_reverbEhh
 .text._ZN8menu_mgr12resend_notesEv
                0x0001793a       0xc2 menu_mgr.o
                0x0001793a                _ZN8menu_mgr12resend_notesEv
 .text._ZN8menu_mgr24resend_notes_with_on_offEv
                0x000179fc      0x116 menu_mgr.o
                0x000179fc                _ZN8menu_mgr24resend_notes_with_on_offEv
 .text.startup._GLOBAL__sub_I_myGLCD
                0x00017b12      0x618 menu_mgr.o
 .text._ZN8menu_mgr9menu_initEv
                0x0001812a      0xc00 menu_mgr.o
                0x0001812a                _ZN8menu_mgr9menu_initEv
 .text._Z13drawLabelInfoP8MenuItemih
                0x00018d2a      0x356 menu_mgr.o
                0x00018d2a                _Z13drawLabelInfoP8MenuItemih
 .text._Z32drawSlider_negative_single_labelP8MenuItemih
                0x00019080      0x338 menu_mgr.o
                0x00019080                _Z32drawSlider_negative_single_labelP8MenuItemih
 .text._ZN8menu_mgr19quick_fix_TRANSPOSEEh
                0x000193b8       0x3e menu_mgr.o
                0x000193b8                _ZN8menu_mgr19quick_fix_TRANSPOSEEh
 .text._Z15draw_PLAY_buttnP8MenuItemh
                0x000193f6      0x436 menu_mgr.o
                0x000193f6                _Z15draw_PLAY_buttnP8MenuItemh
 .text._Z14drawButtonMenuP4Menui
                0x0001982c      0x420 menu_mgr.o
                0x0001982c                _Z14drawButtonMenuP4Menui
 .text._Z20on_menu_draw_enabledP4Menu
                0x00019c4c        0x6 menu_mgr.o
                0x00019c4c                _Z20on_menu_draw_enabledP4Menu
 .text._Z16on_menu_selectedP4Menuh
                0x00019c52      0x228 menu_mgr.o
                0x00019c52                _Z16on_menu_selectedP4Menuh
 .text._Z25drawslider_equalizer_gainP8MenuItemh
                0x00019e7a     0x15ee menu_mgr.o
                0x00019e7a                _Z25drawslider_equalizer_gainP8MenuItemh
 .text._Z24draw_SAVE_BUTTN_selectorP8MenuItemh
                0x0001b468      0x49a menu_mgr.o
                0x0001b468                _Z24draw_SAVE_BUTTN_selectorP8MenuItemh
 .text._Z24draw_LOAD_BUTTN_selectorP8MenuItemh
                0x0001b902      0x56a menu_mgr.o
                0x0001b902                _Z24draw_LOAD_BUTTN_selectorP8MenuItemh
 .text._ZN8menu_mgr12check_reverbE6Stringh
                0x0001be6c      0x518 menu_mgr.o
                0x0001be6c                _ZN8menu_mgr12check_reverbE6Stringh
 .text._Z22drawslider_equalizer_QP8MenuItemh
                0x0001c384      0x5f6 menu_mgr.o
                0x0001c384                _Z22drawslider_equalizer_QP8MenuItemh
 .text._Z17draw_RECORD_buttnP8MenuItemh
                0x0001c97a      0x404 menu_mgr.o
                0x0001c97a                _Z17draw_RECORD_buttnP8MenuItemh
 .text._Z18draw_stop_selectorP8MenuItemh
                0x0001cd7e      0x3ce menu_mgr.o
                0x0001cd7e                _Z18draw_stop_selectorP8MenuItemh
 .text._Z14call_item_modeP8MenuItemh
                0x0001d14c      0x38c menu_mgr.o
                0x0001d14c                _Z14call_item_modeP8MenuItemh
 .text._Z21on_item_draw_disabledP8MenuItem
                0x0001d4d8      0x398 menu_mgr.o
                0x0001d4d8                _Z21on_item_draw_disabledP8MenuItem
 .text._Z13on_item_clearP8MenuItem
                0x0001d870      0x398 menu_mgr.o
                0x0001d870                _Z13on_item_clearP8MenuItem
 .text._Z20on_item_draw_enabledP8MenuItem
                0x0001dc08      0x39a menu_mgr.o
                0x0001dc08                _Z20on_item_draw_enabledP8MenuItem
 .text._Z14on_item_selectP8MenuItemh
                0x0001dfa2      0x3bc menu_mgr.o
                0x0001dfa2                _Z14on_item_selectP8MenuItemh
 .text._ZN8menu_mgr12display_menuEv
                0x0001e35e      0xd48 menu_mgr.o
                0x0001e35e                _ZN8menu_mgr12display_menuEv
 .text._ZN12Midifile_cmdC2Ev
                0x0001f0a6        0x8 Midifile_cmd.o
                0x0001f0a6                _ZN12Midifile_cmdC2Ev
                0x0001f0a6                _ZN12Midifile_cmdC1Ev
 .text._ZN12Midifile_cmdD2Ev
                0x0001f0ae        0x4 Midifile_cmd.o
                0x0001f0ae                _ZN12Midifile_cmdD1Ev